oracle: watchlist-poc/parallel.oracle.test.mjs against main (3a4f0d4)
node:internal/modules/esm/resolve:274
    throw new ERR_MODULE_NOT_FOUND(
          ^

Error [ERR_MODULE_NOT_FOUND]: Cannot find module '/tmp/tmp.Lpjkl2LkOi/wt/src/indicators/daysWithDelay.mjs' imported from /tmp/tmp.Lpjkl2LkOi/wt/oracle/parallel.oracle.test.mjs
    at finalizeResolution (node:internal/modules/esm/resolve:274:11)
    at moduleResolve (node:internal/modules/esm/resolve:859:10)
    at defaultResolve (node:internal/modules/esm/resolve:983:11)
    at #cachedDefaultResolve (node:internal/modules/esm/loader:731:20)
    at ModuleLoader.resolve (node:internal/modules/esm/loader:708:38)
    at ModuleLoader.getModuleJobForImport (node:internal/modules/esm/loader:310:38)
    at ModuleJob._link (node:internal/modules/esm/module_job:182:49) {
  code: 'ERR_MODULE_NOT_FOUND',
  url: 'file:///tmp/tmp.Lpjkl2LkOi/wt/src/indicators/daysWithDelay.mjs'
}

Node.js v22.22.0
✖ oracle/parallel.oracle.test.mjs (73.717018ms)
ℹ tests 1
ℹ suites 0
ℹ pass 0
ℹ fail 1
ℹ cancelled 0
ℹ skipped 0
ℹ todo 0
ℹ duration_ms 83.469131

✖ failing tests:

test at oracle/parallel.oracle.test.mjs:1:1
✖ oracle/parallel.oracle.test.mjs (73.717018ms)
  'test failed'
