# qa_verify: node --test test/integration/indicators/*.test.mjs
TAP version 13
# Subtest: AC-7: (BBB+, BBB) -> WL 1
ok 1 - AC-7: (BBB+, BBB) -> WL 1
  ---
  duration_ms: 4.02249
  type: 'test'
  ...
# Subtest: AC-7: (BBB+, BBB-) -> WL 2
ok 2 - AC-7: (BBB+, BBB-) -> WL 2
  ---
  duration_ms: 0.267384
  type: 'test'
  ...
# Subtest: AC-7: (BBB+, BB+) -> WL 2
ok 3 - AC-7: (BBB+, BB+) -> WL 2
  ---
  duration_ms: 0.23619
  type: 'test'
  ...
# Subtest: AC-7: (AAA, CCC-) -> WL 2
ok 4 - AC-7: (AAA, CCC-) -> WL 2
  ---
  duration_ms: 0.1572
  type: 'test'
  ...
# Subtest: AC-7: (BBB, BBB+) -> WL 0
ok 5 - AC-7: (BBB, BBB+) -> WL 0
  ---
  duration_ms: 0.30962
  type: 'test'
  ...
# Subtest: AC-7: (CCC-, AAA) -> WL 0
ok 6 - AC-7: (CCC-, AAA) -> WL 0
  ---
  duration_ms: 0.362797
  type: 'test'
  ...
# Subtest: AC-7: (A, A) -> WL 0
ok 7 - AC-7: (A, A) -> WL 0
  ---
  duration_ms: 0.254937
  type: 'test'
  ...
# Subtest: AC-7: (CCC-, CCC-) -> WL 0
ok 8 - AC-7: (CCC-, CCC-) -> WL 0
  ---
  duration_ms: 0.148134
  type: 'test'
  ...
# Subtest: AC-7: (AAA, AAA) -> WL 0
ok 9 - AC-7: (AAA, AAA) -> WL 0
  ---
  duration_ms: 0.53102
  type: 'test'
  ...
# Subtest: AC-7: (CCC+, CCC-) -> WL 2
ok 10 - AC-7: (CCC+, CCC-) -> WL 2
  ---
  duration_ms: 0.6415
  type: 'test'
  ...
# Subtest: AC-7: (CCC, CCC-) -> WL 1
ok 11 - AC-7: (CCC, CCC-) -> WL 1
  ---
  duration_ms: 0.28538
  type: 'test'
  ...
# Subtest: AC-7: threshold boundary -1/0/+1/+2/+3/-18 notches map to 0/0/1/2/2/0
ok 12 - AC-7: threshold boundary -1/0/+1/+2/+3/-18 notches map to 0/0/1/2/2/0
  ---
  duration_ms: 0.183977
  type: 'test'
  ...
# Subtest: AC-7 / AC-10: all 361 pairs follow notchChange (>=2 -> 2, 1 -> 1, else 0), integer in [0, 2]
ok 13 - AC-7 / AC-10: all 361 pairs follow notchChange (>=2 -> 2, 1 -> 1, else 0), integer in [0, 2]
  ---
  duration_ms: 1.048439
  type: 'test'
  ...
# Subtest: AC-7: WL 3 and WL 4 are never returned over all pairs
ok 14 - AC-7: WL 3 and WL 4 are never returned over all pairs
  ---
  duration_ms: 2.736276
  type: 'test'
  ...
# Subtest: AC-3: ' bbb+' -> 'BBB\\n' is WL 1 (case and whitespace normalised)
ok 15 - AC-3: ' bbb+' -> 'BBB\\n' is WL 1 (case and whitespace normalised)
  ---
  duration_ms: 0.163404
  type: 'test'
  ...
# Subtest: AC-3: ' bbb+' -> BOM + 'bb+' is WL 2 (BOM is trimmed)
ok 16 - AC-3: ' bbb+' -> BOM + 'bb+' is WL 2 (BOM is trimmed)
  ---
  duration_ms: 0.19039
  type: 'test'
  ...
# Subtest: AC-3: tabs, NBSP and em space around a rating are accepted
ok 17 - AC-3: tabs, NBSP and em space around a rating are accepted
  ---
  duration_ms: 0.115588
  type: 'test'
  ...
# Subtest: AC-4: "" as previous (current "BBB") throws RangeError
ok 18 - AC-4: "" as previous (current "BBB") throws RangeError
  ---
  duration_ms: 0.550415
  type: 'test'
  ...
# Subtest: AC-4: "" as current (previous "BBB") throws RangeError
ok 19 - AC-4: "" as current (previous "BBB") throws RangeError
  ---
  duration_ms: 0.260132
  type: 'test'
  ...
# Subtest: AC-4: "   " as previous (current "BBB") throws RangeError
ok 20 - AC-4: "   " as previous (current "BBB") throws RangeError
  ---
  duration_ms: 0.10899
  type: 'test'
  ...
# Subtest: AC-4: "   " as current (previous "BBB") throws RangeError
ok 21 - AC-4: "   " as current (previous "BBB") throws RangeError
  ---
  duration_ms: 0.090625
  type: 'test'
  ...
# Subtest: AC-4: " " as previous (current "BBB") throws RangeError
ok 22 - AC-4: " " as previous (current "BBB") throws RangeError
  ---
  duration_ms: 0.090621
  type: 'test'
  ...
# Subtest: AC-4: " " as current (previous "BBB") throws RangeError
ok 23 - AC-4: " " as current (previous "BBB") throws RangeError
  ---
  duration_ms: 0.078143
  type: 'test'
  ...
# Subtest: AC-4: "BBB +" as previous (current "BBB") throws RangeError
ok 24 - AC-4: "BBB +" as previous (current "BBB") throws RangeError
  ---
  duration_ms: 0.072762
  type: 'test'
  ...
# Subtest: AC-4: "BBB +" as current (previous "BBB") throws RangeError
ok 25 - AC-4: "BBB +" as current (previous "BBB") throws RangeError
  ---
  duration_ms: 0.092457
  type: 'test'
  ...
# Subtest: AC-4: "B BB+" as previous (current "BBB") throws RangeError
ok 26 - AC-4: "B BB+" as previous (current "BBB") throws RangeError
  ---
  duration_ms: 0.250372
  type: 'test'
  ...
# Subtest: AC-4: "B BB+" as current (previous "BBB") throws RangeError
ok 27 - AC-4: "B BB+" as current (previous "BBB") throws RangeError
  ---
  duration_ms: 0.094008
  type: 'test'
  ...
# Subtest: AC-4: "BB B" as previous (current "BBB") throws RangeError
ok 28 - AC-4: "BB B" as previous (current "BBB") throws RangeError
  ---
  duration_ms: 0.069255
  type: 'test'
  ...
# Subtest: AC-4: "BB B" as current (previous "BBB") throws RangeError
ok 29 - AC-4: "BB B" as current (previous "BBB") throws RangeError
  ---
  duration_ms: 0.094193
  type: 'test'
  ...
# Subtest: AC-4: "AAA+" as previous (current "BBB") throws RangeError
ok 30 - AC-4: "AAA+" as previous (current "BBB") throws RangeError
  ---
  duration_ms: 0.06678
  type: 'test'
  ...
# Subtest: AC-4: "AAA+" as current (previous "BBB") throws RangeError
ok 31 - AC-4: "AAA+" as current (previous "BBB") throws RangeError
  ---
  duration_ms: 0.0661
  type: 'test'
  ...
# Subtest: AC-4: "CCC--" as previous (current "BBB") throws RangeError
ok 32 - AC-4: "CCC--" as previous (current "BBB") throws RangeError
  ---
  duration_ms: 0.164039
  type: 'test'
  ...
# Subtest: AC-4: "CCC--" as current (previous "BBB") throws RangeError
ok 33 - AC-4: "CCC--" as current (previous "BBB") throws RangeError
  ---
  duration_ms: 0.076447
  type: 'test'
  ...
# Subtest: AC-4: "BBB++" as previous (current "BBB") throws RangeError
ok 34 - AC-4: "BBB++" as previous (current "BBB") throws RangeError
  ---
  duration_ms: 0.082888
  type: 'test'
  ...
# Subtest: AC-4: "BBB++" as current (previous "BBB") throws RangeError
ok 35 - AC-4: "BBB++" as current (previous "BBB") throws RangeError
  ---
  duration_ms: 0.150748
  type: 'test'
  ...
# Subtest: AC-4: "D" as previous (current "BBB") throws RangeError
ok 36 - AC-4: "D" as previous (current "BBB") throws RangeError
  ---
  duration_ms: 0.085601
  type: 'test'
  ...
# Subtest: AC-4: "D" as current (previous "BBB") throws RangeError
ok 37 - AC-4: "D" as current (previous "BBB") throws RangeError
  ---
  duration_ms: 0.141354
  type: 'test'
  ...
# Subtest: AC-4: "SD" as previous (current "BBB") throws RangeError
ok 38 - AC-4: "SD" as previous (current "BBB") throws RangeError
  ---
  duration_ms: 0.140028
  type: 'test'
  ...
# Subtest: AC-4: "SD" as current (previous "BBB") throws RangeError
ok 39 - AC-4: "SD" as current (previous "BBB") throws RangeError
  ---
  duration_ms: 0.076209
  type: 'test'
  ...
# Subtest: AC-4: "NR" as previous (current "BBB") throws RangeError
ok 40 - AC-4: "NR" as previous (current "BBB") throws RangeError
  ---
  duration_ms: 0.067843
  type: 'test'
  ...
# Subtest: AC-4: "NR" as current (previous "BBB") throws RangeError
ok 41 - AC-4: "NR" as current (previous "BBB") throws RangeError
  ---
  duration_ms: 0.06796
  type: 'test'
  ...
# Subtest: AC-4: "Baa1" as previous (current "BBB") throws RangeError
ok 42 - AC-4: "Baa1" as previous (current "BBB") throws RangeError
  ---
  duration_ms: 0.11146
  type: 'test'
  ...
# Subtest: AC-4: "Baa1" as current (previous "BBB") throws RangeError
ok 43 - AC-4: "Baa1" as current (previous "BBB") throws RangeError
  ---
  duration_ms: 0.079949
  type: 'test'
  ...
# Subtest: AC-4: "BBB−" as previous (current "BBB") throws RangeError
ok 44 - AC-4: "BBB−" as previous (current "BBB") throws RangeError
  ---
  duration_ms: 0.087224
  type: 'test'
  ...
# Subtest: AC-4: "BBB−" as current (previous "BBB") throws RangeError
ok 45 - AC-4: "BBB−" as current (previous "BBB") throws RangeError
  ---
  duration_ms: 0.073048
  type: 'test'
  ...
# Subtest: AC-4: "ＢＢＢ" as previous (current "BBB") throws RangeError
ok 46 - AC-4: "ＢＢＢ" as previous (current "BBB") throws RangeError
  ---
  duration_ms: 0.10229
  type: 'test'
  ...
# Subtest: AC-4: "ＢＢＢ" as current (previous "BBB") throws RangeError
ok 47 - AC-4: "ＢＢＢ" as current (previous "BBB") throws RangeError
  ---
  duration_ms: 0.070098
  type: 'test'
  ...
# Subtest: AC-4: "​BBB" as previous (current "BBB") throws RangeError
ok 48 - AC-4: "​BBB" as previous (current "BBB") throws RangeError
  ---
  duration_ms: 0.065717
  type: 'test'
  ...
# Subtest: AC-4: "​BBB" as current (previous "BBB") throws RangeError
ok 49 - AC-4: "​BBB" as current (previous "BBB") throws RangeError
  ---
  duration_ms: 0.070251
  type: 'test'
  ...
# Subtest: AC-4: null as previous (current "BBB") throws RangeError
ok 50 - AC-4: null as previous (current "BBB") throws RangeError
  ---
  duration_ms: 0.129474
  type: 'test'
  ...
# Subtest: AC-4: null as current (previous "BBB") throws RangeError
ok 51 - AC-4: null as current (previous "BBB") throws RangeError
  ---
  duration_ms: 0.128518
  type: 'test'
  ...
# Subtest: AC-4: undefined as previous (current "BBB") throws RangeError
ok 52 - AC-4: undefined as previous (current "BBB") throws RangeError
  ---
  duration_ms: 0.098513
  type: 'test'
  ...
# Subtest: AC-4: undefined as current (previous "BBB") throws RangeError
ok 53 - AC-4: undefined as current (previous "BBB") throws RangeError
  ---
  duration_ms: 0.088267
  type: 'test'
  ...
# Subtest: AC-4: 7 as previous (current "BBB") throws RangeError
ok 54 - AC-4: 7 as previous (current "BBB") throws RangeError
  ---
  duration_ms: 0.083263
  type: 'test'
  ...
# Subtest: AC-4: 7 as current (previous "BBB") throws RangeError
ok 55 - AC-4: 7 as current (previous "BBB") throws RangeError
  ---
  duration_ms: 0.120338
  type: 'test'
  ...
# Subtest: AC-4: {} as previous (current "BBB") throws RangeError
ok 56 - AC-4: {} as previous (current "BBB") throws RangeError
  ---
  duration_ms: 0.07781
  type: 'test'
  ...
# Subtest: AC-4: {} as current (previous "BBB") throws RangeError
ok 57 - AC-4: {} as current (previous "BBB") throws RangeError
  ---
  duration_ms: 0.084128
  type: 'test'
  ...
# Subtest: AC-4: ["BBB"] as previous (current "BBB") throws RangeError
ok 58 - AC-4: ["BBB"] as previous (current "BBB") throws RangeError
  ---
  duration_ms: 0.07866
  type: 'test'
  ...
# Subtest: AC-4: ["BBB"] as current (previous "BBB") throws RangeError
ok 59 - AC-4: ["BBB"] as current (previous "BBB") throws RangeError
  ---
  duration_ms: 0.093492
  type: 'test'
  ...
# Subtest: AC-4: new String("BBB") as previous (current "BBB") throws RangeError
ok 60 - AC-4: new String("BBB") as previous (current "BBB") throws RangeError
  ---
  duration_ms: 0.105493
  type: 'test'
  ...
# Subtest: AC-4: new String("BBB") as current (previous "BBB") throws RangeError
ok 61 - AC-4: new String("BBB") as current (previous "BBB") throws RangeError
  ---
  duration_ms: 0.065522
  type: 'test'
  ...
# Subtest: AC-4: the argument left out throws RangeError (previous, current, both)
ok 62 - AC-4: the argument left out throws RangeError (previous, current, both)
  ---
  duration_ms: 0.155626
  type: 'test'
  ...
# Subtest: AC-4: both invalid ('XYZ', 'QQQ') throws RangeError
ok 63 - AC-4: both invalid ('XYZ', 'QQQ') throws RangeError
  ---
  duration_ms: 0.073868
  type: 'test'
  ...
# Subtest: AC-4: non-strings throw RangeError, not TypeError
ok 64 - AC-4: non-strings throw RangeError, not TypeError
  ---
  duration_ms: 0.237588
  type: 'test'
  ...
# Subtest: AC-4: errors are thrown synchronously, not returned as a Promise or fallback value
ok 65 - AC-4: errors are thrown synchronously, not returned as a Promise or fallback value
  ---
  duration_ms: 0.088059
  type: 'test'
  ...
# Subtest: AC-4: validation comes from notchChange (same error type for the same input)
ok 66 - AC-4: validation comes from notchChange (same error type for the same input)
  ---
  duration_ms: 0.711263
  type: 'test'
  ...
# Subtest: AC-8 / C6: BBB+ -> BBB is calculator wl 0 but Indicator 12 WL 1 (the difference is intended)
ok 67 - AC-8 / C6: BBB+ -> BBB is calculator wl 0 but Indicator 12 WL 1 (the difference is intended)
  ---
  duration_ms: 0.185333
  type: 'test'
  ...
# Subtest: AC-9 / C7: countryRatingChangeWl takes exactly two parameters
ok 68 - AC-9 / C7: countryRatingChangeWl takes exactly two parameters
  ---
  duration_ms: 0.082971
  type: 'test'
  ...
# Subtest: AC-9 / C7: no stored state - BBB+/BBB, then BBB+/BB+, then BBB+/BBB again gives 1, 2, 1
ok 69 - AC-9 / C7: no stored state - BBB+/BBB, then BBB+/BB+, then BBB+/BBB again gives 1, 2, 1
  ---
  duration_ms: 0.097382
  type: 'test'
  ...
# Subtest: AC-9 / C7: a failed call does not poison later calls
ok 70 - AC-9 / C7: a failed call does not poison later calls
  ---
  duration_ms: 0.10467
  type: 'test'
  ...
# Subtest: AC-9 / C7: no override - a third argument does not change the result
ok 71 - AC-9 / C7: no override - a third argument does not change the result
  ---
  duration_ms: 0.071232
  type: 'test'
  ...
# Subtest: AC-10: the source has exactly one static import, notchChange from ../ratings/notch.mjs
ok 72 - AC-10: the source has exactly one static import, notchChange from ../ratings/notch.mjs
  ---
  duration_ms: 0.463202
  type: 'test'
  ...
# Subtest: AC-10: the source has no quoted literal of the rating list ('BBB+' / 'CCC-')
ok 73 - AC-10: the source has no quoted literal of the rating list ('BBB+' / 'CCC-')
  ---
  duration_ms: 0.202643
  type: 'test'
  ...
# Subtest: AC-10: the source uses notchChange for the calculation
ok 74 - AC-10: the source uses notchChange for the calculation
  ---
  duration_ms: 0.147003
  type: 'test'
  ...
# Subtest: AC-11: exports countryRatingChangeWl only (no externalRatingChangeWl, no default)
ok 75 - AC-11: exports countryRatingChangeWl only (no externalRatingChangeWl, no default)
  ---
  duration_ms: 0.099759
  type: 'test'
  ...
# Subtest: AC-11: the source has no externalRatingChangeWl, node:, fs, http, require(, import(, console., process.
ok 76 - AC-11: the source has no externalRatingChangeWl, node:, fs, http, require(, import(, console., process.
  ---
  duration_ms: 0.158212
  type: 'test'
  ...
# Subtest: AC-11: countryRatingChangeWl is synchronous and returns a number, not a Promise
ok 77 - AC-11: countryRatingChangeWl is synchronous and returns a number, not a Promise
  ---
  duration_ms: 0.111091
  type: 'test'
  ...
# Subtest: AC-11: package.json has no dependencies or devDependencies
ok 78 - AC-11: package.json has no dependencies or devDependencies
  ---
  duration_ms: 0.198087
  type: 'test'
  ...
# Subtest: AC-11: importing the module has no side effects on stdout/stderr
ok 79 - AC-11: importing the module has no side effects on stdout/stderr
  ---
  duration_ms: 36.119872
  type: 'test'
  ...
# Subtest: AC-12: `node --test` from the repository root exits 0 and runs both unit test files
ok 80 - AC-12: `node --test` from the repository root exits 0 and runs both unit test files
  ---
  duration_ms: 381.738315
  type: 'test'
  ...
# Subtest: AC-12: the unit test files exist and use node:test and node:assert/strict
ok 81 - AC-12: the unit test files exist and use node:test and node:assert/strict
  ---
  duration_ms: 0.68131
  type: 'test'
  ...
1..81
# tests 81
# suites 0
# pass 81
# fail 0
# cancelled 0
# skipped 0
# todo 0
# duration_ms 559.869749
