# gate: T-02  attempt: 1  2026-10-04T18:11:02Z
ok    on job/JOB-20261004-1754-notch-calculator-and-country-rat--T-02
ok    working tree clean
ok    1 commit(s)
ok    all changes within scope ["src/indicators/countryRating.mjs","test/indicators/countryRating.test.mjs"] (+ QA tests ["test/integration/indicators/**"])
ok    QA tests untouched by the dev
ok    no AI attribution in commits
----- verify: node --test test/indicators/countryRating.test.mjs
TAP version 13
# Subtest: downgrades: 1 notch gives WL 1, 2 or more notches give WL 2
ok 1 - downgrades: 1 notch gives WL 1, 2 or more notches give WL 2
  ---
  duration_ms: 1.097463
  type: 'test'
  ...
# Subtest: Indicator 12 differs on purpose from notchCalculator for (BBB+, BBB)
ok 2 - Indicator 12 differs on purpose from notchCalculator for (BBB+, BBB)
  ---
  duration_ms: 0.28949
  type: 'test'
  ...
# Subtest: upgrades and unchanged ratings give WL 0
ok 3 - upgrades and unchanged ratings give WL 0
  ---
  duration_ms: 0.15623
  type: 'test'
  ...
# Subtest: all 361 ordered pairs follow the Indicator 12 thresholds
ok 4 - all 361 ordered pairs follow the Indicator 12 thresholds
  ---
  duration_ms: 1.51083
  type: 'test'
  ...
# Subtest: input is normalised by notchChange (case and surrounding whitespace)
ok 5 - input is normalised by notchChange (case and surrounding whitespace)
  ---
  duration_ms: 0.217527
  type: 'test'
  ...
# Subtest: invalid previous or current rating throws RangeError, never TypeError
ok 6 - invalid previous or current rating throws RangeError, never TypeError
  ---
  duration_ms: 0.86377
  type: 'test'
  ...
# Subtest: missing argument throws RangeError naming the missing argument
ok 7 - missing argument throws RangeError naming the missing argument
  ---
  duration_ms: 0.295349
  type: 'test'
  ...
# Subtest: error message names the argument and echoes the value
ok 8 - error message names the argument and echoes the value
  ---
  duration_ms: 0.211865
  type: 'test'
  ...
# Subtest: the error passes through unchanged from notchChange
ok 9 - the error passes through unchanged from notchChange
  ---
  duration_ms: 0.365657
  type: 'test'
  ...
# Subtest: pure: repeated calls agree and an edited rating just changes the result
ok 10 - pure: repeated calls agree and an edited rating just changes the result
  ---
  duration_ms: 0.482929
  type: 'test'
  ...
# Subtest: returns a plain number, never -0 or NaN
ok 11 - returns a plain number, never -0 or NaN
  ---
  duration_ms: 0.217654
  type: 'test'
  ...
# Subtest: a child process importing the module is silent and exits 0, even after a caught RangeError
ok 12 - a child process importing the module is silent and exits 0, even after a caught RangeError
  ---
  duration_ms: 36.01568
  type: 'test'
  ...
# Subtest: source: only import is notchChange from ../ratings/notch.mjs, no I/O, no output
ok 13 - source: only import is notchChange from ../ratings/notch.mjs, no I/O, no output
  ---
  duration_ms: 0.645827
  type: 'test'
  ...
# Subtest: source: does not repeat the scale or normalise input itself
ok 14 - source: does not repeat the scale or normalise input itself
  ---
  duration_ms: 0.151633
  type: 'test'
  ...
# Subtest: JSDoc names the thresholds, the difference to notchCalculator and RangeError
ok 15 - JSDoc names the thresholds, the difference to notchCalculator and RangeError
  ---
  duration_ms: 0.225102
  type: 'test'
  ...
1..15
# tests 15
# suites 0
# pass 15
# fail 0
# cancelled 0
# skipped 0
# todo 0
# duration_ms 120.702045
ok    verify passed
