# gate: T-03  attempt: 1  2026-10-04T18:09:02Z
ok    on job/JOB-20261004-1754-notch-calculator-and-country-rat--T-03
ok    working tree clean
ok    1 commit(s)
ok    all changes within scope ["src/ratings/notch.mjs","test/ratings/notch.test.mjs"] (+ QA tests ["test/integration/ratings/**"])
ok    QA tests untouched by the dev
ok    no AI attribution in commits
----- verify: node --test test/ratings/notch.test.mjs
TAP version 13
# Subtest: RATING_SCALE has the 19 ratings, best first, and is frozen
ok 1 - RATING_SCALE has the 19 ratings, best first, and is frozen
  ---
  duration_ms: 2.597238
  type: 'test'
  ...
# Subtest: RATING_SCALE cannot be mutated (strict mode)
ok 2 - RATING_SCALE cannot be mutated (strict mode)
  ---
  duration_ms: 0.718873
  type: 'test'
  ...
# Subtest: notchChange returns index(current) - index(previous)
ok 3 - notchChange returns index(current) - index(previous)
  ---
  duration_ms: 0.499507
  type: 'test'
  ...
# Subtest: notchCalculator example rows
ok 4 - notchCalculator example rows
  ---
  duration_ms: 0.720389
  type: 'test'
  ...
# Subtest: all 361 ordered pairs are consistent, with the expected control totals
ok 5 - all 361 ordered pairs are consistent, with the expected control totals
  ---
  duration_ms: 3.44595
  type: 'test'
  ...
# Subtest: input is trimmed and upper-cased
ok 6 - input is trimmed and upper-cased
  ---
  duration_ms: 0.262184
  type: 'test'
  ...
# Subtest: invalid input throws RangeError (never TypeError) in either position
ok 7 - invalid input throws RangeError (never TypeError) in either position
  ---
  duration_ms: 1.752849
  type: 'test'
  ...
# Subtest: building the error message never throws, even for hostile values
ok 8 - building the error message never throws, even for hostile values
  ---
  duration_ms: 0.802843
  type: 'test'
  ...
# Subtest: a missing argument reports current
ok 9 - a missing argument reports current
  ---
  duration_ms: 0.770335
  type: 'test'
  ...
# Subtest: error message names the argument and echoes the value
ok 10 - error message names the argument and echoes the value
  ---
  duration_ms: 0.815518
  type: 'test'
  ...
# Subtest: both invalid names previous, not current
ok 11 - both invalid names previous, not current
  ---
  duration_ms: 0.303965
  type: 'test'
  ...
# Subtest: same arguments give equal results, each a fresh object; no state kept
ok 12 - same arguments give equal results, each a fresh object; no state kept
  ---
  duration_ms: 0.254955
  type: 'test'
  ...
# Subtest: module is silent in a child process, including a caught RangeError
ok 13 - module is silent in a child process, including a caught RangeError
  ---
  duration_ms: 38.660281
  type: 'test'
  ...
# Subtest: source is pure: no module imports, no output calls, ESM exports only
ok 14 - source is pure: no module imports, no output calls, ESM exports only
  ---
  duration_ms: 0.737964
  type: 'test'
  ...
# Subtest: package.json declares no dependencies
ok 15 - package.json declares no dependencies
  ---
  duration_ms: 0.393265
  type: 'test'
  ...
1..15
# tests 15
# suites 0
# pass 15
# fail 0
# cancelled 0
# skipped 0
# todo 0
# duration_ms 145.635434
ok    verify passed
