oracle: watchlist-poc/watchlist.oracle.test.mjs against main (b75dd12)
node:internal/modules/esm/resolve:274
    throw new ERR_MODULE_NOT_FOUND(
          ^

Error [ERR_MODULE_NOT_FOUND]: Cannot find module '/tmp/tmp.tbAq1fzow5/wt/src/ratings/notch.mjs' imported from /tmp/tmp.tbAq1fzow5/wt/oracle/watchlist.oracle.test.mjs
    at finalizeResolution (node:internal/modules/esm/resolve:274:11)
    at moduleResolve (node:internal/modules/esm/resolve:859:10)
    at defaultResolve (node:internal/modules/esm/resolve:983:11)
    at #cachedDefaultResolve (node:internal/modules/esm/loader:731:20)
    at ModuleLoader.resolve (node:internal/modules/esm/loader:708:38)
    at ModuleLoader.getModuleJobForImport (node:internal/modules/esm/loader:310:38)
    at ModuleJob._link (node:internal/modules/esm/module_job:182:49) {
  code: 'ERR_MODULE_NOT_FOUND',
  url: 'file:///tmp/tmp.tbAq1fzow5/wt/src/ratings/notch.mjs'
}

Node.js v22.22.0
✖ oracle/watchlist.oracle.test.mjs (76.665002ms)
ℹ tests 1
ℹ suites 0
ℹ pass 0
ℹ fail 1
ℹ cancelled 0
ℹ skipped 0
ℹ todo 0
ℹ duration_ms 86.351888

✖ failing tests:

test at oracle/watchlist.oracle.test.mjs:1:1
✖ oracle/watchlist.oracle.test.mjs (76.665002ms)
  'test failed'
