# qa_verify: node --test test/ratings/integration/*.test.mjs
TAP version 13
# Subtest: AC-1: RATING_SCALE is exported as immutable array of 19 ratings in order
ok 1 - AC-1: RATING_SCALE is exported as immutable array of 19 ratings in order
  ---
  duration_ms: 4.239112
  type: 'test'
  ...
# Subtest: AC-2: notchChange returns index difference for valid ratings
ok 2 - AC-2: notchChange returns index difference for valid ratings
  ---
  duration_ms: 0.489129
  type: 'test'
  ...
# Subtest: AC-3: Downgrade (worse rating) returns positive integer
ok 3 - AC-3: Downgrade (worse rating) returns positive integer
  ---
  duration_ms: 0.283555
  type: 'test'
  ...
# Subtest: AC-4: Upgrade (better rating) returns negative integer
ok 4 - AC-4: Upgrade (better rating) returns negative integer
  ---
  duration_ms: 0.173256
  type: 'test'
  ...
# Subtest: AC-5: Same rating returns exactly 0
ok 5 - AC-5: Same rating returns exactly 0
  ---
  duration_ms: 0.241217
  type: 'test'
  ...
# Subtest: AC-6: Leading and trailing whitespace is trimmed
ok 6 - AC-6: Leading and trailing whitespace is trimmed
  ---
  duration_ms: 0.158478
  type: 'test'
  ...
# Subtest: AC-7: Case-insensitive input normalization
ok 7 - AC-7: Case-insensitive input normalization
  ---
  duration_ms: 0.250482
  type: 'test'
  ...
# Subtest: AC-8: Unknown rating throws RangeError
ok 8 - AC-8: Unknown rating throws RangeError
  ---
  duration_ms: 0.573358
  type: 'test'
  ...
# Subtest: AC-9: Empty string (before or after trim) throws RangeError
ok 9 - AC-9: Empty string (before or after trim) throws RangeError
  ---
  duration_ms: 0.549451
  type: 'test'
  ...
# Subtest: AC-10: Non-string primitives throw RangeError
ok 10 - AC-10: Non-string primitives throw RangeError
  ---
  duration_ms: 1.005164
  type: 'test'
  ...
# Subtest: AC-11: String objects (not primitive strings) throw RangeError
ok 11 - AC-11: String objects (not primitive strings) throw RangeError
  ---
  duration_ms: 0.376464
  type: 'test'
  ...
# Subtest: Edge case: Maximum downgrade (AAA to CCC-)
ok 12 - Edge case: Maximum downgrade (AAA to CCC-)
  ---
  duration_ms: 0.137681
  type: 'test'
  ...
# Subtest: Edge case: Maximum upgrade (CCC- to AAA)
ok 13 - Edge case: Maximum upgrade (CCC- to AAA)
  ---
  duration_ms: 0.096832
  type: 'test'
  ...
# Subtest: Edge case: Adjacent downgrade (AAA to AA+)
ok 14 - Edge case: Adjacent downgrade (AAA to AA+)
  ---
  duration_ms: 0.089135
  type: 'test'
  ...
# Subtest: Edge case: Adjacent upgrade (AA+ to AAA)
ok 15 - Edge case: Adjacent upgrade (AA+ to AAA)
  ---
  duration_ms: 0.082926
  type: 'test'
  ...
# Subtest: Edge case: Last two ratings
ok 16 - Edge case: Last two ratings
  ---
  duration_ms: 0.097985
  type: 'test'
  ...
# Subtest: Comprehensive test data: All spec examples
ok 17 - Comprehensive test data: All spec examples
  ---
  duration_ms: 0.246249
  type: 'test'
  ...
# Subtest: Comprehensive error cases from spec
ok 18 - Comprehensive error cases from spec
  ---
  duration_ms: 0.391617
  type: 'test'
  ...
1..18
# tests 18
# suites 0
# pass 18
# fail 0
# cancelled 0
# skipped 0
# todo 0
# duration_ms 180.504191
