# gate: T-01  attempt: 1  2026-10-05T07:11:36Z
ok    on job/JOB-20261005-0700-rating-notch-change--T-01
ok    working tree clean
ok    1 commit(s)
ok    all changes within scope ["src/ratings/notch.mjs","test/ratings/notch.test.mjs"] (+ QA tests ["test/ratings/integration/**"])
ok    QA tests untouched by the dev
ok    no AI attribution in commits
----- verify: node --test test/ratings/notch.test.mjs
TAP version 13
# Subtest: AC-1 RATING_SCALE has 19 unique ratings in order
ok 1 - AC-1 RATING_SCALE has 19 unique ratings in order
  ---
  duration_ms: 2.087368
  type: 'test'
  ...
# Subtest: AC-2/3 downgrade is positive
ok 2 - AC-2/3 downgrade is positive
  ---
  duration_ms: 0.688944
  type: 'test'
  ...
# Subtest: AC-4 upgrade is negative
ok 3 - AC-4 upgrade is negative
  ---
  duration_ms: 0.345217
  type: 'test'
  ...
# Subtest: AC-5 same rating is 0
ok 4 - AC-5 same rating is 0
  ---
  duration_ms: 0.377867
  type: 'test'
  ...
# Subtest: AC-6 trims whitespace
ok 5 - AC-6 trims whitespace
  ---
  duration_ms: 0.580348
  type: 'test'
  ...
# Subtest: AC-7 case-insensitive
ok 6 - AC-7 case-insensitive
  ---
  duration_ms: 0.294516
  type: 'test'
  ...
# Subtest: AC-8 unknown rating throws RangeError (either arg)
ok 7 - AC-8 unknown rating throws RangeError (either arg)
  ---
  duration_ms: 1.099348
  type: 'test'
  ...
# Subtest: AC-9 empty/blank string throws RangeError
ok 8 - AC-9 empty/blank string throws RangeError
  ---
  duration_ms: 0.351381
  type: 'test'
  ...
# Subtest: AC-10 non-string primitives throw RangeError
ok 9 - AC-10 non-string primitives throw RangeError
  ---
  duration_ms: 0.863608
  type: 'test'
  ...
# Subtest: AC-11 String objects throw RangeError
ok 10 - AC-11 String objects throw RangeError
  ---
  duration_ms: 0.815148
  type: 'test'
  ...
1..10
# tests 10
# suites 0
# pass 10
# fail 0
# cancelled 0
# skipped 0
# todo 0
# duration_ms 117.740854
ok    verify passed
