# gate: T-01  attempt: 1  2026-10-05T06:29:22Z
ok    on job/JOB-20261005-0619-rating-notch-change--T-01
ok    working tree clean
ok    1 commit(s)
ok    all changes within scope ["src/ratings/notch.mjs","test/ratings/notch.test.mjs"] (+ QA tests ["test/ratings/notch.integration.test.mjs"])
ok    QA tests untouched by the dev
ok    no AI attribution in commits
----- verify: node --test test/ratings/notch.test.mjs
TAP version 13
# Subtest: RATING_SCALE
    # Subtest: AC-1: RATING_SCALE structure and content
    ok 1 - AC-1: RATING_SCALE structure and content
      ---
      duration_ms: 3.461183
      type: 'test'
      ...
    # Subtest: AC-2: RATING_SCALE is frozen array
    ok 2 - AC-2: RATING_SCALE is frozen array
      ---
      duration_ms: 0.931914
      type: 'test'
      ...
    1..2
ok 1 - RATING_SCALE
  ---
  duration_ms: 5.97439
  type: 'suite'
  ...
# Subtest: notchChange - basic cases
    # Subtest: AC-3: BBB+ to BB+ returns 3
    ok 1 - AC-3: BBB+ to BB+ returns 3
      ---
      duration_ms: 0.512699
      type: 'test'
      ...
    # Subtest: AC-4: BB+ to BBB+ returns -3
    ok 2 - AC-4: BB+ to BBB+ returns -3
      ---
      duration_ms: 0.309504
      type: 'test'
      ...
    # Subtest: AC-5: same rating returns +0 (not -0)
    ok 3 - AC-5: same rating returns +0 (not -0)
      ---
      duration_ms: 0.579336
      type: 'test'
      ...
    1..3
ok 2 - notchChange - basic cases
  ---
  duration_ms: 4.926809
  type: 'suite'
  ...
# Subtest: notchChange - AC-6: neighbours and ends
    # Subtest: AAA to AA+ returns 1
    ok 1 - AAA to AA+ returns 1
      ---
      duration_ms: 0.497035
      type: 'test'
      ...
    # Subtest: AA+ to AAA returns -1
    ok 2 - AA+ to AAA returns -1
      ---
      duration_ms: 0.439703
      type: 'test'
      ...
    # Subtest: BBB- to BB+ returns 1
    ok 3 - BBB- to BB+ returns 1
      ---
      duration_ms: 0.331672
      type: 'test'
      ...
    # Subtest: BB+ to BBB- returns -1
    ok 4 - BB+ to BBB- returns -1
      ---
      duration_ms: 0.400848
      type: 'test'
      ...
    # Subtest: CCC to CCC- returns 1
    ok 5 - CCC to CCC- returns 1
      ---
      duration_ms: 0.450126
      type: 'test'
      ...
    # Subtest: AAA to CCC- returns 18
    ok 6 - AAA to CCC- returns 18
      ---
      duration_ms: 0.153668
      type: 'test'
      ...
    # Subtest: CCC- to AAA returns -18
    ok 7 - CCC- to AAA returns -18
      ---
      duration_ms: 0.12877
      type: 'test'
      ...
    1..7
ok 3 - notchChange - AC-6: neighbours and ends
  ---
  duration_ms: 3.121622
  type: 'suite'
  ...
# Subtest: notchChange - AC-7: all pairs (361)
    # Subtest: all i,j in 0..18 return j - i
    ok 1 - all i,j in 0..18 return j - i
      ---
      duration_ms: 0.754693
      type: 'test'
      ...
    # Subtest: notchChange(a, b) === -notchChange(b, a) for a !== b
    ok 2 - notchChange(a, b) === -notchChange(b, a) for a !== b
      ---
      duration_ms: 0.809934
      type: 'test'
      ...
    1..2
ok 4 - notchChange - AC-7: all pairs (361)
  ---
  duration_ms: 1.758519
  type: 'suite'
  ...
# Subtest: notchChange - AC-8: whitespace trimming
    # Subtest: trim whitespace: " BBB+ " and "BB+"
    ok 1 - trim whitespace: " BBB+ " and "BB+"
      ---
      duration_ms: 0.257689
      type: 'test'
      ...
    # Subtest: trim whitespace: "\\tBB+\\n" and "BBB+"
    ok 2 - trim whitespace: "\\tBB+\\n" and "BBB+"
      ---
      duration_ms: 0.147275
      type: 'test'
      ...
    # Subtest: trim whitespace: " A " and "A"
    ok 3 - trim whitespace: " A " and "A"
      ---
      duration_ms: 0.120158
      type: 'test'
      ...
    # Subtest: trim whitespace: "AAA" and "  CCC-\\r\\n"
    ok 4 - trim whitespace: "AAA" and "  CCC-\\r\\n"
      ---
      duration_ms: 0.13373
      type: 'test'
      ...
    1..4
ok 5 - notchChange - AC-8: whitespace trimming
  ---
  duration_ms: 0.950182
  type: 'suite'
  ...
# Subtest: notchChange - AC-9: case insensitivity
    # Subtest: case insensitive: "bbb+" and "bb+"
    ok 1 - case insensitive: "bbb+" and "bb+"
      ---
      duration_ms: 0.225613
      type: 'test'
      ...
    # Subtest: case insensitive: "Aa-" and "aa+"
    ok 2 - case insensitive: "Aa-" and "aa+"
      ---
      duration_ms: 0.100423
      type: 'test'
      ...
    # Subtest: case insensitive: "ccc-" and "aaa"
    ok 3 - case insensitive: "ccc-" and "aaa"
      ---
      duration_ms: 0.106704
      type: 'test'
      ...
    # Subtest: case insensitive: " bBb- " and "BB+"
    ok 4 - case insensitive: " bBb- " and "BB+"
      ---
      duration_ms: 0.17613
      type: 'test'
      ...
    1..4
ok 6 - notchChange - AC-9: case insensitivity
  ---
  duration_ms: 2.62337
  type: 'suite'
  ...
# Subtest: notchChange - AC-10: invalid rating strings throw RangeError
    # Subtest: previous="D" throws RangeError
    ok 1 - previous="D" throws RangeError
      ---
      duration_ms: 0.560004
      type: 'test'
      ...
    # Subtest: current="D" throws RangeError
    ok 2 - current="D" throws RangeError
      ---
      duration_ms: 0.236592
      type: 'test'
      ...
    # Subtest: previous="NR" throws RangeError
    ok 3 - previous="NR" throws RangeError
      ---
      duration_ms: 0.214308
      type: 'test'
      ...
    # Subtest: current="NR" throws RangeError
    ok 4 - current="NR" throws RangeError
      ---
      duration_ms: 0.132616
      type: 'test'
      ...
    # Subtest: previous="AAA+" throws RangeError
    ok 5 - previous="AAA+" throws RangeError
      ---
      duration_ms: 0.11965
      type: 'test'
      ...
    # Subtest: current="AAA+" throws RangeError
    ok 6 - current="AAA+" throws RangeError
      ---
      duration_ms: 0.125195
      type: 'test'
      ...
    # Subtest: previous="BB++" throws RangeError
    ok 7 - previous="BB++" throws RangeError
      ---
      duration_ms: 0.26011
      type: 'test'
      ...
    # Subtest: current="BB++" throws RangeError
    ok 8 - current="BB++" throws RangeError
      ---
      duration_ms: 0.160188
      type: 'test'
      ...
    # Subtest: previous="C" throws RangeError
    ok 9 - previous="C" throws RangeError
      ---
      duration_ms: 0.225012
      type: 'test'
      ...
    # Subtest: current="C" throws RangeError
    ok 10 - current="C" throws RangeError
      ---
      duration_ms: 0.149947
      type: 'test'
      ...
    # Subtest: previous="BBB +" throws RangeError
    ok 11 - previous="BBB +" throws RangeError
      ---
      duration_ms: 0.11971
      type: 'test'
      ...
    # Subtest: current="BBB +" throws RangeError
    ok 12 - current="BBB +" throws RangeError
      ---
      duration_ms: 0.179821
      type: 'test'
      ...
    # Subtest: previous="BBB−" throws RangeError
    ok 13 - previous="BBB−" throws RangeError
      ---
      duration_ms: 0.303442
      type: 'test'
      ...
    # Subtest: current="BBB−" throws RangeError
    ok 14 - current="BBB−" throws RangeError
      ---
      duration_ms: 0.223307
      type: 'test'
      ...
    # Subtest: previous="Baa1" throws RangeError
    ok 15 - previous="Baa1" throws RangeError
      ---
      duration_ms: 0.130461
      type: 'test'
      ...
    # Subtest: current="Baa1" throws RangeError
    ok 16 - current="Baa1" throws RangeError
      ---
      duration_ms: 0.184901
      type: 'test'
      ...
    # Subtest: previous="BBB+ (neg)" throws RangeError
    ok 17 - previous="BBB+ (neg)" throws RangeError
      ---
      duration_ms: 0.242024
      type: 'test'
      ...
    # Subtest: current="BBB+ (neg)" throws RangeError
    ok 18 - current="BBB+ (neg)" throws RangeError
      ---
      duration_ms: 0.144349
      type: 'test'
      ...
    1..18
ok 7 - notchChange - AC-10: invalid rating strings throw RangeError
  ---
  duration_ms: 4.596691
  type: 'suite'
  ...
# Subtest: notchChange - AC-11: empty and whitespace-only throw RangeError
    # Subtest: previous="" throws RangeError
    ok 1 - previous="" throws RangeError
      ---
      duration_ms: 0.45783
      type: 'test'
      ...
    # Subtest: current="" throws RangeError
    ok 2 - current="" throws RangeError
      ---
      duration_ms: 0.212449
      type: 'test'
      ...
    # Subtest: previous=" " throws RangeError
    ok 3 - previous=" " throws RangeError
      ---
      duration_ms: 0.147604
      type: 'test'
      ...
    # Subtest: current=" " throws RangeError
    ok 4 - current=" " throws RangeError
      ---
      duration_ms: 0.136953
      type: 'test'
      ...
    # Subtest: previous="\\t\\n" throws RangeError
    ok 5 - previous="\\t\\n" throws RangeError
      ---
      duration_ms: 0.149943
      type: 'test'
      ...
    # Subtest: current="\\t\\n" throws RangeError
    ok 6 - current="\\t\\n" throws RangeError
      ---
      duration_ms: 0.18932
      type: 'test'
      ...
    # Subtest: previous=" " throws RangeError
    ok 7 - previous=" " throws RangeError
      ---
      duration_ms: 0.142417
      type: 'test'
      ...
    # Subtest: current=" " throws RangeError
    ok 8 - current=" " throws RangeError
      ---
      duration_ms: 0.170335
      type: 'test'
      ...
    1..8
ok 8 - notchChange - AC-11: empty and whitespace-only throw RangeError
  ---
  duration_ms: 3.182889
  type: 'suite'
  ...
# Subtest: notchChange - AC-12: non-string types throw RangeError
    # Subtest: previous=undefined throws RangeError
    ok 1 - previous=undefined throws RangeError
      ---
      duration_ms: 0.700542
      type: 'test'
      ...
    # Subtest: current=undefined throws RangeError
    ok 2 - current=undefined throws RangeError
      ---
      duration_ms: 0.238737
      type: 'test'
      ...
    # Subtest: previous=null throws RangeError
    ok 3 - previous=null throws RangeError
      ---
      duration_ms: 0.196521
      type: 'test'
      ...
    # Subtest: current=null throws RangeError
    ok 4 - current=null throws RangeError
      ---
      duration_ms: 0.13227
      type: 'test'
      ...
    # Subtest: previous=number 0 throws RangeError
    ok 5 - previous=number 0 throws RangeError
      ---
      duration_ms: 0.165468
      type: 'test'
      ...
    # Subtest: current=number 0 throws RangeError
    ok 6 - current=number 0 throws RangeError
      ---
      duration_ms: 0.146983
      type: 'test'
      ...
    # Subtest: previous=number 7 throws RangeError
    ok 7 - previous=number 7 throws RangeError
      ---
      duration_ms: 0.155794
      type: 'test'
      ...
    # Subtest: current=number 7 throws RangeError
    ok 8 - current=number 7 throws RangeError
      ---
      duration_ms: 0.21271
      type: 'test'
      ...
    # Subtest: previous=NaN throws RangeError
    ok 9 - previous=NaN throws RangeError
      ---
      duration_ms: 0.210585
      type: 'test'
      ...
    # Subtest: current=NaN throws RangeError
    ok 10 - current=NaN throws RangeError
      ---
      duration_ms: 0.158702
      type: 'test'
      ...
    # Subtest: previous=true throws RangeError
    ok 11 - previous=true throws RangeError
      ---
      duration_ms: 0.167754
      type: 'test'
      ...
    # Subtest: current=true throws RangeError
    ok 12 - current=true throws RangeError
      ---
      duration_ms: 0.162769
      type: 'test'
      ...
    # Subtest: previous=bigint 1n throws RangeError
    ok 13 - previous=bigint 1n throws RangeError
      ---
      duration_ms: 0.170807
      type: 'test'
      ...
    # Subtest: current=bigint 1n throws RangeError
    ok 14 - current=bigint 1n throws RangeError
      ---
      duration_ms: 0.152717
      type: 'test'
      ...
    # Subtest: previous=Symbol throws RangeError
    ok 15 - previous=Symbol throws RangeError
      ---
      duration_ms: 0.158431
      type: 'test'
      ...
    # Subtest: current=Symbol throws RangeError
    ok 16 - current=Symbol throws RangeError
      ---
      duration_ms: 0.218795
      type: 'test'
      ...
    # Subtest: previous=plain object throws RangeError
    ok 17 - previous=plain object throws RangeError
      ---
      duration_ms: 0.136486
      type: 'test'
      ...
    # Subtest: current=plain object throws RangeError
    ok 18 - current=plain object throws RangeError
      ---
      duration_ms: 0.140754
      type: 'test'
      ...
    # Subtest: previous=Object.create(null) throws RangeError
    ok 19 - previous=Object.create(null) throws RangeError
      ---
      duration_ms: 6.21177
      type: 'test'
      ...
    # Subtest: current=Object.create(null) throws RangeError
    ok 20 - current=Object.create(null) throws RangeError
      ---
      duration_ms: 0.353806
      type: 'test'
      ...
    # Subtest: previous=array throws RangeError
    ok 21 - previous=array throws RangeError
      ---
      duration_ms: 0.146585
      type: 'test'
      ...
    # Subtest: current=array throws RangeError
    ok 22 - current=array throws RangeError
      ---
      duration_ms: 0.133748
      type: 'test'
      ...
    # Subtest: previous=function throws RangeError
    ok 23 - previous=function throws RangeError
      ---
      duration_ms: 0.132652
      type: 'test'
      ...
    # Subtest: current=function throws RangeError
    ok 24 - current=function throws RangeError
      ---
      duration_ms: 0.135751
      type: 'test'
      ...
    # Subtest: previous=new String("A") throws RangeError
    ok 25 - previous=new String("A") throws RangeError
      ---
      duration_ms: 0.150246
      type: 'test'
      ...
    # Subtest: current=new String("A") throws RangeError
    ok 26 - current=new String("A") throws RangeError
      ---
      duration_ms: 0.138744
      type: 'test'
      ...
    # Subtest: previous=new String("BBB+") throws RangeError
    ok 27 - previous=new String("BBB+") throws RangeError
      ---
      duration_ms: 0.130106
      type: 'test'
      ...
    # Subtest: current=new String("BBB+") throws RangeError
    ok 28 - current=new String("BBB+") throws RangeError
      ---
      duration_ms: 0.128493
      type: 'test'
      ...
    # Subtest: no arguments throws RangeError
    ok 29 - no arguments throws RangeError
      ---
      duration_ms: 0.326595
      type: 'test'
      ...
    # Subtest: only one argument throws RangeError
    ok 30 - only one argument throws RangeError
      ---
      duration_ms: 0.221471
      type: 'test'
      ...
    1..30
ok 9 - notchChange - AC-12: non-string types throw RangeError
  ---
  duration_ms: 13.60153
  type: 'suite'
  ...
# Subtest: notchChange - AC-14: pure function (no I/O, no console)
    # Subtest: 100 calls with same input return same result
    ok 1 - 100 calls with same input return same result
      ---
      duration_ms: 0.457204
      type: 'test'
      ...
    # Subtest: inputs are not mutated
    ok 2 - inputs are not mutated
      ---
      duration_ms: 6.180941
      type: 'test'
      ...
    # Subtest: notchChange with extra arguments ignores them
    ok 3 - notchChange with extra arguments ignores them
      ---
      duration_ms: 0.263487
      type: 'test'
      ...
    1..3
ok 10 - notchChange - AC-14: pure function (no I/O, no console)
  ---
  duration_ms: 7.44647
  type: 'suite'
  ...
1..10
# tests 81
# suites 10
# pass 81
# fail 0
# cancelled 0
# skipped 0
# todo 0
# duration_ms 402.073876
ok    verify passed
