# gate: T-01  attempt: 1  2026-10-05T19:03:01Z
ok    on job/JOB-20261005-1849-rating-notch-change--T-01
ok    working tree clean
ok    1 commit(s)
ok    all changes within scope ["src/ratings/**","test/ratings/notch.test.mjs"] (+ QA tests ["test/ratings/notch.qa.test.mjs"])
ok    QA tests untouched by the dev
ok    no AI attribution in commits
----- verify: node --test test/ratings/notch.test.mjs
TAP version 13
# Subtest: AC-1: RATING_SCALE is frozen 19-entry array
ok 1 - AC-1: RATING_SCALE is frozen 19-entry array
  ---
  duration_ms: 2.752193
  type: 'test'
  ...
# Subtest: AC-2: notchChange(BBB+, BB+) returns 3
ok 2 - AC-2: notchChange(BBB+, BB+) returns 3
  ---
  duration_ms: 0.329754
  type: 'test'
  ...
# Subtest: AC-3: notchChange(BB+, BBB+) returns -3
ok 3 - AC-3: notchChange(BB+, BBB+) returns -3
  ---
  duration_ms: 0.18719
  type: 'test'
  ...
# Subtest: AC-4: Same rating returns +0 (not -0)
ok 4 - AC-4: Same rating returns +0 (not -0)
  ---
  duration_ms: 0.431775
  type: 'test'
  ...
# Subtest: AC-5: Adjacent steps return ±1
ok 5 - AC-5: Adjacent steps return ±1
  ---
  duration_ms: 0.245504
  type: 'test'
  ...
# Subtest: AC-6: Extremes return 18 and -18
ok 6 - AC-6: Extremes return 18 and -18
  ---
  duration_ms: 0.156187
  type: 'test'
  ...
# Subtest: AC-7: All 361 pairs return j - i, antisymmetric
ok 7 - AC-7: All 361 pairs return j - i, antisymmetric
  ---
  duration_ms: 1.401929
  type: 'test'
  ...
# Subtest: AC-8: Case-insensitive (toUpperCase, never toLocale*)
ok 8 - AC-8: Case-insensitive (toUpperCase, never toLocale*)
  ---
  duration_ms: 1.260336
  type: 'test'
  ...
# Subtest: AC-9: trim() whitespace including U+00A0 and U+FEFF
ok 9 - AC-9: trim() whitespace including U+00A0 and U+FEFF
  ---
  duration_ms: 0.527594
  type: 'test'
  ...
# Subtest: AC-10: Unknown ratings throw RangeError
ok 10 - AC-10: Unknown ratings throw RangeError
  ---
  duration_ms: 0.872282
  type: 'test'
  ...
# Subtest: AC-11: Empty/whitespace-only throw RangeError
ok 11 - AC-11: Empty/whitespace-only throw RangeError
  ---
  duration_ms: 0.425375
  type: 'test'
  ...
# Subtest: AC-12: Non-string values throw RangeError (never TypeError)
ok 12 - AC-12: Non-string values throw RangeError (never TypeError)
  ---
  duration_ms: 0.645476
  type: 'test'
  ...
# Subtest: AC-13: Pure, silent, no imports, no dependencies
ok 13 - AC-13: Pure, silent, no imports, no dependencies
  ---
  duration_ms: 34.860288
  type: 'test'
  ...
1..13
# tests 13
# suites 0
# pass 13
# fail 0
# cancelled 0
# skipped 0
# todo 0
# duration_ms 128.818658
ok    verify passed
