# qa_verify: node --test test/ratings/notch.qa.test.mjs
TAP version 13
# Subtest: AC-1: imported from outside the repo, the module has exactly two named exports, no default, frozen scale
ok 1 - AC-1: imported from outside the repo, the module has exactly two named exports, no default, frozen scale
  ---
  duration_ms: 31.972352
  type: 'test'
  ...
# Subtest: AC-1: the scale equals the literal, uses ASCII only, and is a frozen 19-entry array
ok 2 - AC-1: the scale equals the literal, uses ASCII only, and is a frozen 19-entry array
  ---
  duration_ms: 1.401949
  type: 'test'
  ...
# Subtest: AC-1, AC-7: tampering with the frozen scale throws TypeError and changes nothing
ok 3 - AC-1, AC-7: tampering with the frozen scale throws TypeError and changes nothing
  ---
  duration_ms: 1.025215
  type: 'test'
  ...
# Subtest: AC-2, AC-3, AC-4, AC-6: the spec test-data table
ok 4 - AC-2, AC-3, AC-4, AC-6: the spec test-data table
  ---
  duration_ms: 0.127884
  type: 'test'
  ...
# Subtest: AC-5: adjacent steps across letter groups
ok 5 - AC-5: adjacent steps across letter groups
  ---
  duration_ms: 0.115581
  type: 'test'
  ...
# Subtest: AC-7, AC-4, AC-8, AC-9: 361-pair matrix against an independent oracle in four spellings
ok 6 - AC-7, AC-4, AC-8, AC-9: 361-pair matrix against an independent oracle in four spellings
  ---
  duration_ms: 5.206804
  type: 'test'
  ...
# Subtest: AC-7: path additivity holds for all 6859 triples
ok 7 - AC-7: path additivity holds for all 6859 triples
  ---
  duration_ms: 2.884809
  type: 'test'
  ...
# Subtest: AC-9, AC-10: trim removes only outer whitespace, lookalikes and inner whitespace stay unknown
ok 8 - AC-9, AC-10: trim removes only outer whitespace, lookalikes and inner whitespace stay unknown
  ---
  duration_ms: 0.555642
  type: 'test'
  ...
# Subtest: AC-13: silent and without I/O in a child process, over all pairs and all invalid values
ok 9 - AC-13: silent and without I/O in a child process, over all pairs and all invalid values
  ---
  duration_ms: 29.371813
  type: 'test'
  ...
# Subtest: AC-13: the plan one-liner prints nothing and exits 0
ok 10 - AC-13: the plan one-liner prints nothing and exits 0
  ---
  duration_ms: 24.387898
  type: 'test'
  ...
# Subtest: AC-13: package.json is untouched (no dependencies, test script, ESM, no lockfile or node_modules)
ok 11 - AC-13: package.json is untouched (no dependencies, test script, ESM, no lockfile or node_modules)
  ---
  duration_ms: 0.312532
  type: 'test'
  ...
# Subtest: AC-13: the module source has no imports, require, console or process
ok 12 - AC-13: the module source has no imports, require, console or process
  ---
  duration_ms: 0.33487
  type: 'test'
  ...
# Subtest: AC-10, AC-11, AC-12: errors are synchronous RangeErrors named RangeError
ok 13 - AC-10, AC-11, AC-12: errors are synchronous RangeErrors named RangeError
  ---
  duration_ms: 0.241329
  type: 'test'
  ...
# Subtest: AC-10, AC-11, AC-12: every invalid value in both positions, and missing arguments, throw RangeError
ok 14 - AC-10, AC-11, AC-12: every invalid value in both positions, and missing arguments, throw RangeError
  ---
  duration_ms: 1.11342
  type: 'test'
  ...
1..14
# tests 14
# suites 0
# pass 14
# fail 0
# cancelled 0
# skipped 0
# todo 0
# duration_ms 170.431443
