# gate: T-01  attempt: 1  2026-10-06T07:41:29Z
ok    on job/JOB-20261006-0734-repayment-delay-indicators-2-3--T-01
ok    working tree clean
ok    1 commit(s)
ok    all changes within scope ["src/indicators/daysWithDelay.mjs","test/indicators/daysWithDelay.test.mjs"] (+ QA tests ["test/indicators/integration/daysWithDelay.test.mjs"])
ok    QA tests untouched by the dev
ok    no AI attribution in commits
----- verify: node --test test/indicators/daysWithDelay.test.mjs
TAP version 13
# Subtest: AC-1: options list is the frozen, ordered label array
ok 1 - AC-1: options list is the frozen, ordered label array
  ---
  duration_ms: 2.58502
  type: 'test'
  ...
# Subtest: AC-2: no delay and <=3 days map to WL 0
ok 2 - AC-2: no delay and <=3 days map to WL 0
  ---
  duration_ms: 0.409481
  type: 'test'
  ...
# Subtest: AC-3: >3, >60, >90 days map to 2, 3, 4
ok 3 - AC-3: >3, >60, >90 days map to 2, 3, 4
  ---
  duration_ms: 0.249327
  type: 'test'
  ...
# Subtest: AC-4: surrounding whitespace is trimmed
ok 4 - AC-4: surrounding whitespace is trimmed
  ---
  duration_ms: 0.223454
  type: 'test'
  ...
# Subtest: AC-5: invalid strings throw RangeError
ok 5 - AC-5: invalid strings throw RangeError
  ---
  duration_ms: 0.572248
  type: 'test'
  ...
# Subtest: AC-5: non-string values throw RangeError
ok 6 - AC-5: non-string values throw RangeError
  ---
  duration_ms: 0.560415
  type: 'test'
  ...
# Subtest: AC-6: error message is non-empty and names the offending value
ok 7 - AC-6: error message is non-empty and names the offending value
  ---
  duration_ms: 0.301497
  type: 'test'
  ...
# Subtest: AC-11: exports, purity, no mutation, no imports
ok 8 - AC-11: exports, purity, no mutation, no imports
  ---
  duration_ms: 1.015754
  type: 'test'
  ...
1..8
# tests 8
# suites 0
# pass 8
# fail 0
# cancelled 0
# skipped 0
# todo 0
# duration_ms 140.324003
ok    verify passed
