# gate: T-02  attempt: 1  2026-10-06T07:41:14Z
ok    on job/JOB-20261006-0734-repayment-delay-indicators-2-3--T-02
ok    working tree clean
ok    1 commit(s)
ok    all changes within scope ["src/indicators/delayCount.mjs","test/indicators/delayCount.test.mjs"] (+ QA tests ["test/indicators/integration/delayCount.test.mjs"])
ok    QA tests untouched by the dev
ok    no AI attribution in commits
----- verify: node --test test/indicators/delayCount.test.mjs
TAP version 13
# Subtest: AC-7 options list is frozen and ordered
ok 1 - AC-7 options list is frozen and ordered
  ---
  duration_ms: 1.74431
  type: 'test'
  ...
# Subtest: AC-8 maps options to WL
ok 2 - AC-8 maps options to WL
  ---
  duration_ms: 0.266428
  type: 'test'
  ...
# Subtest: AC-9 trims surrounding whitespace
ok 3 - AC-9 trims surrounding whitespace
  ---
  duration_ms: 1.738754
  type: 'test'
  ...
# Subtest: AC-10 invalid values throw RangeError naming the value
ok 4 - AC-10 invalid values throw RangeError naming the value
  ---
  duration_ms: 0.842582
  type: 'test'
  ...
# Subtest: AC-11 exports, purity, no imports
ok 5 - AC-11 exports, purity, no imports
  ---
  duration_ms: 0.820444
  type: 'test'
  ...
1..5
# tests 5
# suites 0
# pass 5
# fail 0
# cancelled 0
# skipped 0
# todo 0
# duration_ms 146.816938
ok    verify passed
