TAP version 13
# Subtest: AC-1: options list is the frozen, ordered label array
ok 1 - AC-1: options list is the frozen, ordered label array
  ---
  duration_ms: 2.745214
  type: 'test'
  ...
# Subtest: AC-2: no delay and <=3 days map to WL 0
ok 2 - AC-2: no delay and <=3 days map to WL 0
  ---
  duration_ms: 0.236229
  type: 'test'
  ...
# Subtest: AC-3: >3, >60, >90 days map to 2, 3, 4
ok 3 - AC-3: >3, >60, >90 days map to 2, 3, 4
  ---
  duration_ms: 0.134433
  type: 'test'
  ...
# Subtest: AC-4: surrounding whitespace is trimmed
ok 4 - AC-4: surrounding whitespace is trimmed
  ---
  duration_ms: 0.137718
  type: 'test'
  ...
# Subtest: AC-5: invalid strings throw RangeError
ok 5 - AC-5: invalid strings throw RangeError
  ---
  duration_ms: 0.310147
  type: 'test'
  ...
# Subtest: AC-5: non-string values throw RangeError
ok 6 - AC-5: non-string values throw RangeError
  ---
  duration_ms: 0.275549
  type: 'test'
  ...
# Subtest: AC-6: error message is non-empty and names the offending value
ok 7 - AC-6: error message is non-empty and names the offending value
  ---
  duration_ms: 0.242238
  type: 'test'
  ...
# Subtest: AC-11: exports, purity, no mutation, no imports
ok 8 - AC-11: exports, purity, no mutation, no imports
  ---
  duration_ms: 0.675439
  type: 'test'
  ...
# Subtest: AC-7 options list is frozen and ordered
ok 9 - AC-7 options list is frozen and ordered
  ---
  duration_ms: 10.49373
  type: 'test'
  ...
# Subtest: AC-8 maps options to WL
ok 10 - AC-8 maps options to WL
  ---
  duration_ms: 0.221401
  type: 'test'
  ...
# Subtest: AC-9 trims surrounding whitespace
ok 11 - AC-9 trims surrounding whitespace
  ---
  duration_ms: 1.514502
  type: 'test'
  ...
# Subtest: AC-10 invalid values throw RangeError naming the value
ok 12 - AC-10 invalid values throw RangeError naming the value
  ---
  duration_ms: 0.607646
  type: 'test'
  ...
# Subtest: AC-11 exports, purity, no imports
ok 13 - AC-11 exports, purity, no imports
  ---
  duration_ms: 0.568093
  type: 'test'
  ...
# Subtest: AC-1: DAYS_WITH_DELAY_OPTIONS is a frozen array in the specified order
ok 14 - AC-1: DAYS_WITH_DELAY_OPTIONS is a frozen array in the specified order
  ---
  duration_ms: 43.937171
  type: 'test'
  ...
# Subtest: AC-2: "no delay" and "<=3 days" map to WL 0
ok 15 - AC-2: "no delay" and "<=3 days" map to WL 0
  ---
  duration_ms: 0.373421
  type: 'test'
  ...
# Subtest: AC-3: ">3 days" → 2, ">60 days" → 3, ">90 days" → 4, and map over the options gives [0,0,2,3,4]
ok 16 - AC-3: ">3 days" → 2, ">60 days" → 3, ">90 days" → 4, and map over the options gives [0,0,2,3,4]
  ---
  duration_ms: 0.248491
  type: 'test'
  ...
# Subtest: AC-4: surrounding whitespace is trimmed
ok 17 - AC-4: surrounding whitespace is trimmed
  ---
  duration_ms: 0.146839
  type: 'test'
  ...
# Subtest: AC-5: invalid strings throw RangeError
ok 18 - AC-5: invalid strings throw RangeError
  ---
  duration_ms: 4.668592
  type: 'test'
  ...
# Subtest: AC-5: non-string values throw RangeError
ok 19 - AC-5: non-string values throw RangeError
  ---
  duration_ms: 0.337798
  type: 'test'
  ...
# Subtest: AC-5: calling with no argument throws RangeError
ok 20 - AC-5: calling with no argument throws RangeError
  ---
  duration_ms: 0.190585
  type: 'test'
  ...
# Subtest: AC-6: RangeError message is non-empty and contains the offending value
ok 21 - AC-6: RangeError message is non-empty and contains the offending value
  ---
  duration_ms: 0.179069
  type: 'test'
  ...
# Subtest: AC-6: Symbol and object input yield RangeError, never a TypeError from message building
ok 22 - AC-6: Symbol and object input yield RangeError, never a TypeError from message building
  ---
  duration_ms: 0.574422
  type: 'test'
  ...
# Subtest: AC-11: exports exactly DAYS_WITH_DELAY_OPTIONS and daysWithDelayWl
ok 23 - AC-11: exports exactly DAYS_WITH_DELAY_OPTIONS and daysWithDelayWl
  ---
  duration_ms: 0.506692
  type: 'test'
  ...
# Subtest: AC-11: synchronous and pure; options list unchanged after all calls
ok 24 - AC-11: synchronous and pure; options list unchanged after all calls
  ---
  duration_ms: 0.651166
  type: 'test'
  ...
# Subtest: AC-11: source file has no import statements and no I/O
ok 25 - AC-11: source file has no import statements and no I/O
  ---
  duration_ms: 4.918533
  type: 'test'
  ...
# Subtest: AC-12: no Indicator 1 logic or delayCount import in the module
ok 26 - AC-12: no Indicator 1 logic or delayCount import in the module
  ---
  duration_ms: 0.258173
  type: 'test'
  ...
# Subtest: AC-7: DELAY_COUNT_OPTIONS is a frozen array in the specified order
ok 27 - AC-7: DELAY_COUNT_OPTIONS is a frozen array in the specified order
  ---
  duration_ms: 4.469625
  type: 'test'
  ...
# Subtest: AC-8: "0" → 0, "1" → 1, ">1" → 2, and map over the options gives [0,1,2]
ok 28 - AC-8: "0" → 0, "1" → 1, ">1" → 2, and map over the options gives [0,1,2]
  ---
  duration_ms: 0.456414
  type: 'test'
  ...
# Subtest: AC-9: surrounding whitespace is trimmed
ok 29 - AC-9: surrounding whitespace is trimmed
  ---
  duration_ms: 0.181271
  type: 'test'
  ...
# Subtest: AC-10: invalid strings throw RangeError with a message naming the value
ok 30 - AC-10: invalid strings throw RangeError with a message naming the value
  ---
  duration_ms: 0.539727
  type: 'test'
  ...
# Subtest: AC-10: non-string values (numbers, NaN, null, undefined, objects, String objects, Symbol) throw RangeError, never TypeError
ok 31 - AC-10: non-string values (numbers, NaN, null, undefined, objects, String objects, Symbol) throw RangeError, never TypeError
  ---
  duration_ms: 0.456263
  type: 'test'
  ...
# Subtest: AC-10: numeric 0/1/2 are rejected although "0" and "1" are valid labels
ok 32 - AC-10: numeric 0/1/2 are rejected although "0" and "1" are valid labels
  ---
  duration_ms: 0.238539
  type: 'test'
  ...
# Subtest: AC-10: calling with no argument throws RangeError
ok 33 - AC-10: calling with no argument throws RangeError
  ---
  duration_ms: 0.251999
  type: 'test'
  ...
# Subtest: AC-11: exports exactly DELAY_COUNT_OPTIONS and delayCountWl
ok 34 - AC-11: exports exactly DELAY_COUNT_OPTIONS and delayCountWl
  ---
  duration_ms: 0.175437
  type: 'test'
  ...
# Subtest: AC-11: synchronous and pure; options list unchanged after all calls
ok 35 - AC-11: synchronous and pure; options list unchanged after all calls
  ---
  duration_ms: 0.930645
  type: 'test'
  ...
# Subtest: AC-11: source file has no import statements and no I/O
ok 36 - AC-11: source file has no import statements and no I/O
  ---
  duration_ms: 1.252511
  type: 'test'
  ...
# Subtest: AC-12: no import of daysWithDelay (no Indicator 2 logic)
ok 37 - AC-12: no import of daysWithDelay (no Indicator 2 logic)
  ---
  duration_ms: 0.392868
  type: 'test'
  ...
1..37
# tests 37
# suites 0
# pass 37
# fail 0
# cancelled 0
# skipped 0
# todo 0
# duration_ms 291.032067
