# qa_verify: node --test test/integration/indicators/daysWithDelay.test.mjs
TAP version 13
# Subtest: AC-1: options list is the expected ordered array and frozen
ok 1 - AC-1: options list is the expected ordered array and frozen
  ---
  duration_ms: 3.12652
  type: 'test'
  ...
# Subtest: AC-2: "no delay" and "<=3 days" return 0
ok 2 - AC-2: "no delay" and "<=3 days" return 0
  ---
  duration_ms: 0.268046
  type: 'test'
  ...
# Subtest: AC-3: ">3 days" returns 2
ok 3 - AC-3: ">3 days" returns 2
  ---
  duration_ms: 0.112365
  type: 'test'
  ...
# Subtest: AC-4: ">60 days" returns 3
ok 4 - AC-4: ">60 days" returns 3
  ---
  duration_ms: 0.138384
  type: 'test'
  ...
# Subtest: AC-5: ">90 days" returns 4
ok 5 - AC-5: ">90 days" returns 4
  ---
  duration_ms: 0.125519
  type: 'test'
  ...
# Subtest: AC-6: surrounding whitespace is trimmed, internal whitespace is not
ok 6 - AC-6: surrounding whitespace is trimmed, internal whitespace is not
  ---
  duration_ms: 0.436337
  type: 'test'
  ...
# Subtest: AC-7: unlisted, wrong-case, unicode, empty and prototype-key strings throw RangeError
ok 7 - AC-7: unlisted, wrong-case, unicode, empty and prototype-key strings throw RangeError
  ---
  duration_ms: 0.387157
  type: 'test'
  ...
# Subtest: AC-8: non-strings throw RangeError (typeof check before trim)
ok 8 - AC-8: non-strings throw RangeError (typeof check before trim)
  ---
  duration_ms: 0.207201
  type: 'test'
  ...
# Subtest: AC-16: error is RangeError naming the function, quotes strings, and never throws itself
ok 9 - AC-16: error is RangeError naming the function, quotes strings, and never throws itself
  ---
  duration_ms: 0.449335
  type: 'test'
  ...
# Subtest: AC-17: mapping all options gives [0,0,2,3,4]; frozen list cannot be mutated
ok 10 - AC-17: mapping all options gives [0,0,2,3,4]; frozen list cannot be mutated
  ---
  duration_ms: 0.529887
  type: 'test'
  ...
# Subtest: AC-18: plain ESM, no imports/I-O/logging, no index or helper files
ok 11 - AC-18: plain ESM, no imports/I-O/logging, no index or helper files
  ---
  duration_ms: 0.797899
  type: 'test'
  ...
# Subtest: no default WL: every result is a plain number in {0,2,3,4}
ok 12 - no default WL: every result is a plain number in {0,2,3,4}
  ---
  duration_ms: 0.141445
  type: 'test'
  ...
1..12
# tests 12
# suites 0
# pass 12
# fail 0
# cancelled 0
# skipped 0
# todo 0
# duration_ms 119.40966
