# gate: T-01  attempt: 1  2026-10-03T17:21:50Z
ok    on job/JOB-20261003-1714-repayment-delay-indicators-2-3--T-01
ok    working tree clean
ok    1 commit(s)
ok    all changes within scope ["src/indicators/daysWithDelay.mjs","test/indicators/daysWithDelay.test.mjs"] (+ QA tests ["test/integration/indicators/daysWithDelay.test.mjs"])
ok    QA tests untouched by the dev
ok    no AI attribution in commits
----- verify: node --test test/indicators/daysWithDelay.test.mjs
TAP version 13
# Subtest: option list is exact, ordered and frozen
ok 1 - option list is exact, ordered and frozen
  ---
  duration_ms: 1.425364
  type: 'test'
  ...
# Subtest: maps each option to its WL
ok 2 - maps each option to its WL
  ---
  duration_ms: 0.239196
  type: 'test'
  ...
# Subtest: trims surrounding whitespace only
ok 3 - trims surrounding whitespace only
  ---
  duration_ms: 0.473688
  type: 'test'
  ...
# Subtest: invalid strings throw RangeError naming the function
ok 4 - invalid strings throw RangeError naming the function
  ---
  duration_ms: 0.437922
  type: 'test'
  ...
# Subtest: error message quotes rejected string
ok 5 - error message quotes rejected string
  ---
  duration_ms: 0.297967
  type: 'test'
  ...
# Subtest: non-strings throw RangeError, even String objects and arrays
ok 6 - non-strings throw RangeError, even String objects and arrays
  ---
  duration_ms: 0.404776
  type: 'test'
  ...
# Subtest: every listed option maps to [0,0,2,3,4]; list cannot be mutated
ok 7 - every listed option maps to [0,0,2,3,4]; list cannot be mutated
  ---
  duration_ms: 0.325301
  type: 'test'
  ...
1..7
# tests 7
# suites 0
# pass 7
# fail 0
# cancelled 0
# skipped 0
# todo 0
# duration_ms 139.080582
ok    verify passed
