2026-10-01T11:30:12Z	new	Order cancellation
2026-10-01T11:31:40Z	phase	planning
2026-10-01T11:33:02Z	agent	ecc:planner 4f1a9c2e: ## Goal A customer can cancel their own order from the order detail page while it is pending…
2026-10-01T11:36:55Z	agent	ecc:architect 7b2d01aa: [{"tmp_id":"B1","title":"Order status transition: cancel() in the order service"…
2026-10-01T11:37:10Z	agent	ecc:architect c90e33f1: [{"tmp_id":"F1","title":"Cancel button + confirm dialog on the order page"…
2026-10-01T11:38:30Z	phase	awaiting_plan_approval
2026-10-01T11:41:03Z	gate-plan	approved ok, add the 409 case to AC-2
2026-10-01T11:41:20Z	phase	executing
2026-10-01T11:41:25Z	wt-add	T-01 attempt=1
2026-10-01T11:58:47Z	agent	backend-dev 1d4be7c0: status: done commit: 3a7f0e2 verify: passed open issues: -
2026-10-01T11:58:50Z	state	T-01=review
2026-10-01T11:59:14Z	gate	T-01 PASS
2026-10-01T12:02:31Z	agent	ecc:typescript-reviewer 5e88a210: {"verdict":"approve","blocking":[],"nits":[]}
2026-10-01T12:02:35Z	integrate	T-01 merged
2026-10-01T12:02:40Z	wt-add	T-02 attempt=1
2026-10-01T12:02:41Z	wt-add	T-04 attempt=1
2026-10-01T12:15:09Z	agent	backend-dev 8a0c4d19: status: done commit: 61b2d77 verify: passed open issues: OpenAPI spec out of scope
2026-10-01T12:15:12Z	state	T-02=review
2026-10-01T12:15:40Z	gate	T-02 PASS
2026-10-01T12:20:38Z	agent	ecc:typescript-reviewer 2c71b9e4: {"verdict":"changes","blocking":[{"file":"test/server/orders/routes/cancel.test.ts"…
2026-10-01T12:20:41Z	note	T-02: attempt 1: reviewer asked for 404 test on foreign order
2026-10-01T12:20:45Z	wt-add	T-02 attempt=2
2026-10-01T12:27:02Z	agent	backend-dev 8a0c4d19: status: done commit: 9c1e4fa verify: passed open issues: -
2026-10-01T12:27:05Z	state	T-02=review
2026-10-01T12:27:30Z	gate	T-02 PASS
2026-10-01T12:30:12Z	agent	ecc:typescript-reviewer 0b9f5d33: {"verdict":"approve","blocking":[],"nits":["export the error code as a constant"]}
2026-10-01T12:30:15Z	integrate	T-02 merged
2026-10-01T12:30:20Z	wt-add	T-03 attempt=1
2026-10-01T12:31:58Z	agent	backend-dev 77e1a0b5: status: done commit: e04c2b9 verify: passed open issues: -
2026-10-01T12:32:01Z	state	T-04=review
