oracle: watchlist-poc/models.oracle.test.mjs against main (4158c5a)
node:internal/modules/esm/resolve:274
    throw new ERR_MODULE_NOT_FOUND(
          ^

Error [ERR_MODULE_NOT_FOUND]: Cannot find module '/tmp/tmp.dKAq7BqsS5/wt/src/ratings/notch.mjs' imported from /tmp/tmp.dKAq7BqsS5/wt/oracle/models.oracle.test.mjs
    at finalizeResolution (node:internal/modules/esm/resolve:274:11)
    at moduleResolve (node:internal/modules/esm/resolve:859:10)
    at defaultResolve (node:internal/modules/esm/resolve:983:11)
    at #cachedDefaultResolve (node:internal/modules/esm/loader:731:20)
    at ModuleLoader.resolve (node:internal/modules/esm/loader:708:38)
    at ModuleLoader.getModuleJobForImport (node:internal/modules/esm/loader:310:38)
    at ModuleJob._link (node:internal/modules/esm/module_job:182:49) {
  code: 'ERR_MODULE_NOT_FOUND',
  url: 'file:///tmp/tmp.dKAq7BqsS5/wt/src/ratings/notch.mjs'
}

Node.js v22.22.0
✖ oracle/models.oracle.test.mjs (400.782413ms)
ℹ tests 1
ℹ suites 0
ℹ pass 0
ℹ fail 1
ℹ cancelled 0
ℹ skipped 0
ℹ todo 0
ℹ duration_ms 464.854937

✖ failing tests:

test at oracle/models.oracle.test.mjs:1:1
✖ oracle/models.oracle.test.mjs (400.782413ms)
  'test failed'
