TAP version 13
# Subtest: countryRatingChangeWl (Ind. 12)
    # Subtest: AC-10: downgrades map to 1 (1 notch) or 2 (2+ notches)
    ok 1 - AC-10: downgrades map to 1 (1 notch) or 2 (2+ notches)
      ---
      duration_ms: 1.081558
      type: 'test'
      ...
    # Subtest: AC-11: upgrades and unchanged ratings give 0
    ok 2 - AC-11: upgrades and unchanged ratings give 0
      ---
      duration_ms: 0.166832
      type: 'test'
      ...
    # Subtest: AC-11: all 361 pairs follow the n >= 2 ? 2 : n === 1 ? 1 : 0 rule
    ok 3 - AC-11: all 361 pairs follow the n >= 2 ? 2 : n === 1 ? 1 : 0 rule
      ---
      duration_ms: 0.57637
      type: 'test'
      ...
    # Subtest: AC-12: thresholds differ deliberately from notchCalculator.wl
    ok 4 - AC-12: thresholds differ deliberately from notchCalculator.wl
      ---
      duration_ms: 0.194176
      type: 'test'
      ...
    # Subtest: AC-3: trims whitespace and ignores letter case
    ok 5 - AC-3: trims whitespace and ignores letter case
      ---
      duration_ms: 0.117141
      type: 'test'
      ...
    # Subtest: AC-4: invalid input throws RangeError for previous and for current
    ok 6 - AC-4: invalid input throws RangeError for previous and for current
      ---
      duration_ms: 0.818227
      type: 'test'
      ...
    # Subtest: AC-4: both arguments invalid throws RangeError
    ok 7 - AC-4: both arguments invalid throws RangeError
      ---
      duration_ms: 0.217716
      type: 'test'
      ...
    # Subtest: AC-4: the RangeError from notchChange reaches the caller unchanged
    ok 8 - AC-4: the RangeError from notchChange reaches the caller unchanged
      ---
      duration_ms: 0.294444
      type: 'test'
      ...
    # Subtest: AC-13: source has one import (notchChange) and no I/O references
    ok 9 - AC-13: source has one import (notchChange) and no I/O references
      ---
      duration_ms: 0.830562
      type: 'test'
      ...
    # Subtest: AC-13: arity is exactly 2 (no override/options parameter)
    ok 10 - AC-13: arity is exactly 2 (no override/options parameter)
      ---
      duration_ms: 0.577297
      type: 'test'
      ...
    # Subtest: AC-13: inputs are not mutated
    ok 11 - AC-13: inputs are not mutated
      ---
      duration_ms: 0.266337
      type: 'test'
      ...
    # Subtest: result is always 0, 1 or 2 and never NaN
    ok 12 - result is always 0, 1 or 2 and never NaN
      ---
      duration_ms: 2.153134
      type: 'test'
      ...
    1..12
ok 1 - countryRatingChangeWl (Ind. 12)
  ---
  duration_ms: 8.832263
  type: 'suite'
  ...
# Subtest: AC-10: downgrade WL (REQ-03-12)
    # Subtest: AC-10: countryRatingChangeWl(A, A-) is 1 and a number
    ok 1 - AC-10: countryRatingChangeWl(A, A-) is 1 and a number
      ---
      duration_ms: 1.17261
      type: 'test'
      ...
    # Subtest: AC-10: countryRatingChangeWl(CCC, CCC-) is 1 and a number
    ok 2 - AC-10: countryRatingChangeWl(CCC, CCC-) is 1 and a number
      ---
      duration_ms: 0.162328
      type: 'test'
      ...
    # Subtest: AC-10: countryRatingChangeWl(BBB+, BBB-) is 2 and a number
    ok 3 - AC-10: countryRatingChangeWl(BBB+, BBB-) is 2 and a number
      ---
      duration_ms: 0.125126
      type: 'test'
      ...
    # Subtest: AC-10: countryRatingChangeWl(BBB+, BB+) is 2 and a number
    ok 4 - AC-10: countryRatingChangeWl(BBB+, BB+) is 2 and a number
      ---
      duration_ms: 0.320403
      type: 'test'
      ...
    # Subtest: AC-10: countryRatingChangeWl(AAA, CCC-) is 2 and a number
    ok 5 - AC-10: countryRatingChangeWl(AAA, CCC-) is 2 and a number
      ---
      duration_ms: 0.220899
      type: 'test'
      ...
    1..5
ok 2 - AC-10: downgrade WL (REQ-03-12)
  ---
  duration_ms: 6.227816
  type: 'suite'
  ...
# Subtest: AC-11: upgrade or unchanged gives 0 (C3)
    # Subtest: AC-11: countryRatingChangeWl(BB, BBB) is 0 (+0)
    ok 1 - AC-11: countryRatingChangeWl(BB, BBB) is 0 (+0)
      ---
      duration_ms: 0.201474
      type: 'test'
      ...
    # Subtest: AC-11: countryRatingChangeWl(A-, A) is 0 (+0)
    ok 2 - AC-11: countryRatingChangeWl(A-, A) is 0 (+0)
      ---
      duration_ms: 0.355787
      type: 'test'
      ...
    # Subtest: AC-11: countryRatingChangeWl(CCC-, AAA) is 0 (+0)
    ok 3 - AC-11: countryRatingChangeWl(CCC-, AAA) is 0 (+0)
      ---
      duration_ms: 0.340521
      type: 'test'
      ...
    # Subtest: AC-11: countryRatingChangeWl(BBB, BBB) is 0 (+0)
    ok 4 - AC-11: countryRatingChangeWl(BBB, BBB) is 0 (+0)
      ---
      duration_ms: 0.233539
      type: 'test'
      ...
    # Subtest: AC-11: all 361 scale pairs follow n >= 2 ? 2 : n === 1 ? 1 : 0, result in {0,1,2}
    ok 5 - AC-11: all 361 scale pairs follow n >= 2 ? 2 : n === 1 ? 1 : 0, result in {0,1,2}
      ---
      duration_ms: 0.85211
      type: 'test'
      ...
    # Subtest: AC-11 edge: threshold boundaries n=1 -> 1, n=2 -> 2, n=18 capped at 2, n=0/-1/-18 -> 0
    ok 6 - AC-11 edge: threshold boundaries n=1 -> 1, n=2 -> 2, n=18 capped at 2, n=0/-1/-18 -> 0
      ---
      duration_ms: 0.123411
      type: 'test'
      ...
    1..6
ok 3 - AC-11: upgrade or unchanged gives 0 (C3)
  ---
  duration_ms: 4.984428
  type: 'suite'
  ...
# Subtest: AC-12: Ind. 12 vs calculator thresholds differ on purpose (C2, C6)
    # Subtest: AC-12: (A, A-) is 1 notches, calculator wl 0, Ind. 12 WL 1
    ok 1 - AC-12: (A, A-) is 1 notches, calculator wl 0, Ind. 12 WL 1
      ---
      duration_ms: 0.261299
      type: 'test'
      ...
    # Subtest: AC-12: (BBB+, BBB-) is 2 notches, calculator wl 1, Ind. 12 WL 2
    ok 2 - AC-12: (BBB+, BBB-) is 2 notches, calculator wl 1, Ind. 12 WL 2
      ---
      duration_ms: 0.059389
      type: 'test'
      ...
    # Subtest: AC-12: (BBB+, BB+) is 3 notches, calculator wl 2, Ind. 12 WL 2
    ok 3 - AC-12: (BBB+, BB+) is 3 notches, calculator wl 2, Ind. 12 WL 2
      ---
      duration_ms: 0.101171
      type: 'test'
      ...
    1..3
ok 4 - AC-12: Ind. 12 vs calculator thresholds differ on purpose (C2, C6)
  ---
  duration_ms: 0.552308
  type: 'suite'
  ...
# Subtest: AC-3 (indicator part): whitespace and case normalisation (C1)
    # Subtest: AC-3: countryRatingChangeWl("  a ", "a-") returns 1
    ok 1 - AC-3: countryRatingChangeWl("  a ", "a-") returns 1
      ---
      duration_ms: 0.12101
      type: 'test'
      ...
    # Subtest: AC-3: normalised input equals canonical input result
    ok 2 - AC-3: normalised input equals canonical input result
      ---
      duration_ms: 0.073664
      type: 'test'
      ...
    1..2
ok 5 - AC-3 (indicator part): whitespace and case normalisation (C1)
  ---
  duration_ms: 0.296471
  type: 'suite'
  ...
# Subtest: AC-4 (indicator part): invalid input throws RangeError (CON-errors)
    # Subtest: AC-4: invalid previous "CC" throws RangeError
    ok 1 - AC-4: invalid previous "CC" throws RangeError
      ---
      duration_ms: 0.742912
      type: 'test'
      ...
    # Subtest: AC-4: invalid current "CC" throws RangeError
    ok 2 - AC-4: invalid current "CC" throws RangeError
      ---
      duration_ms: 0.154897
      type: 'test'
      ...
    # Subtest: AC-4: invalid previous "D" throws RangeError
    ok 3 - AC-4: invalid previous "D" throws RangeError
      ---
      duration_ms: 0.093299
      type: 'test'
      ...
    # Subtest: AC-4: invalid current "D" throws RangeError
    ok 4 - AC-4: invalid current "D" throws RangeError
      ---
      duration_ms: 0.060978
      type: 'test'
      ...
    # Subtest: AC-4: invalid previous "NR" throws RangeError
    ok 5 - AC-4: invalid previous "NR" throws RangeError
      ---
      duration_ms: 0.057182
      type: 'test'
      ...
    # Subtest: AC-4: invalid current "NR" throws RangeError
    ok 6 - AC-4: invalid current "NR" throws RangeError
      ---
      duration_ms: 0.054715
      type: 'test'
      ...
    # Subtest: AC-4: invalid previous "AAA+" throws RangeError
    ok 7 - AC-4: invalid previous "AAA+" throws RangeError
      ---
      duration_ms: 0.051725
      type: 'test'
      ...
    # Subtest: AC-4: invalid current "AAA+" throws RangeError
    ok 8 - AC-4: invalid current "AAA+" throws RangeError
      ---
      duration_ms: 0.050619
      type: 'test'
      ...
    # Subtest: AC-4: invalid previous "Baa1" throws RangeError
    ok 9 - AC-4: invalid previous "Baa1" throws RangeError
      ---
      duration_ms: 0.1168
      type: 'test'
      ...
    # Subtest: AC-4: invalid current "Baa1" throws RangeError
    ok 10 - AC-4: invalid current "Baa1" throws RangeError
      ---
      duration_ms: 0.072447
      type: 'test'
      ...
    # Subtest: AC-4: invalid previous "" throws RangeError
    ok 11 - AC-4: invalid previous "" throws RangeError
      ---
      duration_ms: 1.027996
      type: 'test'
      ...
    # Subtest: AC-4: invalid current "" throws RangeError
    ok 12 - AC-4: invalid current "" throws RangeError
      ---
      duration_ms: 0.130404
      type: 'test'
      ...
    # Subtest: AC-4: invalid previous "   " throws RangeError
    ok 13 - AC-4: invalid previous "   " throws RangeError
      ---
      duration_ms: 0.093496
      type: 'test'
      ...
    # Subtest: AC-4: invalid current "   " throws RangeError
    ok 14 - AC-4: invalid current "   " throws RangeError
      ---
      duration_ms: 0.096866
      type: 'test'
      ...
    # Subtest: AC-4: invalid previous "BBB +" throws RangeError
    ok 15 - AC-4: invalid previous "BBB +" throws RangeError
      ---
      duration_ms: 0.290774
      type: 'test'
      ...
    # Subtest: AC-4: invalid current "BBB +" throws RangeError
    ok 16 - AC-4: invalid current "BBB +" throws RangeError
      ---
      duration_ms: 0.138237
      type: 'test'
      ...
    # Subtest: AC-4: invalid previous null throws RangeError
    ok 17 - AC-4: invalid previous null throws RangeError
      ---
      duration_ms: 0.068469
      type: 'test'
      ...
    # Subtest: AC-4: invalid current null throws RangeError
    ok 18 - AC-4: invalid current null throws RangeError
      ---
      duration_ms: 0.072634
      type: 'test'
      ...
    # Subtest: AC-4: invalid previous undefined throws RangeError
    ok 19 - AC-4: invalid previous undefined throws RangeError
      ---
      duration_ms: 0.110065
      type: 'test'
      ...
    # Subtest: AC-4: invalid current undefined throws RangeError
    ok 20 - AC-4: invalid current undefined throws RangeError
      ---
      duration_ms: 0.167499
      type: 'test'
      ...
    # Subtest: AC-4: invalid previous 42 throws RangeError
    ok 21 - AC-4: invalid previous 42 throws RangeError
      ---
      duration_ms: 0.068245
      type: 'test'
      ...
    # Subtest: AC-4: invalid current 42 throws RangeError
    ok 22 - AC-4: invalid current 42 throws RangeError
      ---
      duration_ms: 0.055252
      type: 'test'
      ...
    # Subtest: AC-4: invalid previous {} throws RangeError
    ok 23 - AC-4: invalid previous {} throws RangeError
      ---
      duration_ms: 0.056006
      type: 'test'
      ...
    # Subtest: AC-4: invalid current {} throws RangeError
    ok 24 - AC-4: invalid current {} throws RangeError
      ---
      duration_ms: 0.051376
      type: 'test'
      ...
    # Subtest: AC-4: never TypeError, never a returned value, for all 24 cases
    ok 25 - AC-4: never TypeError, never a returned value, for all 24 cases
      ---
      duration_ms: 0.541018
      type: 'test'
      ...
    # Subtest: AC-4: both arguments invalid throws RangeError
    ok 26 - AC-4: both arguments invalid throws RangeError
      ---
      duration_ms: 0.201513
      type: 'test'
      ...
    # Subtest: AC-4: RangeError from notchChange reaches the caller with the same type and message
    ok 27 - AC-4: RangeError from notchChange reaches the caller with the same type and message
      ---
      duration_ms: 0.779879
      type: 'test'
      ...
    1..27
ok 6 - AC-4 (indicator part): invalid input throws RangeError (CON-errors)
  ---
  duration_ms: 8.177744
  type: 'suite'
  ...
# Subtest: AC-13 (indicator part): contract
    # Subtest: AC-13: exactly one import, notchChange from ../ratings/notch.mjs
    ok 1 - AC-13: exactly one import, notchChange from ../ratings/notch.mjs
      ---
      duration_ms: 0.72322
      type: 'test'
      ...
    # Subtest: AC-13: no require(, fetch, process, node:fs/http/https or console. use
    ok 2 - AC-13: no require(, fetch, process, node:fs/http/https or console. use
      ---
      duration_ms: 0.197774
      type: 'test'
      ...
    # Subtest: AC-13 / C7: countryRatingChangeWl.length === 2 (no override or options parameter)
    ok 3 - AC-13 / C7: countryRatingChangeWl.length === 2 (no override or options parameter)
      ---
      duration_ms: 0.076994
      type: 'test'
      ...
    # Subtest: AC-13 / C8: arguments are not changed and no object is written to
    ok 4 - AC-13 / C8: arguments are not changed and no object is written to
      ---
      duration_ms: 0.14641
      type: 'test'
      ...
    # Subtest: AC-13 / C8: calling the function writes nothing to stdout or stderr (child process)
    ok 5 - AC-13 / C8: calling the function writes nothing to stdout or stderr (child process)
      ---
      duration_ms: 43.790103
      type: 'test'
      ...
    # Subtest: AC-13: importing the module writes nothing to stdout or stderr (child process)
    ok 6 - AC-13: importing the module writes nothing to stdout or stderr (child process)
      ---
      duration_ms: 85.852431
      type: 'test'
      ...
    1..6
ok 7 - AC-13 (indicator part): contract
  ---
  duration_ms: 131.079032
  type: 'suite'
  ...
# Subtest: AC-14: full suite and package.json
    # Subtest: AC-14: `node --test` from the repo root exits 0, runs both unit test files, fail 0
    ok 1 - AC-14: `node --test` from the repo root exits 0, runs both unit test files, fail 0
      ---
      duration_ms: 600.845923
      type: 'test'
      ...
    # Subtest: AC-14: the two unit test files exist and use node:test and node:assert/strict
    ok 2 - AC-14: the two unit test files exist and use node:test and node:assert/strict
      ---
      duration_ms: 0.325115
      type: 'test'
      ...
    # Subtest: AC-14 / ARC-stack: package.json has no dependencies or devDependencies and scripts.test is "node --test"
    ok 3 - AC-14 / ARC-stack: package.json has no dependencies or devDependencies and scripts.test is "node --test"
      ---
      duration_ms: 0.182404
      type: 'test'
      ...
    # Subtest: AC-14: plan AC trace - each indicator AC maps to a named test in the unit file
    ok 4 - AC-14: plan AC trace - each indicator AC maps to a named test in the unit file
      ---
      duration_ms: 0.197191
      type: 'test'
      ...
    1..4
ok 8 - AC-14: full suite and package.json
  ---
  duration_ms: 601.750806
  type: 'suite'
  ...
# Subtest: AC-1: RATING_SCALE
    # Subtest: AC-1: RATING_SCALE deep-equals the 19 C1 ratings, best first
    ok 1 - AC-1: RATING_SCALE deep-equals the 19 C1 ratings, best first
      ---
      duration_ms: 13.151196
      type: 'test'
      ...
    # Subtest: AC-1 / X-scale-immutability: frozen, push and index write throw TypeError
    ok 2 - AC-1 / X-scale-immutability: frozen, push and index write throw TypeError
      ---
      duration_ms: 0.520749
      type: 'test'
      ...
    1..2
ok 9 - AC-1: RATING_SCALE
  ---
  duration_ms: 14.622504
  type: 'suite'
  ...
# Subtest: AC-2: notchChange
    # Subtest: AC-2: notchChange(BBB+, BB+) is 3 (integer)
    ok 1 - AC-2: notchChange(BBB+, BB+) is 3 (integer)
      ---
      duration_ms: 0.542863
      type: 'test'
      ...
    # Subtest: AC-2: notchChange(BBB+, BBB-) is 2 (integer)
    ok 2 - AC-2: notchChange(BBB+, BBB-) is 2 (integer)
      ---
      duration_ms: 0.112226
      type: 'test'
      ...
    # Subtest: AC-2: notchChange(A, A-) is 1 (integer)
    ok 3 - AC-2: notchChange(A, A-) is 1 (integer)
      ---
      duration_ms: 0.08265
      type: 'test'
      ...
    # Subtest: AC-2: notchChange(AAA, CCC-) is 18 (integer)
    ok 4 - AC-2: notchChange(AAA, CCC-) is 18 (integer)
      ---
      duration_ms: 0.079342
      type: 'test'
      ...
    # Subtest: AC-2: notchChange(BB, BBB) is -3 (integer)
    ok 5 - AC-2: notchChange(BB, BBB) is -3 (integer)
      ---
      duration_ms: 0.236696
      type: 'test'
      ...
    # Subtest: AC-2: notchChange(CCC-, AAA) is -18 (integer)
    ok 6 - AC-2: notchChange(CCC-, AAA) is -18 (integer)
      ---
      duration_ms: 0.295646
      type: 'test'
      ...
    # Subtest: AC-2: notchChange(BBB, BBB) is 0 (integer)
    ok 7 - AC-2: notchChange(BBB, BBB) is 0 (integer)
      ---
      duration_ms: 0.189964
      type: 'test'
      ...
    # Subtest: AC-2: unchanged is +0, never -0
    ok 8 - AC-2: unchanged is +0, never -0
      ---
      duration_ms: 7.780037
      type: 'test'
      ...
    # Subtest: AC-2: result equals index(current) - index(previous) on RATING_SCALE for all pairs
    ok 9 - AC-2: result equals index(current) - index(previous) on RATING_SCALE for all pairs
      ---
      duration_ms: 0.763298
      type: 'test'
      ...
    # Subtest: AC-2: extremes stay within [-18, 18]
    ok 10 - AC-2: extremes stay within [-18, 18]
      ---
      duration_ms: 0.542251
      type: 'test'
      ...
    1..10
ok 10 - AC-2: notchChange
  ---
  duration_ms: 11.250421
  type: 'suite'
  ...
# Subtest: AC-3: whitespace and case normalisation
    # Subtest: AC-3: notchChange(" bbb+ ", "bb+") is 3
    ok 1 - AC-3: notchChange(" bbb+ ", "bb+") is 3
      ---
      duration_ms: 0.218977
      type: 'test'
      ...
    # Subtest: AC-3: notchChange("\\tAa-\\n", "a+") is 1
    ok 2 - AC-3: notchChange("\\tAa-\\n", "a+") is 1
      ---
      duration_ms: 0.14486
      type: 'test'
      ...
    # Subtest: AC-3: notchCalculator("bbb+", "BB+") equals the canonical result
    ok 3 - AC-3: notchCalculator("bbb+", "BB+") equals the canonical result
      ---
      duration_ms: 0.412593
      type: 'test'
      ...
    # Subtest: AC-3: every scale value is accepted padded and in lower case, with the same result
    ok 4 - AC-3: every scale value is accepted padded and in lower case, with the same result
      ---
      duration_ms: 0.285108
      type: 'test'
      ...
    1..4
ok 11 - AC-3: whitespace and case normalisation
  ---
  duration_ms: 1.359972
  type: 'suite'
  ...
# Subtest: AC-4: invalid input throws RangeError
    # Subtest: AC-4: notchChange rejects "CC" as previous
    ok 1 - AC-4: notchChange rejects "CC" as previous
      ---
      duration_ms: 0.879435
      type: 'test'
      ...
    # Subtest: AC-4: notchChange rejects "CC" as current
    ok 2 - AC-4: notchChange rejects "CC" as current
      ---
      duration_ms: 0.241929
      type: 'test'
      ...
    # Subtest: AC-4: notchCalculator rejects "CC" as previous
    ok 3 - AC-4: notchCalculator rejects "CC" as previous
      ---
      duration_ms: 0.156996
      type: 'test'
      ...
    # Subtest: AC-4: notchCalculator rejects "CC" as current
    ok 4 - AC-4: notchCalculator rejects "CC" as current
      ---
      duration_ms: 0.15439
      type: 'test'
      ...
    # Subtest: AC-4: notchChange rejects "D" as previous
    ok 5 - AC-4: notchChange rejects "D" as previous
      ---
      duration_ms: 0.103804
      type: 'test'
      ...
    # Subtest: AC-4: notchChange rejects "D" as current
    ok 6 - AC-4: notchChange rejects "D" as current
      ---
      duration_ms: 0.094051
      type: 'test'
      ...
    # Subtest: AC-4: notchCalculator rejects "D" as previous
    ok 7 - AC-4: notchCalculator rejects "D" as previous
      ---
      duration_ms: 0.218062
      type: 'test'
      ...
    # Subtest: AC-4: notchCalculator rejects "D" as current
    ok 8 - AC-4: notchCalculator rejects "D" as current
      ---
      duration_ms: 0.118516
      type: 'test'
      ...
    # Subtest: AC-4: notchChange rejects "NR" as previous
    ok 9 - AC-4: notchChange rejects "NR" as previous
      ---
      duration_ms: 0.104751
      type: 'test'
      ...
    # Subtest: AC-4: notchChange rejects "NR" as current
    ok 10 - AC-4: notchChange rejects "NR" as current
      ---
      duration_ms: 0.099142
      type: 'test'
      ...
    # Subtest: AC-4: notchCalculator rejects "NR" as previous
    ok 11 - AC-4: notchCalculator rejects "NR" as previous
      ---
      duration_ms: 3.284563
      type: 'test'
      ...
    # Subtest: AC-4: notchCalculator rejects "NR" as current
    ok 12 - AC-4: notchCalculator rejects "NR" as current
      ---
      duration_ms: 0.081473
      type: 'test'
      ...
    # Subtest: AC-4: notchChange rejects "AAA+" as previous
    ok 13 - AC-4: notchChange rejects "AAA+" as previous
      ---
      duration_ms: 0.13822
      type: 'test'
      ...
    # Subtest: AC-4: notchChange rejects "AAA+" as current
    ok 14 - AC-4: notchChange rejects "AAA+" as current
      ---
      duration_ms: 0.071051
      type: 'test'
      ...
    # Subtest: AC-4: notchCalculator rejects "AAA+" as previous
    ok 15 - AC-4: notchCalculator rejects "AAA+" as previous
      ---
      duration_ms: 0.061044
      type: 'test'
      ...
    # Subtest: AC-4: notchCalculator rejects "AAA+" as current
    ok 16 - AC-4: notchCalculator rejects "AAA+" as current
      ---
      duration_ms: 0.05625
      type: 'test'
      ...
    # Subtest: AC-4: notchChange rejects "Baa1" as previous
    ok 17 - AC-4: notchChange rejects "Baa1" as previous
      ---
      duration_ms: 0.057553
      type: 'test'
      ...
    # Subtest: AC-4: notchChange rejects "Baa1" as current
    ok 18 - AC-4: notchChange rejects "Baa1" as current
      ---
      duration_ms: 0.056294
      type: 'test'
      ...
    # Subtest: AC-4: notchCalculator rejects "Baa1" as previous
    ok 19 - AC-4: notchCalculator rejects "Baa1" as previous
      ---
      duration_ms: 0.19323
      type: 'test'
      ...
    # Subtest: AC-4: notchCalculator rejects "Baa1" as current
    ok 20 - AC-4: notchCalculator rejects "Baa1" as current
      ---
      duration_ms: 0.250178
      type: 'test'
      ...
    # Subtest: AC-4: notchChange rejects "" as previous
    ok 21 - AC-4: notchChange rejects "" as previous
      ---
      duration_ms: 0.232042
      type: 'test'
      ...
    # Subtest: AC-4: notchChange rejects "" as current
    ok 22 - AC-4: notchChange rejects "" as current
      ---
      duration_ms: 0.118238
      type: 'test'
      ...
    # Subtest: AC-4: notchCalculator rejects "" as previous
    ok 23 - AC-4: notchCalculator rejects "" as previous
      ---
      duration_ms: 0.101577
      type: 'test'
      ...
    # Subtest: AC-4: notchCalculator rejects "" as current
    ok 24 - AC-4: notchCalculator rejects "" as current
      ---
      duration_ms: 0.10036
      type: 'test'
      ...
    # Subtest: AC-4: notchChange rejects "   " as previous
    ok 25 - AC-4: notchChange rejects "   " as previous
      ---
      duration_ms: 0.189667
      type: 'test'
      ...
    # Subtest: AC-4: notchChange rejects "   " as current
    ok 26 - AC-4: notchChange rejects "   " as current
      ---
      duration_ms: 0.114018
      type: 'test'
      ...
    # Subtest: AC-4: notchCalculator rejects "   " as previous
    ok 27 - AC-4: notchCalculator rejects "   " as previous
      ---
      duration_ms: 0.108457
      type: 'test'
      ...
    # Subtest: AC-4: notchCalculator rejects "   " as current
    ok 28 - AC-4: notchCalculator rejects "   " as current
      ---
      duration_ms: 0.107826
      type: 'test'
      ...
    # Subtest: AC-4: notchChange rejects "BBB +" as previous
    ok 29 - AC-4: notchChange rejects "BBB +" as previous
      ---
      duration_ms: 0.095831
      type: 'test'
      ...
    # Subtest: AC-4: notchChange rejects "BBB +" as current
    ok 30 - AC-4: notchChange rejects "BBB +" as current
      ---
      duration_ms: 0.09097
      type: 'test'
      ...
    # Subtest: AC-4: notchCalculator rejects "BBB +" as previous
    ok 31 - AC-4: notchCalculator rejects "BBB +" as previous
      ---
      duration_ms: 0.087532
      type: 'test'
      ...
    # Subtest: AC-4: notchCalculator rejects "BBB +" as current
    ok 32 - AC-4: notchCalculator rejects "BBB +" as current
      ---
      duration_ms: 0.085714
      type: 'test'
      ...
    # Subtest: AC-4: notchChange rejects null as previous
    ok 33 - AC-4: notchChange rejects null as previous
      ---
      duration_ms: 0.219296
      type: 'test'
      ...
    # Subtest: AC-4: notchChange rejects null as current
    ok 34 - AC-4: notchChange rejects null as current
      ---
      duration_ms: 0.109743
      type: 'test'
      ...
    # Subtest: AC-4: notchCalculator rejects null as previous
    ok 35 - AC-4: notchCalculator rejects null as previous
      ---
      duration_ms: 0.088445
      type: 'test'
      ...
    # Subtest: AC-4: notchCalculator rejects null as current
    ok 36 - AC-4: notchCalculator rejects null as current
      ---
      duration_ms: 0.091511
      type: 'test'
      ...
    # Subtest: AC-4: notchChange rejects undefined as previous
    ok 37 - AC-4: notchChange rejects undefined as previous
      ---
      duration_ms: 0.099789
      type: 'test'
      ...
    # Subtest: AC-4: notchChange rejects undefined as current
    ok 38 - AC-4: notchChange rejects undefined as current
      ---
      duration_ms: 0.100068
      type: 'test'
      ...
    # Subtest: AC-4: notchCalculator rejects undefined as previous
    ok 39 - AC-4: notchCalculator rejects undefined as previous
      ---
      duration_ms: 0.400404
      type: 'test'
      ...
    # Subtest: AC-4: notchCalculator rejects undefined as current
    ok 40 - AC-4: notchCalculator rejects undefined as current
      ---
      duration_ms: 0.172464
      type: 'test'
      ...
    # Subtest: AC-4: notchChange rejects 42 as previous
    ok 41 - AC-4: notchChange rejects 42 as previous
      ---
      duration_ms: 0.109057
      type: 'test'
      ...
    # Subtest: AC-4: notchChange rejects 42 as current
    ok 42 - AC-4: notchChange rejects 42 as current
      ---
      duration_ms: 0.209236
      type: 'test'
      ...
    # Subtest: AC-4: notchCalculator rejects 42 as previous
    ok 43 - AC-4: notchCalculator rejects 42 as previous
      ---
      duration_ms: 0.118717
      type: 'test'
      ...
    # Subtest: AC-4: notchCalculator rejects 42 as current
    ok 44 - AC-4: notchCalculator rejects 42 as current
      ---
      duration_ms: 0.114519
      type: 'test'
      ...
    # Subtest: AC-4: notchChange rejects {} as previous
    ok 45 - AC-4: notchChange rejects {} as previous
      ---
      duration_ms: 0.120082
      type: 'test'
      ...
    # Subtest: AC-4: notchChange rejects {} as current
    ok 46 - AC-4: notchChange rejects {} as current
      ---
      duration_ms: 0.107629
      type: 'test'
      ...
    # Subtest: AC-4: notchCalculator rejects {} as previous
    ok 47 - AC-4: notchCalculator rejects {} as previous
      ---
      duration_ms: 0.092883
      type: 'test'
      ...
    # Subtest: AC-4: notchCalculator rejects {} as current
    ok 48 - AC-4: notchCalculator rejects {} as current
      ---
      duration_ms: 0.092929
      type: 'test'
      ...
    # Subtest: AC-4: both arguments invalid throws RangeError
    ok 49 - AC-4: both arguments invalid throws RangeError
      ---
      duration_ms: 0.243225
      type: 'test'
      ...
    # Subtest: AC-4: other non-strings are rejected with RangeError, never TypeError
    ok 50 - AC-4: other non-strings are rejected with RangeError, never TypeError
      ---
      duration_ms: 0.328963
      type: 'test'
      ...
    # Subtest: AC-4: missing arguments throw RangeError
    ok 51 - AC-4: missing arguments throw RangeError
      ---
      duration_ms: 0.204785
      type: 'test'
      ...
    # Subtest: AC-4: the error is a plain RangeError whose message names argument and value
    ok 52 - AC-4: the error is a plain RangeError whose message names argument and value
      ---
      duration_ms: 0.166249
      type: 'test'
      ...
    1..52
ok 12 - AC-4: invalid input throws RangeError
  ---
  duration_ms: 15.551205
  type: 'suite'
  ...
# Subtest: AC-5: downgrades of 2 or more notches
    # Subtest: AC-5: notchCalculator(BBB+, BBB-) -> {"notches":2,"direction":"downgrade","wl":1}
    ok 1 - AC-5: notchCalculator(BBB+, BBB-) -> {"notches":2,"direction":"downgrade","wl":1}
      ---
      duration_ms: 0.252709
      type: 'test'
      ...
    # Subtest: AC-5: notchCalculator(BBB+, BB+) -> {"notches":3,"direction":"downgrade","wl":2}
    ok 2 - AC-5: notchCalculator(BBB+, BB+) -> {"notches":3,"direction":"downgrade","wl":2}
      ---
      duration_ms: 0.101542
      type: 'test'
      ...
    # Subtest: AC-5: notchCalculator(BB, B) -> {"notches":3,"direction":"downgrade","wl":2}
    ok 3 - AC-5: notchCalculator(BB, B) -> {"notches":3,"direction":"downgrade","wl":2}
      ---
      duration_ms: 0.092966
      type: 'test'
      ...
    # Subtest: AC-5: notchCalculator(AAA, CCC-) -> {"notches":18,"direction":"downgrade","wl":2}
    ok 4 - AC-5: notchCalculator(AAA, CCC-) -> {"notches":18,"direction":"downgrade","wl":2}
      ---
      duration_ms: 0.172117
      type: 'test'
      ...
    1..4
ok 13 - AC-5: downgrades of 2 or more notches
  ---
  duration_ms: 0.877771
  type: 'suite'
  ...
# Subtest: AC-6: 1-notch downgrade gives WL 0
    # Subtest: AC-6: notchCalculator(A, A-) -> wl 0
    ok 1 - AC-6: notchCalculator(A, A-) -> wl 0
      ---
      duration_ms: 0.274701
      type: 'test'
      ...
    # Subtest: AC-6: notchCalculator(CCC, CCC-) -> wl 0
    ok 2 - AC-6: notchCalculator(CCC, CCC-) -> wl 0
      ---
      duration_ms: 0.236712
      type: 'test'
      ...
    1..2
ok 14 - AC-6: 1-notch downgrade gives WL 0
  ---
  duration_ms: 0.665156
  type: 'suite'
  ...
# Subtest: AC-7: upgrades
    # Subtest: AC-7: notchCalculator(BB, BBB) -> {"notches":-3,"direction":"upgrade","wl":0}
    ok 1 - AC-7: notchCalculator(BB, BBB) -> {"notches":-3,"direction":"upgrade","wl":0}
      ---
      duration_ms: 3.668775
      type: 'test'
      ...
    # Subtest: AC-7: notchCalculator(BBB-, BBB+) -> {"notches":-2,"direction":"upgrade","wl":0}
    ok 2 - AC-7: notchCalculator(BBB-, BBB+) -> {"notches":-2,"direction":"upgrade","wl":0}
      ---
      duration_ms: 0.099004
      type: 'test'
      ...
    # Subtest: AC-7: notchCalculator(A-, A) -> {"notches":-1,"direction":"upgrade","wl":0}
    ok 3 - AC-7: notchCalculator(A-, A) -> {"notches":-1,"direction":"upgrade","wl":0}
      ---
      duration_ms: 0.083562
      type: 'test'
      ...
    # Subtest: AC-7: notchCalculator(CCC-, AAA) -> {"notches":-18,"direction":"upgrade","wl":0}
    ok 4 - AC-7: notchCalculator(CCC-, AAA) -> {"notches":-18,"direction":"upgrade","wl":0}
      ---
      duration_ms: 0.083791
      type: 'test'
      ...
    1..4
ok 15 - AC-7: upgrades
  ---
  duration_ms: 4.342671
  type: 'suite'
  ...
# Subtest: AC-8: unchanged rating
    # Subtest: AC-8: notchCalculator("BBB", "BBB") is unchanged with +0
    ok 1 - AC-8: notchCalculator("BBB", "BBB") is unchanged with +0
      ---
      duration_ms: 0.232839
      type: 'test'
      ...
    # Subtest: AC-8: notchCalculator("aaa", " AAA ") is unchanged with +0
    ok 2 - AC-8: notchCalculator("aaa", " AAA ") is unchanged with +0
      ---
      duration_ms: 0.094701
      type: 'test'
      ...
    1..2
ok 16 - AC-8: unchanged rating
  ---
  duration_ms: 0.47605
  type: 'suite'
  ...
# Subtest: AC-9: all 361 scale pairs
    # Subtest: AC-9: notchCalculator is consistent with notchChange and the Ind. 13 thresholds for every pair
    ok 1 - AC-9: notchCalculator is consistent with notchChange and the Ind. 13 thresholds for every pair
      ---
      duration_ms: 5.237854
      type: 'test'
      ...
    # Subtest: AC-9: each call returns a new plain object
    ok 2 - AC-9: each call returns a new plain object
      ---
      duration_ms: 0.339299
      type: 'test'
      ...
    1..2
ok 17 - AC-9: all 361 scale pairs
  ---
  duration_ms: 5.738612
  type: 'suite'
  ...
# Subtest: AC-13 (notch part): contract and purity
    # Subtest: AC-13: notchChange.length and notchCalculator.length are 2
    ok 1 - AC-13: notchChange.length and notchCalculator.length are 2
      ---
      duration_ms: 0.632826
      type: 'test'
      ...
    # Subtest: AC-13: source has no import, require, fetch, process, node:fs/http/https or console
    ok 2 - AC-13: source has no import, require, fetch, process, node:fs/http/https or console
      ---
      duration_ms: 4.097639
      type: 'test'
      ...
    # Subtest: AC-13: arguments are not changed by the calls
    ok 3 - AC-13: arguments are not changed by the calls
      ---
      duration_ms: 0.266118
      type: 'test'
      ...
    # Subtest: AC-13: calls write nothing to stdout or stderr (child process)
    ok 4 - AC-13: calls write nothing to stdout or stderr (child process)
      ---
      duration_ms: 50.693742
      type: 'test'
      ...
    # Subtest: AC-13: documented node -e probe returns the corrected 3-notch / WL 2 result
    ok 5 - AC-13: documented node -e probe returns the corrected 3-notch / WL 2 result
      ---
      duration_ms: 97.57804
      type: 'test'
      ...
    1..5
ok 18 - AC-13 (notch part): contract and purity
  ---
  duration_ms: 153.623291
  type: 'suite'
  ...
# Subtest: RATING_SCALE (AC-1)
    # Subtest: has the 19 steps, best first
    ok 1 - has the 19 steps, best first
      ---
      duration_ms: 2.145946
      type: 'test'
      ...
    # Subtest: is immutable
    ok 2 - is immutable
      ---
      duration_ms: 0.572922
      type: 'test'
      ...
    1..2
ok 19 - RATING_SCALE (AC-1)
  ---
  duration_ms: 4.298202
  type: 'suite'
  ...
# Subtest: notchChange (AC-2, AC-3)
    # Subtest: BBB+ -> BB+ = 3
    ok 1 - BBB+ -> BB+ = 3
      ---
      duration_ms: 0.635713
      type: 'test'
      ...
    # Subtest: BBB+ -> BBB- = 2
    ok 2 - BBB+ -> BBB- = 2
      ---
      duration_ms: 0.154056
      type: 'test'
      ...
    # Subtest: A -> A- = 1
    ok 3 - A -> A- = 1
      ---
      duration_ms: 0.148316
      type: 'test'
      ...
    # Subtest: AAA -> CCC- = 18
    ok 4 - AAA -> CCC- = 18
      ---
      duration_ms: 9.236146
      type: 'test'
      ...
    # Subtest: BB -> BBB = -3
    ok 5 - BB -> BBB = -3
      ---
      duration_ms: 0.27037
      type: 'test'
      ...
    # Subtest: CCC- -> AAA = -18
    ok 6 - CCC- -> AAA = -18
      ---
      duration_ms: 0.297527
      type: 'test'
      ...
    # Subtest: BBB -> BBB = 0
    ok 7 - BBB -> BBB = 0
      ---
      duration_ms: 0.204205
      type: 'test'
      ...
    # Subtest: unchanged is +0, never -0
    ok 8 - unchanged is +0, never -0
      ---
      duration_ms: 0.512681
      type: 'test'
      ...
    # Subtest: normalises whitespace and case
    ok 9 - normalises whitespace and case
      ---
      duration_ms: 0.122887
      type: 'test'
      ...
    1..9
ok 20 - notchChange (AC-2, AC-3)
  ---
  duration_ms: 12.386261
  type: 'suite'
  ...
# Subtest: notchCalculator
    # Subtest: lower-case input is normalised (AC-3)
    ok 1 - lower-case input is normalised (AC-3)
      ---
      duration_ms: 0.258729
      type: 'test'
      ...
    # Subtest: downgrade of 2 or more notches (AC-5)
    ok 2 - downgrade of 2 or more notches (AC-5)
      ---
      duration_ms: 0.121253
      type: 'test'
      ...
    # Subtest: 1-notch downgrade gives WL 0 (AC-6)
    ok 3 - 1-notch downgrade gives WL 0 (AC-6)
      ---
      duration_ms: 0.086281
      type: 'test'
      ...
    # Subtest: upgrade gives negative notches and WL 0 (AC-7)
    ok 4 - upgrade gives negative notches and WL 0 (AC-7)
      ---
      duration_ms: 0.206893
      type: 'test'
      ...
    # Subtest: unchanged gives +0 notches and WL 0 (AC-8)
    ok 5 - unchanged gives +0 notches and WL 0 (AC-8)
      ---
      duration_ms: 0.14045
      type: 'test'
      ...
    # Subtest: exhaustive over all 361 pairs (AC-9)
    ok 6 - exhaustive over all 361 pairs (AC-9)
      ---
      duration_ms: 11.256962
      type: 'test'
      ...
    # Subtest: returns a new plain object on each call
    ok 7 - returns a new plain object on each call
      ---
      duration_ms: 0.191779
      type: 'test'
      ...
    1..7
ok 21 - notchCalculator
  ---
  duration_ms: 12.490762
  type: 'suite'
  ...
# Subtest: invalid input (AC-4, CON-errors)
    # Subtest: notchChange: "CC" as previous throws RangeError
    ok 1 - notchChange: "CC" as previous throws RangeError
      ---
      duration_ms: 1.031371
      type: 'test'
      ...
    # Subtest: notchChange: "CC" as current throws RangeError
    ok 2 - notchChange: "CC" as current throws RangeError
      ---
      duration_ms: 0.136629
      type: 'test'
      ...
    # Subtest: notchChange: "D" as previous throws RangeError
    ok 3 - notchChange: "D" as previous throws RangeError
      ---
      duration_ms: 0.065991
      type: 'test'
      ...
    # Subtest: notchChange: "D" as current throws RangeError
    ok 4 - notchChange: "D" as current throws RangeError
      ---
      duration_ms: 0.070491
      type: 'test'
      ...
    # Subtest: notchChange: "NR" as previous throws RangeError
    ok 5 - notchChange: "NR" as previous throws RangeError
      ---
      duration_ms: 0.057382
      type: 'test'
      ...
    # Subtest: notchChange: "NR" as current throws RangeError
    ok 6 - notchChange: "NR" as current throws RangeError
      ---
      duration_ms: 0.06178
      type: 'test'
      ...
    # Subtest: notchChange: "AAA+" as previous throws RangeError
    ok 7 - notchChange: "AAA+" as previous throws RangeError
      ---
      duration_ms: 0.06156
      type: 'test'
      ...
    # Subtest: notchChange: "AAA+" as current throws RangeError
    ok 8 - notchChange: "AAA+" as current throws RangeError
      ---
      duration_ms: 0.381075
      type: 'test'
      ...
    # Subtest: notchChange: "Baa1" as previous throws RangeError
    ok 9 - notchChange: "Baa1" as previous throws RangeError
      ---
      duration_ms: 0.090083
      type: 'test'
      ...
    # Subtest: notchChange: "Baa1" as current throws RangeError
    ok 10 - notchChange: "Baa1" as current throws RangeError
      ---
      duration_ms: 0.062082
      type: 'test'
      ...
    # Subtest: notchChange: "" as previous throws RangeError
    ok 11 - notchChange: "" as previous throws RangeError
      ---
      duration_ms: 0.060493
      type: 'test'
      ...
    # Subtest: notchChange: "" as current throws RangeError
    ok 12 - notchChange: "" as current throws RangeError
      ---
      duration_ms: 0.064131
      type: 'test'
      ...
    # Subtest: notchChange: "   " as previous throws RangeError
    ok 13 - notchChange: "   " as previous throws RangeError
      ---
      duration_ms: 0.178531
      type: 'test'
      ...
    # Subtest: notchChange: "   " as current throws RangeError
    ok 14 - notchChange: "   " as current throws RangeError
      ---
      duration_ms: 0.064247
      type: 'test'
      ...
    # Subtest: notchChange: "BBB +" as previous throws RangeError
    ok 15 - notchChange: "BBB +" as previous throws RangeError
      ---
      duration_ms: 0.055272
      type: 'test'
      ...
    # Subtest: notchChange: "BBB +" as current throws RangeError
    ok 16 - notchChange: "BBB +" as current throws RangeError
      ---
      duration_ms: 0.081493
      type: 'test'
      ...
    # Subtest: notchChange: null as previous throws RangeError
    ok 17 - notchChange: null as previous throws RangeError
      ---
      duration_ms: 0.105588
      type: 'test'
      ...
    # Subtest: notchChange: null as current throws RangeError
    ok 18 - notchChange: null as current throws RangeError
      ---
      duration_ms: 0.107715
      type: 'test'
      ...
    # Subtest: notchChange: undefined as previous throws RangeError
    ok 19 - notchChange: undefined as previous throws RangeError
      ---
      duration_ms: 0.060199
      type: 'test'
      ...
    # Subtest: notchChange: undefined as current throws RangeError
    ok 20 - notchChange: undefined as current throws RangeError
      ---
      duration_ms: 0.063295
      type: 'test'
      ...
    # Subtest: notchChange: 42 as previous throws RangeError
    ok 21 - notchChange: 42 as previous throws RangeError
      ---
      duration_ms: 0.064869
      type: 'test'
      ...
    # Subtest: notchChange: 42 as current throws RangeError
    ok 22 - notchChange: 42 as current throws RangeError
      ---
      duration_ms: 0.057124
      type: 'test'
      ...
    # Subtest: notchChange: {} as previous throws RangeError
    ok 23 - notchChange: {} as previous throws RangeError
      ---
      duration_ms: 0.113614
      type: 'test'
      ...
    # Subtest: notchChange: {} as current throws RangeError
    ok 24 - notchChange: {} as current throws RangeError
      ---
      duration_ms: 0.067211
      type: 'test'
      ...
    # Subtest: notchChange: both arguments invalid throws RangeError
    ok 25 - notchChange: both arguments invalid throws RangeError
      ---
      duration_ms: 0.106429
      type: 'test'
      ...
    # Subtest: notchCalculator: "CC" as previous throws RangeError
    ok 26 - notchCalculator: "CC" as previous throws RangeError
      ---
      duration_ms: 0.064304
      type: 'test'
      ...
    # Subtest: notchCalculator: "CC" as current throws RangeError
    ok 27 - notchCalculator: "CC" as current throws RangeError
      ---
      duration_ms: 0.053374
      type: 'test'
      ...
    # Subtest: notchCalculator: "D" as previous throws RangeError
    ok 28 - notchCalculator: "D" as previous throws RangeError
      ---
      duration_ms: 0.051966
      type: 'test'
      ...
    # Subtest: notchCalculator: "D" as current throws RangeError
    ok 29 - notchCalculator: "D" as current throws RangeError
      ---
      duration_ms: 0.068221
      type: 'test'
      ...
    # Subtest: notchCalculator: "NR" as previous throws RangeError
    ok 30 - notchCalculator: "NR" as previous throws RangeError
      ---
      duration_ms: 0.055739
      type: 'test'
      ...
    # Subtest: notchCalculator: "NR" as current throws RangeError
    ok 31 - notchCalculator: "NR" as current throws RangeError
      ---
      duration_ms: 0.062779
      type: 'test'
      ...
    # Subtest: notchCalculator: "AAA+" as previous throws RangeError
    ok 32 - notchCalculator: "AAA+" as previous throws RangeError
      ---
      duration_ms: 0.069857
      type: 'test'
      ...
    # Subtest: notchCalculator: "AAA+" as current throws RangeError
    ok 33 - notchCalculator: "AAA+" as current throws RangeError
      ---
      duration_ms: 0.061408
      type: 'test'
      ...
    # Subtest: notchCalculator: "Baa1" as previous throws RangeError
    ok 34 - notchCalculator: "Baa1" as previous throws RangeError
      ---
      duration_ms: 0.05993
      type: 'test'
      ...
    # Subtest: notchCalculator: "Baa1" as current throws RangeError
    ok 35 - notchCalculator: "Baa1" as current throws RangeError
      ---
      duration_ms: 0.066365
      type: 'test'
      ...
    # Subtest: notchCalculator: "" as previous throws RangeError
    ok 36 - notchCalculator: "" as previous throws RangeError
      ---
      duration_ms: 0.06108
      type: 'test'
      ...
    # Subtest: notchCalculator: "" as current throws RangeError
    ok 37 - notchCalculator: "" as current throws RangeError
      ---
      duration_ms: 0.059384
      type: 'test'
      ...
    # Subtest: notchCalculator: "   " as previous throws RangeError
    ok 38 - notchCalculator: "   " as previous throws RangeError
      ---
      duration_ms: 0.060696
      type: 'test'
      ...
    # Subtest: notchCalculator: "   " as current throws RangeError
    ok 39 - notchCalculator: "   " as current throws RangeError
      ---
      duration_ms: 0.058858
      type: 'test'
      ...
    # Subtest: notchCalculator: "BBB +" as previous throws RangeError
    ok 40 - notchCalculator: "BBB +" as previous throws RangeError
      ---
      duration_ms: 0.090401
      type: 'test'
      ...
    # Subtest: notchCalculator: "BBB +" as current throws RangeError
    ok 41 - notchCalculator: "BBB +" as current throws RangeError
      ---
      duration_ms: 0.07176
      type: 'test'
      ...
    # Subtest: notchCalculator: null as previous throws RangeError
    ok 42 - notchCalculator: null as previous throws RangeError
      ---
      duration_ms: 0.063039
      type: 'test'
      ...
    # Subtest: notchCalculator: null as current throws RangeError
    ok 43 - notchCalculator: null as current throws RangeError
      ---
      duration_ms: 0.060493
      type: 'test'
      ...
    # Subtest: notchCalculator: undefined as previous throws RangeError
    ok 44 - notchCalculator: undefined as previous throws RangeError
      ---
      duration_ms: 0.059405
      type: 'test'
      ...
    # Subtest: notchCalculator: undefined as current throws RangeError
    ok 45 - notchCalculator: undefined as current throws RangeError
      ---
      duration_ms: 0.057935
      type: 'test'
      ...
    # Subtest: notchCalculator: 42 as previous throws RangeError
    ok 46 - notchCalculator: 42 as previous throws RangeError
      ---
      duration_ms: 0.059942
      type: 'test'
      ...
    # Subtest: notchCalculator: 42 as current throws RangeError
    ok 47 - notchCalculator: 42 as current throws RangeError
      ---
      duration_ms: 0.059096
      type: 'test'
      ...
    # Subtest: notchCalculator: {} as previous throws RangeError
    ok 48 - notchCalculator: {} as previous throws RangeError
      ---
      duration_ms: 0.05823
      type: 'test'
      ...
    # Subtest: notchCalculator: {} as current throws RangeError
    ok 49 - notchCalculator: {} as current throws RangeError
      ---
      duration_ms: 0.062254
      type: 'test'
      ...
    # Subtest: notchCalculator: both arguments invalid throws RangeError
    ok 50 - notchCalculator: both arguments invalid throws RangeError
      ---
      duration_ms: 0.060405
      type: 'test'
      ...
    # Subtest: non-string values never produce TypeError
    ok 51 - non-string values never produce TypeError
      ---
      duration_ms: 0.229685
      type: 'test'
      ...
    # Subtest: message names the argument and the offending value and lists valid ratings
    ok 52 - message names the argument and the offending value and lists valid ratings
      ---
      duration_ms: 0.389653
      type: 'test'
      ...
    1..52
ok 22 - invalid input (AC-4, CON-errors)
  ---
  duration_ms: 10.629189
  type: 'suite'
  ...
# Subtest: contract (AC-13)
    # Subtest: arity is exactly 2
    ok 1 - arity is exactly 2
      ---
      duration_ms: 8.00991
      type: 'test'
      ...
    # Subtest: source is pure: no imports, no I/O, no console
    ok 2 - source is pure: no imports, no I/O, no console
      ---
      duration_ms: 0.689857
      type: 'test'
      ...
    # Subtest: inputs are not modified and nothing is written to stdout/stderr
    ok 3 - inputs are not modified and nothing is written to stdout/stderr
      ---
      duration_ms: 0.203683
      type: 'test'
      ...
    1..3
ok 23 - contract (AC-13)
  ---
  duration_ms: 9.065638
  type: 'suite'
  ...
1..23
# tests 225
# suites 23
# pass 225
# fail 0
# cancelled 0
# skipped 0
# todo 0
# duration_ms 952.296978
