=== traccar
   2 src/main/java/org/traccar/protocol/OutsafeProtocolDecoder.java:83: error: ';' expected
   2 src/main/java/org/traccar/protocol/FlespiProtocolDecoder.java:300: error: ';' expected
   2   src/main/java/org/traccar/protocol/OutsafeProtocolDecoder.java:83: error: ';' expected
   2   src/main/java/org/traccar/protocol/FlespiProtocolDecoder.java:300: error: ';' expected
   1 src/main/java/org/traccar/protocol/OutsafeProtocolDecoder.java:83: error: not a statement
   1 src/main/java/org/traccar/protocol/OutsafeProtocolDecoder.java:83: error: : or -> expected
   1 src/main/java/org/traccar/protocol/FlespiProtocolDecoder.java:300: error: not a statement
   1 src/main/java/org/traccar/protocol/FlespiProtocolDecoder.java:300: error: : or -> expected
   1 BUILD FAILED in 4s
   1   src/main/java/org/traccar/protocol/OutsafeProtocolDecoder.java:83: error: not a statement
   1   src/main/java/org/traccar/protocol/OutsafeProtocolDecoder.java:83: error: : or -> expected
   1   src/main/java/org/traccar/protocol/FlespiProtocolDecoder.java:300: error: not a statement
errors total: 16
=== traccar-mut
   2 src/main/java/org/traccar/protocol/OutsafeProtocolDecoder.java:83: error: ';' expected
   2 src/main/java/org/traccar/protocol/FlespiProtocolDecoder.java:300: error: ';' expected
   2   src/main/java/org/traccar/protocol/OutsafeProtocolDecoder.java:83: error: ';' expected
   2   src/main/java/org/traccar/protocol/FlespiProtocolDecoder.java:300: error: ';' expected
   1 src/main/java/org/traccar/protocol/OutsafeProtocolDecoder.java:83: error: not a statement
   1 src/main/java/org/traccar/protocol/OutsafeProtocolDecoder.java:83: error: : or -> expected
   1 src/main/java/org/traccar/protocol/FlespiProtocolDecoder.java:300: error: not a statement
   1 src/main/java/org/traccar/protocol/FlespiProtocolDecoder.java:300: error: : or -> expected
   1 BUILD FAILED in 4s
   1   src/main/java/org/traccar/protocol/OutsafeProtocolDecoder.java:83: error: not a statement
   1   src/main/java/org/traccar/protocol/OutsafeProtocolDecoder.java:83: error: : or -> expected
   1   src/main/java/org/traccar/protocol/FlespiProtocolDecoder.java:300: error: not a statement
errors total: 16
