=== traccar
   2 /private/tmp/traccar/src/main/java/org/traccar/protocol/OutsafeProtocolDecoder.java:83: error: ';' expected
   2 /private/tmp/traccar/src/main/java/org/traccar/protocol/FlespiProtocolDecoder.java:300: error: ';' expected
   2   /private/tmp/traccar/src/main/java/org/traccar/protocol/OutsafeProtocolDecoder.java:83: error: ';' expected
   2   /private/tmp/traccar/src/main/java/org/traccar/protocol/FlespiProtocolDecoder.java:300: error: ';' expected
   1 BUILD FAILED in 6s
   1 /private/tmp/traccar/src/main/java/org/traccar/storage/QueryBuilder.java:145: error: patterns in switch statements are a preview feature and are disabled by default.
   1 /private/tmp/traccar/src/main/java/org/traccar/storage/MemoryStorage.java:92: error: patterns in switch statements are a preview feature and are disabled by default.
   1 /private/tmp/traccar/src/main/java/org/traccar/storage/DatabaseStorage.java:257: error: patterns in switch statements are a preview feature and are disabled by default.
   1 /private/tmp/traccar/src/main/java/org/traccar/protocol/OutsafeProtocolDecoder.java:83: error: not a statement
   1 /private/tmp/traccar/src/main/java/org/traccar/protocol/OutsafeProtocolDecoder.java:83: error: : or -> expected
   1 /private/tmp/traccar/src/main/java/org/traccar/protocol/OutsafeProtocolDecoder.java:81: error: patterns in switch statements are a preview feature and are disabled by default.
   1 /private/tmp/traccar/src/main/java/org/traccar/protocol/FlespiProtocolDecoder.java:300: error: not a statement
   1 /private/tmp/traccar/src/main/java/org/traccar/protocol/FlespiProtocolDecoder.java:300: error: : or -> expected
   1 /private/tmp/traccar/src/main/java/org/traccar/protocol/FlespiProtocolDecoder.java:292: error: patterns in switch statements are a preview feature and are disabled by default.
   1 /private/tmp/traccar/src/main/java/org/traccar/model/Calendar.java:103: error: patterns in switch statements are a preview feature and are disabled by default.
exit=
=== traccar-mut
   2 /private/tmp/traccar-mut/src/main/java/org/traccar/protocol/OutsafeProtocolDecoder.java:83: error: ';' expected
   2 /private/tmp/traccar-mut/src/main/java/org/traccar/protocol/FlespiProtocolDecoder.java:300: error: ';' expected
   2   /private/tmp/traccar-mut/src/main/java/org/traccar/protocol/OutsafeProtocolDecoder.java:83: error: ';' expected
   2   /private/tmp/traccar-mut/src/main/java/org/traccar/protocol/FlespiProtocolDecoder.java:300: error: ';' expected
   1 BUILD FAILED in 3s
   1 /private/tmp/traccar-mut/src/main/java/org/traccar/storage/QueryBuilder.java:145: error: patterns in switch statements are a preview feature and are disabled by default.
   1 /private/tmp/traccar-mut/src/main/java/org/traccar/storage/MemoryStorage.java:92: error: patterns in switch statements are a preview feature and are disabled by default.
   1 /private/tmp/traccar-mut/src/main/java/org/traccar/storage/DatabaseStorage.java:257: error: patterns in switch statements are a preview feature and are disabled by default.
   1 /private/tmp/traccar-mut/src/main/java/org/traccar/protocol/OutsafeProtocolDecoder.java:83: error: not a statement
   1 /private/tmp/traccar-mut/src/main/java/org/traccar/protocol/OutsafeProtocolDecoder.java:83: error: : or -> expected
   1 /private/tmp/traccar-mut/src/main/java/org/traccar/protocol/OutsafeProtocolDecoder.java:81: error: patterns in switch statements are a preview feature and are disabled by default.
   1 /private/tmp/traccar-mut/src/main/java/org/traccar/protocol/FlespiProtocolDecoder.java:300: error: not a statement
   1 /private/tmp/traccar-mut/src/main/java/org/traccar/protocol/FlespiProtocolDecoder.java:300: error: : or -> expected
   1 /private/tmp/traccar-mut/src/main/java/org/traccar/protocol/FlespiProtocolDecoder.java:292: error: patterns in switch statements are a preview feature and are disabled by default.
   1 /private/tmp/traccar-mut/src/main/java/org/traccar/model/Calendar.java:103: error: patterns in switch statements are a preview feature and are disabled by default.
exit=
