=== traccar
classpath entries:      303
javac exit=1 ; errors=37 ; classes=       0
-- error kinds:
  25 error: package 
   8 error: cannot find symbol
   4 error: package org
-- files with errors:
  11 src/main/java/org/traccar/protocol/MaxPbProtocolDecoder.java
   8 src/main/java/org/traccar/protocol/DolphinProtocolDecoder.java
   7 src/main/java/org/traccar/protocol/OmnicommProtocolDecoder.java
   3 src/main/java/org/traccar/protocol/StarLinkProtocolDecoder.java
   1 src/main/java/org/traccar/storage/DatabaseStorage.java
   1 src/main/java/org/traccar/protocol/T800xProtocolDecoder.java
   1 src/main/java/org/traccar/protocol/RuptelaProtocolDecoder.java
   1 src/main/java/org/traccar/protocol/OutsafeProtocol.java
-- symbols not found:
=== traccar-mut
classpath entries:      303
javac exit=1 ; errors=37 ; classes=       0
-- error kinds:
  25 error: package 
   8 error: cannot find symbol
   4 error: package org
-- files with errors:
  11 src/main/java/org/traccar/protocol/MaxPbProtocolDecoder.java
   8 src/main/java/org/traccar/protocol/DolphinProtocolDecoder.java
   7 src/main/java/org/traccar/protocol/OmnicommProtocolDecoder.java
   3 src/main/java/org/traccar/protocol/StarLinkProtocolDecoder.java
   1 src/main/java/org/traccar/storage/DatabaseStorage.java
   1 src/main/java/org/traccar/protocol/T800xProtocolDecoder.java
   1 src/main/java/org/traccar/protocol/RuptelaProtocolDecoder.java
   1 src/main/java/org/traccar/protocol/OutsafeProtocol.java
-- symbols not found:
