=== traccar
generateProto exit=0
gen dir: build/generated/sources/proto/main/java
javac exit=1 ; errors=8 ; classes=     826
   1 src/main/java/org/traccar/storage/DatabaseStorage.java:119: error: cannot find symbol
   1 src/main/java/org/traccar/protocol/T800xProtocolDecoder.java:213: error: cannot find symbol
   1 src/main/java/org/traccar/protocol/RuptelaProtocolDecoder.java:209: error: cannot find symbol
   1 src/main/java/org/traccar/protocol/OutsafeProtocol.java:38: error: cannot find symbol
   1 src/main/java/org/traccar/protocol/FlespiProtocol.java:38: error: cannot find symbol
   1 src/main/java/org/traccar/geocoder/MapmyIndiaGeocoder.java:35: error: cannot find symbol
   1 src/main/java/org/traccar/geocoder/MapboxGeocoder.java:40: error: cannot find symbol
   1 src/main/java/org/traccar/geocoder/GoogleGeocoder.java:50: error: cannot find symbol
=== traccar-mut
generateProto exit=0
gen dir: build/generated/sources/proto/main/java
javac exit=1 ; errors=8 ; classes=     826
   1 src/main/java/org/traccar/storage/DatabaseStorage.java:119: error: cannot find symbol
   1 src/main/java/org/traccar/protocol/T800xProtocolDecoder.java:213: error: cannot find symbol
   1 src/main/java/org/traccar/protocol/RuptelaProtocolDecoder.java:209: error: cannot find symbol
   1 src/main/java/org/traccar/protocol/OutsafeProtocol.java:38: error: cannot find symbol
   1 src/main/java/org/traccar/protocol/FlespiProtocol.java:38: error: cannot find symbol
   1 src/main/java/org/traccar/geocoder/MapmyIndiaGeocoder.java:35: error: cannot find symbol
   1 src/main/java/org/traccar/geocoder/MapboxGeocoder.java:40: error: cannot find symbol
   1 src/main/java/org/traccar/geocoder/GoogleGeocoder.java:50: error: cannot find symbol
