# qa_verify: node --test test/integration/ratings/*.test.mjs
TAP version 13
# Subtest: AC-1: RATING_SCALE
    # Subtest: AC-1: deep-equals the 19 C1 ratings, best first, and is frozen
    ok 1 - AC-1: deep-equals the 19 C1 ratings, best first, and is frozen
      ---
      duration_ms: 1.239283
      type: 'test'
      ...
    # Subtest: AC-1: push and index assignment throw TypeError (strict mode) and leave the scale intact
    ok 2 - AC-1: push and index assignment throw TypeError (strict mode) and leave the scale intact
      ---
      duration_ms: 0.509455
      type: 'test'
      ...
    1..2
ok 1 - AC-1: RATING_SCALE
  ---
  duration_ms: 2.600499
  type: 'suite'
  ...
# Subtest: AC-2: notchChange downgrades are positive
    # Subtest: AC-2: notchChange('BBB+','BB+') -> 3
    ok 1 - AC-2: notchChange('BBB+','BB+') -> 3
      ---
      duration_ms: 0.261655
      type: 'test'
      ...
    # Subtest: AC-2: notchChange('BBB+','BBB-') -> 2
    ok 2 - AC-2: notchChange('BBB+','BBB-') -> 2
      ---
      duration_ms: 0.078677
      type: 'test'
      ...
    # Subtest: AC-2: notchChange('BBB+','BBB') -> 1
    ok 3 - AC-2: notchChange('BBB+','BBB') -> 1
      ---
      duration_ms: 0.082078
      type: 'test'
      ...
    # Subtest: AC-2: notchChange('BBB+','BB') -> 4
    ok 4 - AC-2: notchChange('BBB+','BB') -> 4
      ---
      duration_ms: 0.063059
      type: 'test'
      ...
    # Subtest: AC-2: notchChange('AAA','CCC-') -> 18
    ok 5 - AC-2: notchChange('AAA','CCC-') -> 18
      ---
      duration_ms: 0.147254
      type: 'test'
      ...
    # Subtest: AC-2: notchChange('CCC','CCC-') -> 1
    ok 6 - AC-2: notchChange('CCC','CCC-') -> 1
      ---
      duration_ms: 0.212856
      type: 'test'
      ...
    1..6
ok 2 - AC-2: notchChange downgrades are positive
  ---
  duration_ms: 1.288628
  type: 'suite'
  ...
# Subtest: AC-3: notchChange upgrades are negative
    # Subtest: AC-3: notchChange('BBB','A') -> -3
    ok 1 - AC-3: notchChange('BBB','A') -> -3
      ---
      duration_ms: 0.275498
      type: 'test'
      ...
    # Subtest: AC-3: notchChange('BB+','BBB+') -> -3
    ok 2 - AC-3: notchChange('BB+','BBB+') -> -3
      ---
      duration_ms: 0.190389
      type: 'test'
      ...
    # Subtest: AC-3: notchChange('BB','BBB') -> -3
    ok 3 - AC-3: notchChange('BB','BBB') -> -3
      ---
      duration_ms: 0.069816
      type: 'test'
      ...
    # Subtest: AC-3: notchChange('AA+','AAA') -> -1
    ok 4 - AC-3: notchChange('AA+','AAA') -> -1
      ---
      duration_ms: 0.050931
      type: 'test'
      ...
    # Subtest: AC-3: notchChange('CCC-','AAA') -> -18
    ok 5 - AC-3: notchChange('CCC-','AAA') -> -18
      ---
      duration_ms: 0.039085
      type: 'test'
      ...
    1..5
ok 3 - AC-3: notchChange upgrades are negative
  ---
  duration_ms: 0.849314
  type: 'suite'
  ...
# Subtest: AC-4: notchChange unchanged is +0, never -0
    # Subtest: AC-4: notchChange('BBB','BBB') -> +0
    ok 1 - AC-4: notchChange('BBB','BBB') -> +0
      ---
      duration_ms: 0.173711
      type: 'test'
      ...
    # Subtest: AC-4: notchChange('AAA','AAA') -> +0
    ok 2 - AC-4: notchChange('AAA','AAA') -> +0
      ---
      duration_ms: 0.038057
      type: 'test'
      ...
    # Subtest: AC-4: notchChange('CCC-','CCC-') -> +0
    ok 3 - AC-4: notchChange('CCC-','CCC-') -> +0
      ---
      duration_ms: 0.048575
      type: 'test'
      ...
    # Subtest: AC-4: +0 for every same-rating pair on the scale
    ok 4 - AC-4: +0 for every same-rating pair on the scale
      ---
      duration_ms: 0.196002
      type: 'test'
      ...
    1..4
ok 4 - AC-4: notchChange unchanged is +0, never -0
  ---
  duration_ms: 0.550353
  type: 'suite'
  ...
# Subtest: AC-5: trimming and case-insensitivity
    # Subtest: AC-5: notchChange('bbb+','bb+') -> 3
    ok 1 - AC-5: notchChange('bbb+','bb+') -> 3
      ---
      duration_ms: 1.086742
      type: 'test'
      ...
    # Subtest: AC-5: notchChange('  BBB+ ','\\tBB+\\n') -> 3
    ok 2 - AC-5: notchChange('  BBB+ ','\\tBB+\\n') -> 3
      ---
      duration_ms: 0.105057
      type: 'test'
      ...
    # Subtest: AC-5: notchChange(' bbb+ ','Bb+') -> 3
    ok 3 - AC-5: notchChange(' bbb+ ','Bb+') -> 3
      ---
      duration_ms: 0.053581
      type: 'test'
      ...
    # Subtest: AC-5: notchChange('aa-','AA-') -> +0
    ok 4 - AC-5: notchChange('aa-','AA-') -> +0
      ---
      duration_ms: 0.045197
      type: 'test'
      ...
    # Subtest: AC-5: notchCalculator(' bbb+','BB+ ') -> {3,'downgrade',2}
    ok 5 - AC-5: notchCalculator(' bbb+','BB+ ') -> {3,'downgrade',2}
      ---
      duration_ms: 0.119984
      type: 'test'
      ...
    # Subtest: AC-5: String.prototype.trim whitespace is accepted (ideographic space, CRLF, tab)
    ok 6 - AC-5: String.prototype.trim whitespace is accepted (ideographic space, CRLF, tab)
      ---
      duration_ms: 0.068342
      type: 'test'
      ...
    # Subtest: AC-5: every scale entry is found in lower case and padded
    ok 7 - AC-5: every scale entry is found in lower case and padded
      ---
      duration_ms: 0.103962
      type: 'test'
      ...
    1..7
ok 5 - AC-5: trimming and case-insensitivity
  ---
  duration_ms: 1.75205
  type: 'suite'
  ...
# Subtest: AC-6: invalid input throws RangeError
    # Subtest: AC-6: notchChange rejects empty string as previous
    ok 1 - AC-6: notchChange rejects empty string as previous
      ---
      duration_ms: 0.718535
      type: 'test'
      ...
    # Subtest: AC-6: notchChange rejects empty string as current
    ok 2 - AC-6: notchChange rejects empty string as current
      ---
      duration_ms: 0.152286
      type: 'test'
      ...
    # Subtest: AC-6: notchCalculator rejects empty string as previous
    ok 3 - AC-6: notchCalculator rejects empty string as previous
      ---
      duration_ms: 0.126861
      type: 'test'
      ...
    # Subtest: AC-6: notchCalculator rejects empty string as current
    ok 4 - AC-6: notchCalculator rejects empty string as current
      ---
      duration_ms: 0.111726
      type: 'test'
      ...
    # Subtest: AC-6: notchChange rejects spaces only as previous
    ok 5 - AC-6: notchChange rejects spaces only as previous
      ---
      duration_ms: 0.058498
      type: 'test'
      ...
    # Subtest: AC-6: notchChange rejects spaces only as current
    ok 6 - AC-6: notchChange rejects spaces only as current
      ---
      duration_ms: 0.047204
      type: 'test'
      ...
    # Subtest: AC-6: notchCalculator rejects spaces only as previous
    ok 7 - AC-6: notchCalculator rejects spaces only as previous
      ---
      duration_ms: 0.129405
      type: 'test'
      ...
    # Subtest: AC-6: notchCalculator rejects spaces only as current
    ok 8 - AC-6: notchCalculator rejects spaces only as current
      ---
      duration_ms: 0.051079
      type: 'test'
      ...
    # Subtest: AC-6: notchChange rejects tab/newline only as previous
    ok 9 - AC-6: notchChange rejects tab/newline only as previous
      ---
      duration_ms: 0.05051
      type: 'test'
      ...
    # Subtest: AC-6: notchChange rejects tab/newline only as current
    ok 10 - AC-6: notchChange rejects tab/newline only as current
      ---
      duration_ms: 0.042788
      type: 'test'
      ...
    # Subtest: AC-6: notchCalculator rejects tab/newline only as previous
    ok 11 - AC-6: notchCalculator rejects tab/newline only as previous
      ---
      duration_ms: 0.104842
      type: 'test'
      ...
    # Subtest: AC-6: notchCalculator rejects tab/newline only as current
    ok 12 - AC-6: notchCalculator rejects tab/newline only as current
      ---
      duration_ms: 0.054929
      type: 'test'
      ...
    # Subtest: AC-6: notchChange rejects D as previous
    ok 13 - AC-6: notchChange rejects D as previous
      ---
      duration_ms: 0.103664
      type: 'test'
      ...
    # Subtest: AC-6: notchChange rejects D as current
    ok 14 - AC-6: notchChange rejects D as current
      ---
      duration_ms: 0.050698
      type: 'test'
      ...
    # Subtest: AC-6: notchCalculator rejects D as previous
    ok 15 - AC-6: notchCalculator rejects D as previous
      ---
      duration_ms: 0.11102
      type: 'test'
      ...
    # Subtest: AC-6: notchCalculator rejects D as current
    ok 16 - AC-6: notchCalculator rejects D as current
      ---
      duration_ms: 0.06642
      type: 'test'
      ...
    # Subtest: AC-6: notchChange rejects SD as previous
    ok 17 - AC-6: notchChange rejects SD as previous
      ---
      duration_ms: 0.056657
      type: 'test'
      ...
    # Subtest: AC-6: notchChange rejects SD as current
    ok 18 - AC-6: notchChange rejects SD as current
      ---
      duration_ms: 0.052775
      type: 'test'
      ...
    # Subtest: AC-6: notchCalculator rejects SD as previous
    ok 19 - AC-6: notchCalculator rejects SD as previous
      ---
      duration_ms: 0.069291
      type: 'test'
      ...
    # Subtest: AC-6: notchCalculator rejects SD as current
    ok 20 - AC-6: notchCalculator rejects SD as current
      ---
      duration_ms: 0.050588
      type: 'test'
      ...
    # Subtest: AC-6: notchChange rejects NR as previous
    ok 21 - AC-6: notchChange rejects NR as previous
      ---
      duration_ms: 0.048812
      type: 'test'
      ...
    # Subtest: AC-6: notchChange rejects NR as current
    ok 22 - AC-6: notchChange rejects NR as current
      ---
      duration_ms: 0.051728
      type: 'test'
      ...
    # Subtest: AC-6: notchCalculator rejects NR as previous
    ok 23 - AC-6: notchCalculator rejects NR as previous
      ---
      duration_ms: 0.057033
      type: 'test'
      ...
    # Subtest: AC-6: notchCalculator rejects NR as current
    ok 24 - AC-6: notchCalculator rejects NR as current
      ---
      duration_ms: 0.075692
      type: 'test'
      ...
    # Subtest: AC-6: notchChange rejects C as previous
    ok 25 - AC-6: notchChange rejects C as previous
      ---
      duration_ms: 0.107506
      type: 'test'
      ...
    # Subtest: AC-6: notchChange rejects C as current
    ok 26 - AC-6: notchChange rejects C as current
      ---
      duration_ms: 0.052192
      type: 'test'
      ...
    # Subtest: AC-6: notchCalculator rejects C as previous
    ok 27 - AC-6: notchCalculator rejects C as previous
      ---
      duration_ms: 0.256159
      type: 'test'
      ...
    # Subtest: AC-6: notchCalculator rejects C as current
    ok 28 - AC-6: notchCalculator rejects C as current
      ---
      duration_ms: 0.111298
      type: 'test'
      ...
    # Subtest: AC-6: notchChange rejects AAA+ as previous
    ok 29 - AC-6: notchChange rejects AAA+ as previous
      ---
      duration_ms: 0.065877
      type: 'test'
      ...
    # Subtest: AC-6: notchChange rejects AAA+ as current
    ok 30 - AC-6: notchChange rejects AAA+ as current
      ---
      duration_ms: 0.057258
      type: 'test'
      ...
    # Subtest: AC-6: notchCalculator rejects AAA+ as previous
    ok 31 - AC-6: notchCalculator rejects AAA+ as previous
      ---
      duration_ms: 0.05051
      type: 'test'
      ...
    # Subtest: AC-6: notchCalculator rejects AAA+ as current
    ok 32 - AC-6: notchCalculator rejects AAA+ as current
      ---
      duration_ms: 0.049792
      type: 'test'
      ...
    # Subtest: AC-6: notchChange rejects CCC-- as previous
    ok 33 - AC-6: notchChange rejects CCC-- as previous
      ---
      duration_ms: 0.17471
      type: 'test'
      ...
    # Subtest: AC-6: notchChange rejects CCC-- as current
    ok 34 - AC-6: notchChange rejects CCC-- as current
      ---
      duration_ms: 0.071312
      type: 'test'
      ...
    # Subtest: AC-6: notchCalculator rejects CCC-- as previous
    ok 35 - AC-6: notchCalculator rejects CCC-- as previous
      ---
      duration_ms: 0.091262
      type: 'test'
      ...
    # Subtest: AC-6: notchCalculator rejects CCC-- as current
    ok 36 - AC-6: notchCalculator rejects CCC-- as current
      ---
      duration_ms: 0.062007
      type: 'test'
      ...
    # Subtest: AC-6: notchChange rejects BBB++ as previous
    ok 37 - AC-6: notchChange rejects BBB++ as previous
      ---
      duration_ms: 0.062763
      type: 'test'
      ...
    # Subtest: AC-6: notchChange rejects BBB++ as current
    ok 38 - AC-6: notchChange rejects BBB++ as current
      ---
      duration_ms: 0.058581
      type: 'test'
      ...
    # Subtest: AC-6: notchCalculator rejects BBB++ as previous
    ok 39 - AC-6: notchCalculator rejects BBB++ as previous
      ---
      duration_ms: 0.051299
      type: 'test'
      ...
    # Subtest: AC-6: notchCalculator rejects BBB++ as current
    ok 40 - AC-6: notchCalculator rejects BBB++ as current
      ---
      duration_ms: 0.05272
      type: 'test'
      ...
    # Subtest: AC-6: notchChange rejects Baa1 as previous
    ok 41 - AC-6: notchChange rejects Baa1 as previous
      ---
      duration_ms: 0.054213
      type: 'test'
      ...
    # Subtest: AC-6: notchChange rejects Baa1 as current
    ok 42 - AC-6: notchChange rejects Baa1 as current
      ---
      duration_ms: 0.068954
      type: 'test'
      ...
    # Subtest: AC-6: notchCalculator rejects Baa1 as previous
    ok 43 - AC-6: notchCalculator rejects Baa1 as previous
      ---
      duration_ms: 0.060436
      type: 'test'
      ...
    # Subtest: AC-6: notchCalculator rejects Baa1 as current
    ok 44 - AC-6: notchCalculator rejects Baa1 as current
      ---
      duration_ms: 0.052807
      type: 'test'
      ...
    # Subtest: AC-6: notchChange rejects B B B+ as previous
    ok 45 - AC-6: notchChange rejects B B B+ as previous
      ---
      duration_ms: 0.059375
      type: 'test'
      ...
    # Subtest: AC-6: notchChange rejects B B B+ as current
    ok 46 - AC-6: notchChange rejects B B B+ as current
      ---
      duration_ms: 0.053835
      type: 'test'
      ...
    # Subtest: AC-6: notchCalculator rejects B B B+ as previous
    ok 47 - AC-6: notchCalculator rejects B B B+ as previous
      ---
      duration_ms: 0.06964
      type: 'test'
      ...
    # Subtest: AC-6: notchCalculator rejects B B B+ as current
    ok 48 - AC-6: notchCalculator rejects B B B+ as current
      ---
      duration_ms: 0.0692
      type: 'test'
      ...
    # Subtest: AC-6: notchChange rejects BBB + as previous
    ok 49 - AC-6: notchChange rejects BBB + as previous
      ---
      duration_ms: 0.063912
      type: 'test'
      ...
    # Subtest: AC-6: notchChange rejects BBB + as current
    ok 50 - AC-6: notchChange rejects BBB + as current
      ---
      duration_ms: 0.064154
      type: 'test'
      ...
    # Subtest: AC-6: notchCalculator rejects BBB + as previous
    ok 51 - AC-6: notchCalculator rejects BBB + as previous
      ---
      duration_ms: 0.075014
      type: 'test'
      ...
    # Subtest: AC-6: notchCalculator rejects BBB + as current
    ok 52 - AC-6: notchCalculator rejects BBB + as current
      ---
      duration_ms: 0.075526
      type: 'test'
      ...
    # Subtest: AC-6: notchChange rejects undefined as previous
    ok 53 - AC-6: notchChange rejects undefined as previous
      ---
      duration_ms: 0.208302
      type: 'test'
      ...
    # Subtest: AC-6: notchChange rejects undefined as current
    ok 54 - AC-6: notchChange rejects undefined as current
      ---
      duration_ms: 0.07423
      type: 'test'
      ...
    # Subtest: AC-6: notchCalculator rejects undefined as previous
    ok 55 - AC-6: notchCalculator rejects undefined as previous
      ---
      duration_ms: 0.063868
      type: 'test'
      ...
    # Subtest: AC-6: notchCalculator rejects undefined as current
    ok 56 - AC-6: notchCalculator rejects undefined as current
      ---
      duration_ms: 0.060013
      type: 'test'
      ...
    # Subtest: AC-6: notchChange rejects null as previous
    ok 57 - AC-6: notchChange rejects null as previous
      ---
      duration_ms: 0.097517
      type: 'test'
      ...
    # Subtest: AC-6: notchChange rejects null as current
    ok 58 - AC-6: notchChange rejects null as current
      ---
      duration_ms: 0.069889
      type: 'test'
      ...
    # Subtest: AC-6: notchCalculator rejects null as previous
    ok 59 - AC-6: notchCalculator rejects null as previous
      ---
      duration_ms: 0.054866
      type: 'test'
      ...
    # Subtest: AC-6: notchCalculator rejects null as current
    ok 60 - AC-6: notchCalculator rejects null as current
      ---
      duration_ms: 0.048952
      type: 'test'
      ...
    # Subtest: AC-6: notchChange rejects number 8 as previous
    ok 61 - AC-6: notchChange rejects number 8 as previous
      ---
      duration_ms: 1.277142
      type: 'test'
      ...
    # Subtest: AC-6: notchChange rejects number 8 as current
    ok 62 - AC-6: notchChange rejects number 8 as current
      ---
      duration_ms: 0.100752
      type: 'test'
      ...
    # Subtest: AC-6: notchCalculator rejects number 8 as previous
    ok 63 - AC-6: notchCalculator rejects number 8 as previous
      ---
      duration_ms: 0.051183
      type: 'test'
      ...
    # Subtest: AC-6: notchCalculator rejects number 8 as current
    ok 64 - AC-6: notchCalculator rejects number 8 as current
      ---
      duration_ms: 0.053989
      type: 'test'
      ...
    # Subtest: AC-6: notchChange rejects boolean true as previous
    ok 65 - AC-6: notchChange rejects boolean true as previous
      ---
      duration_ms: 0.040135
      type: 'test'
      ...
    # Subtest: AC-6: notchChange rejects boolean true as current
    ok 66 - AC-6: notchChange rejects boolean true as current
      ---
      duration_ms: 0.038585
      type: 'test'
      ...
    # Subtest: AC-6: notchCalculator rejects boolean true as previous
    ok 67 - AC-6: notchCalculator rejects boolean true as previous
      ---
      duration_ms: 0.048885
      type: 'test'
      ...
    # Subtest: AC-6: notchCalculator rejects boolean true as current
    ok 68 - AC-6: notchCalculator rejects boolean true as current
      ---
      duration_ms: 0.03969
      type: 'test'
      ...
    # Subtest: AC-6: notchChange rejects object {} as previous
    ok 69 - AC-6: notchChange rejects object {} as previous
      ---
      duration_ms: 0.042796
      type: 'test'
      ...
    # Subtest: AC-6: notchChange rejects object {} as current
    ok 70 - AC-6: notchChange rejects object {} as current
      ---
      duration_ms: 0.039721
      type: 'test'
      ...
    # Subtest: AC-6: notchCalculator rejects object {} as previous
    ok 71 - AC-6: notchCalculator rejects object {} as previous
      ---
      duration_ms: 0.043787
      type: 'test'
      ...
    # Subtest: AC-6: notchCalculator rejects object {} as current
    ok 72 - AC-6: notchCalculator rejects object {} as current
      ---
      duration_ms: 0.03762
      type: 'test'
      ...
    # Subtest: AC-6: notchChange rejects array ['BBB'] as previous
    ok 73 - AC-6: notchChange rejects array ['BBB'] as previous
      ---
      duration_ms: 0.041035
      type: 'test'
      ...
    # Subtest: AC-6: notchChange rejects array ['BBB'] as current
    ok 74 - AC-6: notchChange rejects array ['BBB'] as current
      ---
      duration_ms: 0.039383
      type: 'test'
      ...
    # Subtest: AC-6: notchCalculator rejects array ['BBB'] as previous
    ok 75 - AC-6: notchCalculator rejects array ['BBB'] as previous
      ---
      duration_ms: 0.130401
      type: 'test'
      ...
    # Subtest: AC-6: notchCalculator rejects array ['BBB'] as current
    ok 76 - AC-6: notchCalculator rejects array ['BBB'] as current
      ---
      duration_ms: 0.078497
      type: 'test'
      ...
    # Subtest: AC-6: missing arguments throw RangeError (notchChange('BBB'), notchChange())
    ok 77 - AC-6: missing arguments throw RangeError (notchChange('BBB'), notchChange())
      ---
      duration_ms: 0.119262
      type: 'test'
      ...
    # Subtest: AC-6: missing arguments throw RangeError (notchCalculator('BBB'), notchCalculator())
    ok 78 - AC-6: missing arguments throw RangeError (notchCalculator('BBB'), notchCalculator())
      ---
      duration_ms: 0.078674
      type: 'test'
      ...
    # Subtest: AC-6: both arguments invalid throws RangeError
    ok 79 - AC-6: both arguments invalid throws RangeError
      ---
      duration_ms: 0.073964
      type: 'test'
      ...
    # Subtest: AC-6 edge: String wrapper object is rejected by both functions in both positions
    ok 80 - AC-6 edge: String wrapper object is rejected by both functions in both positions
      ---
      duration_ms: 0.135162
      type: 'test'
      ...
    # Subtest: AC-6 edge: object with toString is rejected by both functions in both positions
    ok 81 - AC-6 edge: object with toString is rejected by both functions in both positions
      ---
      duration_ms: 0.081428
      type: 'test'
      ...
    # Subtest: AC-6 edge: zero-width space prefix is rejected by both functions in both positions
    ok 82 - AC-6 edge: zero-width space prefix is rejected by both functions in both positions
      ---
      duration_ms: 0.078394
      type: 'test'
      ...
    # Subtest: AC-6 edge: constructor is rejected by both functions in both positions
    ok 83 - AC-6 edge: constructor is rejected by both functions in both positions
      ---
      duration_ms: 0.059774
      type: 'test'
      ...
    # Subtest: AC-6 edge: __proto__ is rejected by both functions in both positions
    ok 84 - AC-6 edge: __proto__ is rejected by both functions in both positions
      ---
      duration_ms: 0.104753
      type: 'test'
      ...
    # Subtest: AC-6 edge: toString is rejected by both functions in both positions
    ok 85 - AC-6 edge: toString is rejected by both functions in both positions
      ---
      duration_ms: 0.07601
      type: 'test'
      ...
    # Subtest: AC-6 edge: length is rejected by both functions in both positions
    ok 86 - AC-6 edge: length is rejected by both functions in both positions
      ---
      duration_ms: 0.067909
      type: 'test'
      ...
    # Subtest: AC-6 edge: index '0' is rejected by both functions in both positions
    ok 87 - AC-6 edge: index '0' is rejected by both functions in both positions
      ---
      duration_ms: 0.05916
      type: 'test'
      ...
    # Subtest: AC-6 edge: index '7' is rejected by both functions in both positions
    ok 88 - AC-6 edge: index '7' is rejected by both functions in both positions
      ---
      duration_ms: 0.073594
      type: 'test'
      ...
    # Subtest: AC-6: no object is returned when an argument is invalid
    ok 89 - AC-6: no object is returned when an argument is invalid
      ---
      duration_ms: 0.111513
      type: 'test'
      ...
    1..89
ok 6 - AC-6: invalid input throws RangeError
  ---
  duration_ms: 10.149866
  type: 'suite'
  ...
# Subtest: AC-7: notchCalculator downgrades
    # Subtest: AC-7 (C2): ('BBB+','BB+') -> {3,'downgrade',2}, POC example corrected
    ok 1 - AC-7 (C2): ('BBB+','BB+') -> {3,'downgrade',2}, POC example corrected
      ---
      duration_ms: 0.204124
      type: 'test'
      ...
    # Subtest: AC-7: ('BBB+','BBB-') -> {2,'downgrade',1}
    ok 2 - AC-7: ('BBB+','BBB-') -> {2,'downgrade',1}
      ---
      duration_ms: 0.084386
      type: 'test'
      ...
    # Subtest: AC-7 (C6): ('BBB+','BBB') -> {1,'downgrade',0}
    ok 3 - AC-7 (C6): ('BBB+','BBB') -> {1,'downgrade',0}
      ---
      duration_ms: 0.05539
      type: 'test'
      ...
    # Subtest: AC-7: ('BBB+','BB') -> {4,'downgrade',2}
    ok 4 - AC-7: ('BBB+','BB') -> {4,'downgrade',2}
      ---
      duration_ms: 0.060892
      type: 'test'
      ...
    # Subtest: AC-7: ('AAA','CCC-') -> {18,'downgrade',2}
    ok 5 - AC-7: ('AAA','CCC-') -> {18,'downgrade',2}
      ---
      duration_ms: 0.047355
      type: 'test'
      ...
    # Subtest: AC-7: ('CCC','CCC-') -> {1,'downgrade',0}
    ok 6 - AC-7: ('CCC','CCC-') -> {1,'downgrade',0}
      ---
      duration_ms: 0.116814
      type: 'test'
      ...
    1..6
ok 7 - AC-7: notchCalculator downgrades
  ---
  duration_ms: 0.700767
  type: 'suite'
  ...
# Subtest: AC-8: notchCalculator upgrades and unchanged
    # Subtest: AC-8: ('BBB','A') -> {-3,'upgrade',0}
    ok 1 - AC-8: ('BBB','A') -> {-3,'upgrade',0}
      ---
      duration_ms: 0.111265
      type: 'test'
      ...
    # Subtest: AC-8: ('BB+','BBB+') -> {-3,'upgrade',0}
    ok 2 - AC-8: ('BB+','BBB+') -> {-3,'upgrade',0}
      ---
      duration_ms: 0.091997
      type: 'test'
      ...
    # Subtest: AC-8: ('AA+','AAA') -> {-1,'upgrade',0}
    ok 3 - AC-8: ('AA+','AAA') -> {-1,'upgrade',0}
      ---
      duration_ms: 0.058247
      type: 'test'
      ...
    # Subtest: AC-8: ('CCC-','AAA') -> {-18,'upgrade',0}
    ok 4 - AC-8: ('CCC-','AAA') -> {-18,'upgrade',0}
      ---
      duration_ms: 0.07412
      type: 'test'
      ...
    # Subtest: AC-8: ('BBB','BBB') -> {0,'unchanged',0} with +0 notches
    ok 5 - AC-8: ('BBB','BBB') -> {0,'unchanged',0} with +0 notches
      ---
      duration_ms: 0.066864
      type: 'test'
      ...
    # Subtest: AC-8: ('AAA','AAA') and ('CCC-','CCC-') are unchanged
    ok 6 - AC-8: ('AAA','AAA') and ('CCC-','CCC-') are unchanged
      ---
      duration_ms: 0.055393
      type: 'test'
      ...
    1..6
ok 8 - AC-8: notchCalculator upgrades and unchanged
  ---
  duration_ms: 0.596538
  type: 'suite'
  ...
# Subtest: AC-9: notchCalculator over all 361 ordered pairs
    # Subtest: AC-9: shape, sign, direction and WL thresholds hold for every pair; totals match the oracle
    ok 1 - AC-9: shape, sign, direction and WL thresholds hold for every pair; totals match the oracle
      ---
      duration_ms: 2.734595
      type: 'test'
      ...
    # Subtest: AC-9: WL boundary steps: notches 1 -> 0, 2 -> 1, 3 -> 2, 18 -> 2, negative -> 0
    ok 2 - AC-9: WL boundary steps: notches 1 -> 0, 2 -> 1, 3 -> 2, 18 -> 2, negative -> 0
      ---
      duration_ms: 0.103298
      type: 'test'
      ...
    1..2
ok 9 - AC-9: notchCalculator over all 361 ordered pairs
  ---
  duration_ms: 2.917479
  type: 'suite'
  ...
# Subtest: No side effects
    # Subtest: calls leave RATING_SCALE intact and return separate, deep-equal objects
    ok 1 - calls leave RATING_SCALE intact and return separate, deep-equal objects
      ---
      duration_ms: 0.240525
      type: 'test'
      ...
    # Subtest: notchChange is deterministic across repeated calls
    ok 2 - notchChange is deterministic across repeated calls
      ---
      duration_ms: 0.103003
      type: 'test'
      ...
    1..2
ok 10 - No side effects
  ---
  duration_ms: 0.459852
  type: 'suite'
  ...
# Subtest: AC-14: public surface via dynamic import
    # Subtest: AC-14: exports are function, function and an array
    ok 1 - AC-14: exports are function, function and an array
      ---
      duration_ms: 0.27659
      type: 'test'
      ...
    # Subtest: AC-14: module exposes exactly the three named exports
    ok 2 - AC-14: module exposes exactly the three named exports
      ---
      duration_ms: 0.123522
      type: 'test'
      ...
    # Subtest: AC-14: calls are synchronous (no Promise returned)
    ok 3 - AC-14: calls are synchronous (no Promise returned)
      ---
      duration_ms: 0.0605
      type: 'test'
      ...
    1..3
ok 11 - AC-14: public surface via dynamic import
  ---
  duration_ms: 0.532593
  type: 'suite'
  ...
1..11
# tests 132
# suites 11
# pass 132
# fail 0
# cancelled 0
# skipped 0
# todo 0
# duration_ms 142.600809
