TAP version 13
# Subtest: countryRatingChangeWl
    # Subtest: AC-10 table
        # Subtest: BBB+ -> BBB gives 1
        ok 1 - BBB+ -> BBB gives 1
          ---
          duration_ms: 1.48805
          type: 'test'
          ...
        # Subtest: CCC -> CCC- gives 1
        ok 2 - CCC -> CCC- gives 1
          ---
          duration_ms: 0.219293
          type: 'test'
          ...
        # Subtest: BBB+ -> BBB- gives 2
        ok 3 - BBB+ -> BBB- gives 2
          ---
          duration_ms: 0.126801
          type: 'test'
          ...
        # Subtest: BBB+ -> BB+ gives 2
        ok 4 - BBB+ -> BB+ gives 2
          ---
          duration_ms: 0.205166
          type: 'test'
          ...
        # Subtest: AAA -> CCC- gives 2
        ok 5 - AAA -> CCC- gives 2
          ---
          duration_ms: 0.130767
          type: 'test'
          ...
        # Subtest: BBB -> BBB gives 0
        ok 6 - BBB -> BBB gives 0
          ---
          duration_ms: 0.100275
          type: 'test'
          ...
        # Subtest: AAA -> AAA gives 0
        ok 7 - AAA -> AAA gives 0
          ---
          duration_ms: 2.349988
          type: 'test'
          ...
        # Subtest: BBB -> A gives 0
        ok 8 - BBB -> A gives 0
          ---
          duration_ms: 0.256161
          type: 'test'
          ...
        # Subtest: AA+ -> AAA gives 0
        ok 9 - AA+ -> AAA gives 0
          ---
          duration_ms: 0.470552
          type: 'test'
          ...
        # Subtest: CCC- -> AAA gives 0
        ok 10 - CCC- -> AAA gives 0
          ---
          duration_ms: 0.438838
          type: 'test'
          ...
        1..10
    ok 1 - AC-10 table
      ---
      duration_ms: 11.806442
      type: 'suite'
      ...
    # Subtest: AC-11 property over all 361 pairs
        # Subtest: matches the d thresholds, is a number, and totals 190/18/153
        ok 1 - matches the d thresholds, is a number, and totals 190/18/153
          ---
          duration_ms: 1.911999
          type: 'test'
          ...
        1..1
    ok 2 - AC-11 property over all 361 pairs
      ---
      duration_ms: 2.051098
      type: 'suite'
      ...
    # Subtest: edge cases
        # Subtest: boundaries of d: -18, -1, 0 -> 0; 1 -> 1; 2, 3, 18 -> 2
        ok 1 - boundaries of d: -18, -1, 0 -> 0; 1 -> 1; 2, 3, 18 -> 2
          ---
          duration_ms: 0.310126
          type: 'test'
          ...
        # Subtest: upgrades and unchanged return +0, never -0
        ok 2 - upgrades and unchanged return +0, never -0
          ---
          duration_ms: 0.383558
          type: 'test'
          ...
        # Subtest: returns a synchronous number, not a Promise or coerced value
        ok 3 - returns a synchronous number, not a Promise or coerced value
          ---
          duration_ms: 0.318524
          type: 'test'
          ...
        # Subtest: both arguments invalid throws RangeError
        ok 4 - both arguments invalid throws RangeError
          ---
          duration_ms: 0.982417
          type: 'test'
          ...
        1..4
    ok 3 - edge cases
      ---
      duration_ms: 2.387446
      type: 'suite'
      ...
    # Subtest: AC-5 normalisation inherited from notchChange
        # Subtest: ('bbb+', '  bbb ') -> 1
        ok 1 - ('bbb+', '  bbb ') -> 1
          ---
          duration_ms: 0.352886
          type: 'test'
          ...
        # Subtest: (' bbb+ ', 'Bb+') -> 2
        ok 2 - (' bbb+ ', 'Bb+') -> 2
          ---
          duration_ms: 0.65785
          type: 'test'
          ...
        # Subtest: ('\\tA\\n', 'a-') -> 1
        ok 3 - ('\\tA\\n', 'a-') -> 1
          ---
          duration_ms: 0.270281
          type: 'test'
          ...
        1..3
    ok 4 - AC-5 normalisation inherited from notchChange
      ---
      duration_ms: 1.796481
      type: 'suite'
      ...
    # Subtest: AC-6 validation passes through from notchChange
        # Subtest: throws RangeError for empty string as previous
        ok 1 - throws RangeError for empty string as previous
          ---
          duration_ms: 0.859718
          type: 'test'
          ...
        # Subtest: throws RangeError for empty string as current
        ok 2 - throws RangeError for empty string as current
          ---
          duration_ms: 0.155276
          type: 'test'
          ...
        # Subtest: throws RangeError for spaces only as previous
        ok 3 - throws RangeError for spaces only as previous
          ---
          duration_ms: 0.083325
          type: 'test'
          ...
        # Subtest: throws RangeError for spaces only as current
        ok 4 - throws RangeError for spaces only as current
          ---
          duration_ms: 0.074212
          type: 'test'
          ...
        # Subtest: throws RangeError for tab and newline only as previous
        ok 5 - throws RangeError for tab and newline only as previous
          ---
          duration_ms: 0.078327
          type: 'test'
          ...
        # Subtest: throws RangeError for tab and newline only as current
        ok 6 - throws RangeError for tab and newline only as current
          ---
          duration_ms: 1.69903
          type: 'test'
          ...
        # Subtest: throws RangeError for D as previous
        ok 7 - throws RangeError for D as previous
          ---
          duration_ms: 0.12968
          type: 'test'
          ...
        # Subtest: throws RangeError for D as current
        ok 8 - throws RangeError for D as current
          ---
          duration_ms: 0.210823
          type: 'test'
          ...
        # Subtest: throws RangeError for SD as previous
        ok 9 - throws RangeError for SD as previous
          ---
          duration_ms: 0.127948
          type: 'test'
          ...
        # Subtest: throws RangeError for SD as current
        ok 10 - throws RangeError for SD as current
          ---
          duration_ms: 0.176574
          type: 'test'
          ...
        # Subtest: throws RangeError for NR as previous
        ok 11 - throws RangeError for NR as previous
          ---
          duration_ms: 0.150509
          type: 'test'
          ...
        # Subtest: throws RangeError for NR as current
        ok 12 - throws RangeError for NR as current
          ---
          duration_ms: 0.127167
          type: 'test'
          ...
        # Subtest: throws RangeError for C as previous
        ok 13 - throws RangeError for C as previous
          ---
          duration_ms: 0.10789
          type: 'test'
          ...
        # Subtest: throws RangeError for C as current
        ok 14 - throws RangeError for C as current
          ---
          duration_ms: 0.291034
          type: 'test'
          ...
        # Subtest: throws RangeError for AAA+ as previous
        ok 15 - throws RangeError for AAA+ as previous
          ---
          duration_ms: 0.158644
          type: 'test'
          ...
        # Subtest: throws RangeError for AAA+ as current
        ok 16 - throws RangeError for AAA+ as current
          ---
          duration_ms: 0.108049
          type: 'test'
          ...
        # Subtest: throws RangeError for CCC-- as previous
        ok 17 - throws RangeError for CCC-- as previous
          ---
          duration_ms: 0.169999
          type: 'test'
          ...
        # Subtest: throws RangeError for CCC-- as current
        ok 18 - throws RangeError for CCC-- as current
          ---
          duration_ms: 0.143723
          type: 'test'
          ...
        # Subtest: throws RangeError for BBB++ as previous
        ok 19 - throws RangeError for BBB++ as previous
          ---
          duration_ms: 0.130335
          type: 'test'
          ...
        # Subtest: throws RangeError for BBB++ as current
        ok 20 - throws RangeError for BBB++ as current
          ---
          duration_ms: 0.181866
          type: 'test'
          ...
        # Subtest: throws RangeError for Baa1 as previous
        ok 21 - throws RangeError for Baa1 as previous
          ---
          duration_ms: 0.133604
          type: 'test'
          ...
        # Subtest: throws RangeError for Baa1 as current
        ok 22 - throws RangeError for Baa1 as current
          ---
          duration_ms: 0.204051
          type: 'test'
          ...
        # Subtest: throws RangeError for inner spaces B B B+ as previous
        ok 23 - throws RangeError for inner spaces B B B+ as previous
          ---
          duration_ms: 0.251784
          type: 'test'
          ...
        # Subtest: throws RangeError for inner spaces B B B+ as current
        ok 24 - throws RangeError for inner spaces B B B+ as current
          ---
          duration_ms: 0.116915
          type: 'test'
          ...
        # Subtest: throws RangeError for space before sign BBB + as previous
        ok 25 - throws RangeError for space before sign BBB + as previous
          ---
          duration_ms: 0.175054
          type: 'test'
          ...
        # Subtest: throws RangeError for space before sign BBB + as current
        ok 26 - throws RangeError for space before sign BBB + as current
          ---
          duration_ms: 0.110814
          type: 'test'
          ...
        # Subtest: throws RangeError for undefined as previous
        ok 27 - throws RangeError for undefined as previous
          ---
          duration_ms: 0.407843
          type: 'test'
          ...
        # Subtest: throws RangeError for undefined as current
        ok 28 - throws RangeError for undefined as current
          ---
          duration_ms: 0.142132
          type: 'test'
          ...
        # Subtest: throws RangeError for null as previous
        ok 29 - throws RangeError for null as previous
          ---
          duration_ms: 0.208039
          type: 'test'
          ...
        # Subtest: throws RangeError for null as current
        ok 30 - throws RangeError for null as current
          ---
          duration_ms: 0.209578
          type: 'test'
          ...
        # Subtest: throws RangeError for number 8 as previous
        ok 31 - throws RangeError for number 8 as previous
          ---
          duration_ms: 0.1322
          type: 'test'
          ...
        # Subtest: throws RangeError for number 8 as current
        ok 32 - throws RangeError for number 8 as current
          ---
          duration_ms: 0.168357
          type: 'test'
          ...
        # Subtest: throws RangeError for boolean true as previous
        ok 33 - throws RangeError for boolean true as previous
          ---
          duration_ms: 0.117483
          type: 'test'
          ...
        # Subtest: throws RangeError for boolean true as current
        ok 34 - throws RangeError for boolean true as current
          ---
          duration_ms: 0.159956
          type: 'test'
          ...
        # Subtest: throws RangeError for empty object as previous
        ok 35 - throws RangeError for empty object as previous
          ---
          duration_ms: 0.168614
          type: 'test'
          ...
        # Subtest: throws RangeError for empty object as current
        ok 36 - throws RangeError for empty object as current
          ---
          duration_ms: 0.152962
          type: 'test'
          ...
        # Subtest: throws RangeError for array [BBB] as previous
        ok 37 - throws RangeError for array [BBB] as previous
          ---
          duration_ms: 0.142015
          type: 'test'
          ...
        # Subtest: throws RangeError for array [BBB] as current
        ok 38 - throws RangeError for array [BBB] as current
          ---
          duration_ms: 0.165862
          type: 'test'
          ...
        # Subtest: throws RangeError for String wrapper object as previous
        ok 39 - throws RangeError for String wrapper object as previous
          ---
          duration_ms: 0.213808
          type: 'test'
          ...
        # Subtest: throws RangeError for String wrapper object as current
        ok 40 - throws RangeError for String wrapper object as current
          ---
          duration_ms: 0.171212
          type: 'test'
          ...
        # Subtest: throws RangeError for missing arguments
        ok 41 - throws RangeError for missing arguments
          ---
          duration_ms: 0.412889
          type: 'test'
          ...
        # Subtest: error message names the argument
        ok 42 - error message names the argument
          ---
          duration_ms: 0.52748
          type: 'test'
          ...
        # Subtest: the error is the one notchChange throws (same class and message)
        ok 43 - the error is the one notchChange throws (same class and message)
          ---
          duration_ms: 0.510622
          type: 'test'
          ...
        1..43
    ok 5 - AC-6 validation passes through from notchChange
      ---
      duration_ms: 12.0974
      type: 'suite'
      ...
    # Subtest: AC-12 differs from notchCalculator at a 1-notch downgrade (C6)
        # Subtest: C6: BBB+ -> BBB calculator wl 0, country rating change 1
        ok 1 - C6: BBB+ -> BBB calculator wl 0, country rating change 1
          ---
          duration_ms: 0.421334
          type: 'test'
          ...
        # Subtest: C6: A -> A- calculator wl 0, country rating change 1
        ok 2 - C6: A -> A- calculator wl 0, country rating change 1
          ---
          duration_ms: 0.218948
          type: 'test'
          ...
        1..2
    ok 6 - AC-12 differs from notchCalculator at a 1-notch downgrade (C6)
      ---
      duration_ms: 0.833191
      type: 'suite'
      ...
    1..6
ok 1 - countryRatingChangeWl
  ---
  duration_ms: 32.256301
  type: 'suite'
  ...
# Subtest: AC-10: thresholds
    # Subtest: AC-10: ('BBB+','BBB') -> 1
    ok 1 - AC-10: ('BBB+','BBB') -> 1
      ---
      duration_ms: 0.968173
      type: 'test'
      ...
    # Subtest: AC-10: ('CCC','CCC-') -> 1
    ok 2 - AC-10: ('CCC','CCC-') -> 1
      ---
      duration_ms: 0.149388
      type: 'test'
      ...
    # Subtest: AC-10: ('BBB+','BBB-') -> 2
    ok 3 - AC-10: ('BBB+','BBB-') -> 2
      ---
      duration_ms: 0.107242
      type: 'test'
      ...
    # Subtest: AC-10: ('BBB+','BB+') -> 2
    ok 4 - AC-10: ('BBB+','BB+') -> 2
      ---
      duration_ms: 0.085774
      type: 'test'
      ...
    # Subtest: AC-10: ('AAA','CCC-') -> 2
    ok 5 - AC-10: ('AAA','CCC-') -> 2
      ---
      duration_ms: 1.713707
      type: 'test'
      ...
    # Subtest: AC-10: ('BBB','BBB') -> 0
    ok 6 - AC-10: ('BBB','BBB') -> 0
      ---
      duration_ms: 0.21619
      type: 'test'
      ...
    # Subtest: AC-10: ('BBB','A') -> 0
    ok 7 - AC-10: ('BBB','A') -> 0
      ---
      duration_ms: 0.209354
      type: 'test'
      ...
    # Subtest: AC-10: ('AA+','AAA') -> 0
    ok 8 - AC-10: ('AA+','AAA') -> 0
      ---
      duration_ms: 0.249755
      type: 'test'
      ...
    # Subtest: AC-10: ('A','A-') -> 1
    ok 9 - AC-10: ('A','A-') -> 1
      ---
      duration_ms: 0.237364
      type: 'test'
      ...
    # Subtest: AC-10: ('AAA','AAA') -> 0
    ok 10 - AC-10: ('AAA','AAA') -> 0
      ---
      duration_ms: 0.330861
      type: 'test'
      ...
    # Subtest: AC-10: ('CCC-','AAA') -> 0
    ok 11 - AC-10: ('CCC-','AAA') -> 0
      ---
      duration_ms: 0.07781
      type: 'test'
      ...
    # Subtest: AC-10: upgrades and unchanged return +0, never -0
    ok 12 - AC-10: upgrades and unchanged return +0, never -0
      ---
      duration_ms: 0.236485
      type: 'test'
      ...
    1..12
ok 2 - AC-10: thresholds
  ---
  duration_ms: 6.057646
  type: 'suite'
  ...
# Subtest: AC-11: all 361 ordered pairs
    # Subtest: AC-11: result is a number matching d thresholds; totals 190/18/153; values exactly {0,1,2}
    ok 1 - AC-11: result is a number matching d thresholds; totals 190/18/153; values exactly {0,1,2}
      ---
      duration_ms: 1.377155
      type: 'test'
      ...
    # Subtest: AC-11: boundaries of d (-18, -1, 0 -> 0; 1 -> 1; 2, 3, 18 -> 2)
    ok 2 - AC-11: boundaries of d (-18, -1, 0 -> 0; 1 -> 1; 2, 3, 18 -> 2)
      ---
      duration_ms: 0.103596
      type: 'test'
      ...
    1..2
ok 3 - AC-11: all 361 ordered pairs
  ---
  duration_ms: 1.590758
  type: 'suite'
  ...
# Subtest: AC-12: intended 1-notch difference between the modules (C6)
    # Subtest: AC-12 (C6): BBB+ -> BBB: calculator wl 0, Indicator 12 returns 1
    ok 1 - AC-12 (C6): BBB+ -> BBB: calculator wl 0, Indicator 12 returns 1
      ---
      duration_ms: 0.214561
      type: 'test'
      ...
    # Subtest: AC-12 (C6): A -> A-: calculator wl 0, Indicator 12 returns 1
    ok 2 - AC-12 (C6): A -> A-: calculator wl 0, Indicator 12 returns 1
      ---
      duration_ms: 0.079919
      type: 'test'
      ...
    # Subtest: AC-12 (C6): over all 361 pairs the two WLs agree for d <= 0 and d >= 3, and differ (calculator lower by exactly 1) only for d in {1, 2}
    ok 3 - AC-12 (C6): over all 361 pairs the two WLs agree for d <= 0 and d >= 3, and differ (calculator lower by exactly 1) only for d in {1, 2}
      ---
      duration_ms: 1.748822
      type: 'test'
      ...
    1..3
ok 4 - AC-12: intended 1-notch difference between the modules (C6)
  ---
  duration_ms: 2.169061
  type: 'suite'
  ...
# Subtest: AC-5: normalisation
    # Subtest: AC-5: ('bbb+','  bbb ') -> 1
    ok 1 - AC-5: ('bbb+','  bbb ') -> 1
      ---
      duration_ms: 0.207912
      type: 'test'
      ...
    # Subtest: AC-5: (' bbb+ ','Bb+') -> 2 and ('\\tA\\n','a-') -> 1
    ok 2 - AC-5: (' bbb+ ','Bb+') -> 2 and ('\\tA\\n','a-') -> 1
      ---
      duration_ms: 0.072774
      type: 'test'
      ...
    # Subtest: AC-5: NBSP around the value is trimmed
    ok 3 - AC-5: NBSP around the value is trimmed
      ---
      duration_ms: 0.0498
      type: 'test'
      ...
    1..3
ok 5 - AC-5: normalisation
  ---
  duration_ms: 1.149663
  type: 'suite'
  ...
# Subtest: AC-6: invalid input throws RangeError
    # Subtest: AC-6: empty string as previous throws RangeError
    ok 1 - AC-6: empty string as previous throws RangeError
      ---
      duration_ms: 0.708127
      type: 'test'
      ...
    # Subtest: AC-6: empty string as current throws RangeError
    ok 2 - AC-6: empty string as current throws RangeError
      ---
      duration_ms: 0.101936
      type: 'test'
      ...
    # Subtest: AC-6: spaces only as previous throws RangeError
    ok 3 - AC-6: spaces only as previous throws RangeError
      ---
      duration_ms: 0.050753
      type: 'test'
      ...
    # Subtest: AC-6: spaces only as current throws RangeError
    ok 4 - AC-6: spaces only as current throws RangeError
      ---
      duration_ms: 0.043238
      type: 'test'
      ...
    # Subtest: AC-6: tab/newline only as previous throws RangeError
    ok 5 - AC-6: tab/newline only as previous throws RangeError
      ---
      duration_ms: 0.056539
      type: 'test'
      ...
    # Subtest: AC-6: tab/newline only as current throws RangeError
    ok 6 - AC-6: tab/newline only as current throws RangeError
      ---
      duration_ms: 0.045328
      type: 'test'
      ...
    # Subtest: AC-6: D as previous throws RangeError
    ok 7 - AC-6: D as previous throws RangeError
      ---
      duration_ms: 0.08826
      type: 'test'
      ...
    # Subtest: AC-6: D as current throws RangeError
    ok 8 - AC-6: D as current throws RangeError
      ---
      duration_ms: 0.063169
      type: 'test'
      ...
    # Subtest: AC-6: SD as previous throws RangeError
    ok 9 - AC-6: SD as previous throws RangeError
      ---
      duration_ms: 0.118971
      type: 'test'
      ...
    # Subtest: AC-6: SD as current throws RangeError
    ok 10 - AC-6: SD as current throws RangeError
      ---
      duration_ms: 0.050542
      type: 'test'
      ...
    # Subtest: AC-6: NR as previous throws RangeError
    ok 11 - AC-6: NR as previous throws RangeError
      ---
      duration_ms: 0.049729
      type: 'test'
      ...
    # Subtest: AC-6: NR as current throws RangeError
    ok 12 - AC-6: NR as current throws RangeError
      ---
      duration_ms: 0.043144
      type: 'test'
      ...
    # Subtest: AC-6: C as previous throws RangeError
    ok 13 - AC-6: C as previous throws RangeError
      ---
      duration_ms: 0.073653
      type: 'test'
      ...
    # Subtest: AC-6: C as current throws RangeError
    ok 14 - AC-6: C as current throws RangeError
      ---
      duration_ms: 0.051506
      type: 'test'
      ...
    # Subtest: AC-6: AAA+ as previous throws RangeError
    ok 15 - AC-6: AAA+ as previous throws RangeError
      ---
      duration_ms: 0.108565
      type: 'test'
      ...
    # Subtest: AC-6: AAA+ as current throws RangeError
    ok 16 - AC-6: AAA+ as current throws RangeError
      ---
      duration_ms: 0.055139
      type: 'test'
      ...
    # Subtest: AC-6: CCC-- as previous throws RangeError
    ok 17 - AC-6: CCC-- as previous throws RangeError
      ---
      duration_ms: 0.088898
      type: 'test'
      ...
    # Subtest: AC-6: CCC-- as current throws RangeError
    ok 18 - AC-6: CCC-- as current throws RangeError
      ---
      duration_ms: 0.0453
      type: 'test'
      ...
    # Subtest: AC-6: BBB++ as previous throws RangeError
    ok 19 - AC-6: BBB++ as previous throws RangeError
      ---
      duration_ms: 0.046321
      type: 'test'
      ...
    # Subtest: AC-6: BBB++ as current throws RangeError
    ok 20 - AC-6: BBB++ as current throws RangeError
      ---
      duration_ms: 0.730456
      type: 'test'
      ...
    # Subtest: AC-6: Baa1 as previous throws RangeError
    ok 21 - AC-6: Baa1 as previous throws RangeError
      ---
      duration_ms: 0.082909
      type: 'test'
      ...
    # Subtest: AC-6: Baa1 as current throws RangeError
    ok 22 - AC-6: Baa1 as current throws RangeError
      ---
      duration_ms: 0.054592
      type: 'test'
      ...
    # Subtest: AC-6: B B B+ as previous throws RangeError
    ok 23 - AC-6: B B B+ as previous throws RangeError
      ---
      duration_ms: 0.043971
      type: 'test'
      ...
    # Subtest: AC-6: B B B+ as current throws RangeError
    ok 24 - AC-6: B B B+ as current throws RangeError
      ---
      duration_ms: 0.052073
      type: 'test'
      ...
    # Subtest: AC-6: BBB + as previous throws RangeError
    ok 25 - AC-6: BBB + as previous throws RangeError
      ---
      duration_ms: 0.043087
      type: 'test'
      ...
    # Subtest: AC-6: BBB + as current throws RangeError
    ok 26 - AC-6: BBB + as current throws RangeError
      ---
      duration_ms: 0.041001
      type: 'test'
      ...
    # Subtest: AC-6: undefined as previous throws RangeError
    ok 27 - AC-6: undefined as previous throws RangeError
      ---
      duration_ms: 0.085664
      type: 'test'
      ...
    # Subtest: AC-6: undefined as current throws RangeError
    ok 28 - AC-6: undefined as current throws RangeError
      ---
      duration_ms: 0.043425
      type: 'test'
      ...
    # Subtest: AC-6: null as previous throws RangeError
    ok 29 - AC-6: null as previous throws RangeError
      ---
      duration_ms: 0.040988
      type: 'test'
      ...
    # Subtest: AC-6: null as current throws RangeError
    ok 30 - AC-6: null as current throws RangeError
      ---
      duration_ms: 0.03942
      type: 'test'
      ...
    # Subtest: AC-6: number 8 as previous throws RangeError
    ok 31 - AC-6: number 8 as previous throws RangeError
      ---
      duration_ms: 0.084254
      type: 'test'
      ...
    # Subtest: AC-6: number 8 as current throws RangeError
    ok 32 - AC-6: number 8 as current throws RangeError
      ---
      duration_ms: 0.070271
      type: 'test'
      ...
    # Subtest: AC-6: boolean true as previous throws RangeError
    ok 33 - AC-6: boolean true as previous throws RangeError
      ---
      duration_ms: 0.054239
      type: 'test'
      ...
    # Subtest: AC-6: boolean true as current throws RangeError
    ok 34 - AC-6: boolean true as current throws RangeError
      ---
      duration_ms: 0.049368
      type: 'test'
      ...
    # Subtest: AC-6: object {} as previous throws RangeError
    ok 35 - AC-6: object {} as previous throws RangeError
      ---
      duration_ms: 0.049143
      type: 'test'
      ...
    # Subtest: AC-6: object {} as current throws RangeError
    ok 36 - AC-6: object {} as current throws RangeError
      ---
      duration_ms: 0.058674
      type: 'test'
      ...
    # Subtest: AC-6: array ['BBB'] as previous throws RangeError
    ok 37 - AC-6: array ['BBB'] as previous throws RangeError
      ---
      duration_ms: 0.052938
      type: 'test'
      ...
    # Subtest: AC-6: array ['BBB'] as current throws RangeError
    ok 38 - AC-6: array ['BBB'] as current throws RangeError
      ---
      duration_ms: 0.067631
      type: 'test'
      ...
    # Subtest: AC-6: missing arguments throw RangeError
    ok 39 - AC-6: missing arguments throw RangeError
      ---
      duration_ms: 0.117624
      type: 'test'
      ...
    # Subtest: AC-6: both arguments invalid throws RangeError
    ok 40 - AC-6: both arguments invalid throws RangeError
      ---
      duration_ms: 0.119679
      type: 'test'
      ...
    # Subtest: AC-6 (edge): String wrapper object in either position throws RangeError
    ok 41 - AC-6 (edge): String wrapper object in either position throws RangeError
      ---
      duration_ms: 0.094952
      type: 'test'
      ...
    # Subtest: AC-6 (edge): zero-width space prefix in either position throws RangeError
    ok 42 - AC-6 (edge): zero-width space prefix in either position throws RangeError
      ---
      duration_ms: 0.11131
      type: 'test'
      ...
    # Subtest: AC-6 (edge): constructor in either position throws RangeError
    ok 43 - AC-6 (edge): constructor in either position throws RangeError
      ---
      duration_ms: 0.067986
      type: 'test'
      ...
    # Subtest: AC-6 (edge): __proto__ in either position throws RangeError
    ok 44 - AC-6 (edge): __proto__ in either position throws RangeError
      ---
      duration_ms: 0.059256
      type: 'test'
      ...
    # Subtest: AC-6: the error is the same kind as notchChange throws and names the argument (pass-through)
    ok 45 - AC-6: the error is the same kind as notchChange throws and names the argument (pass-through)
      ---
      duration_ms: 0.964419
      type: 'test'
      ...
    # Subtest: AC-6: no value is returned on invalid input (does not coerce to a WL)
    ok 46 - AC-6: no value is returned on invalid input (does not coerce to a WL)
      ---
      duration_ms: 0.178107
      type: 'test'
      ...
    1..46
ok 6 - AC-6: invalid input throws RangeError
  ---
  duration_ms: 6.102259
  type: 'suite'
  ...
# Subtest: AC-14: public surface and import
    # Subtest: AC-14: countryRatingChangeWl is a function and is the only export
    ok 1 - AC-14: countryRatingChangeWl is a function and is the only export
      ---
      duration_ms: 0.146454
      type: 'test'
      ...
    # Subtest: AC-14: is synchronous (returns a number, not a thenable)
    ok 2 - AC-14: is synchronous (returns a number, not a thenable)
      ---
      duration_ms: 0.070473
      type: 'test'
      ...
    # Subtest: AC-14: node -e import().then(typeof) prints exactly "function"
    ok 3 - AC-14: node -e import().then(typeof) prints exactly "function"
      ---
      duration_ms: 57.896451
      type: 'test'
      ...
    # Subtest: AC-14: bare import prints nothing and exits 0
    ok 4 - AC-14: bare import prints nothing and exits 0
      ---
      duration_ms: 70.418214
      type: 'test'
      ...
    1..4
ok 7 - AC-14: public surface and import
  ---
  duration_ms: 128.79499
  type: 'suite'
  ...
# Subtest: AC-1: RATING_SCALE
    # Subtest: AC-1: deep-equals the 19 C1 ratings, best first, and is frozen
    ok 1 - AC-1: deep-equals the 19 C1 ratings, best first, and is frozen
      ---
      duration_ms: 2.068845
      type: 'test'
      ...
    # Subtest: AC-1: push and index assignment throw TypeError (strict mode) and leave the scale intact
    ok 2 - AC-1: push and index assignment throw TypeError (strict mode) and leave the scale intact
      ---
      duration_ms: 0.763386
      type: 'test'
      ...
    1..2
ok 8 - AC-1: RATING_SCALE
  ---
  duration_ms: 4.065501
  type: 'suite'
  ...
# Subtest: AC-2: notchChange downgrades are positive
    # Subtest: AC-2: notchChange('BBB+','BB+') -> 3
    ok 1 - AC-2: notchChange('BBB+','BB+') -> 3
      ---
      duration_ms: 0.401484
      type: 'test'
      ...
    # Subtest: AC-2: notchChange('BBB+','BBB-') -> 2
    ok 2 - AC-2: notchChange('BBB+','BBB-') -> 2
      ---
      duration_ms: 0.427144
      type: 'test'
      ...
    # Subtest: AC-2: notchChange('BBB+','BBB') -> 1
    ok 3 - AC-2: notchChange('BBB+','BBB') -> 1
      ---
      duration_ms: 0.17348
      type: 'test'
      ...
    # Subtest: AC-2: notchChange('BBB+','BB') -> 4
    ok 4 - AC-2: notchChange('BBB+','BB') -> 4
      ---
      duration_ms: 0.123397
      type: 'test'
      ...
    # Subtest: AC-2: notchChange('AAA','CCC-') -> 18
    ok 5 - AC-2: notchChange('AAA','CCC-') -> 18
      ---
      duration_ms: 0.283735
      type: 'test'
      ...
    # Subtest: AC-2: notchChange('CCC','CCC-') -> 1
    ok 6 - AC-2: notchChange('CCC','CCC-') -> 1
      ---
      duration_ms: 0.321569
      type: 'test'
      ...
    1..6
ok 9 - AC-2: notchChange downgrades are positive
  ---
  duration_ms: 2.424559
  type: 'suite'
  ...
# Subtest: AC-3: notchChange upgrades are negative
    # Subtest: AC-3: notchChange('BBB','A') -> -3
    ok 1 - AC-3: notchChange('BBB','A') -> -3
      ---
      duration_ms: 0.412636
      type: 'test'
      ...
    # Subtest: AC-3: notchChange('BB+','BBB+') -> -3
    ok 2 - AC-3: notchChange('BB+','BBB+') -> -3
      ---
      duration_ms: 0.290442
      type: 'test'
      ...
    # Subtest: AC-3: notchChange('BB','BBB') -> -3
    ok 3 - AC-3: notchChange('BB','BBB') -> -3
      ---
      duration_ms: 0.09312
      type: 'test'
      ...
    # Subtest: AC-3: notchChange('AA+','AAA') -> -1
    ok 4 - AC-3: notchChange('AA+','AAA') -> -1
      ---
      duration_ms: 0.069528
      type: 'test'
      ...
    # Subtest: AC-3: notchChange('CCC-','AAA') -> -18
    ok 5 - AC-3: notchChange('CCC-','AAA') -> -18
      ---
      duration_ms: 0.106542
      type: 'test'
      ...
    1..5
ok 10 - AC-3: notchChange upgrades are negative
  ---
  duration_ms: 1.307258
  type: 'suite'
  ...
# Subtest: AC-4: notchChange unchanged is +0, never -0
    # Subtest: AC-4: notchChange('BBB','BBB') -> +0
    ok 1 - AC-4: notchChange('BBB','BBB') -> +0
      ---
      duration_ms: 0.341486
      type: 'test'
      ...
    # Subtest: AC-4: notchChange('AAA','AAA') -> +0
    ok 2 - AC-4: notchChange('AAA','AAA') -> +0
      ---
      duration_ms: 0.112059
      type: 'test'
      ...
    # Subtest: AC-4: notchChange('CCC-','CCC-') -> +0
    ok 3 - AC-4: notchChange('CCC-','CCC-') -> +0
      ---
      duration_ms: 0.099117
      type: 'test'
      ...
    # Subtest: AC-4: +0 for every same-rating pair on the scale
    ok 4 - AC-4: +0 for every same-rating pair on the scale
      ---
      duration_ms: 0.373837
      type: 'test'
      ...
    1..4
ok 11 - AC-4: notchChange unchanged is +0, never -0
  ---
  duration_ms: 1.127848
  type: 'suite'
  ...
# Subtest: AC-5: trimming and case-insensitivity
    # Subtest: AC-5: notchChange('bbb+','bb+') -> 3
    ok 1 - AC-5: notchChange('bbb+','bb+') -> 3
      ---
      duration_ms: 0.25372
      type: 'test'
      ...
    # Subtest: AC-5: notchChange('  BBB+ ','\\tBB+\\n') -> 3
    ok 2 - AC-5: notchChange('  BBB+ ','\\tBB+\\n') -> 3
      ---
      duration_ms: 0.211626
      type: 'test'
      ...
    # Subtest: AC-5: notchChange(' bbb+ ','Bb+') -> 3
    ok 3 - AC-5: notchChange(' bbb+ ','Bb+') -> 3
      ---
      duration_ms: 0.120971
      type: 'test'
      ...
    # Subtest: AC-5: notchChange('aa-','AA-') -> +0
    ok 4 - AC-5: notchChange('aa-','AA-') -> +0
      ---
      duration_ms: 0.088085
      type: 'test'
      ...
    # Subtest: AC-5: notchCalculator(' bbb+','BB+ ') -> {3,'downgrade',2}
    ok 5 - AC-5: notchCalculator(' bbb+','BB+ ') -> {3,'downgrade',2}
      ---
      duration_ms: 0.167266
      type: 'test'
      ...
    # Subtest: AC-5: String.prototype.trim whitespace is accepted (ideographic space, CRLF, tab)
    ok 6 - AC-5: String.prototype.trim whitespace is accepted (ideographic space, CRLF, tab)
      ---
      duration_ms: 0.097629
      type: 'test'
      ...
    # Subtest: AC-5: every scale entry is found in lower case and padded
    ok 7 - AC-5: every scale entry is found in lower case and padded
      ---
      duration_ms: 0.216772
      type: 'test'
      ...
    1..7
ok 12 - AC-5: trimming and case-insensitivity
  ---
  duration_ms: 2.964209
  type: 'suite'
  ...
# Subtest: AC-6: invalid input throws RangeError
    # Subtest: AC-6: notchChange rejects empty string as previous
    ok 1 - AC-6: notchChange rejects empty string as previous
      ---
      duration_ms: 1.39764
      type: 'test'
      ...
    # Subtest: AC-6: notchChange rejects empty string as current
    ok 2 - AC-6: notchChange rejects empty string as current
      ---
      duration_ms: 0.428798
      type: 'test'
      ...
    # Subtest: AC-6: notchCalculator rejects empty string as previous
    ok 3 - AC-6: notchCalculator rejects empty string as previous
      ---
      duration_ms: 0.189578
      type: 'test'
      ...
    # Subtest: AC-6: notchCalculator rejects empty string as current
    ok 4 - AC-6: notchCalculator rejects empty string as current
      ---
      duration_ms: 0.117914
      type: 'test'
      ...
    # Subtest: AC-6: notchChange rejects spaces only as previous
    ok 5 - AC-6: notchChange rejects spaces only as previous
      ---
      duration_ms: 0.084714
      type: 'test'
      ...
    # Subtest: AC-6: notchChange rejects spaces only as current
    ok 6 - AC-6: notchChange rejects spaces only as current
      ---
      duration_ms: 0.13132
      type: 'test'
      ...
    # Subtest: AC-6: notchCalculator rejects spaces only as previous
    ok 7 - AC-6: notchCalculator rejects spaces only as previous
      ---
      duration_ms: 0.221575
      type: 'test'
      ...
    # Subtest: AC-6: notchCalculator rejects spaces only as current
    ok 8 - AC-6: notchCalculator rejects spaces only as current
      ---
      duration_ms: 0.086177
      type: 'test'
      ...
    # Subtest: AC-6: notchChange rejects tab/newline only as previous
    ok 9 - AC-6: notchChange rejects tab/newline only as previous
      ---
      duration_ms: 0.070512
      type: 'test'
      ...
    # Subtest: AC-6: notchChange rejects tab/newline only as current
    ok 10 - AC-6: notchChange rejects tab/newline only as current
      ---
      duration_ms: 0.066454
      type: 'test'
      ...
    # Subtest: AC-6: notchCalculator rejects tab/newline only as previous
    ok 11 - AC-6: notchCalculator rejects tab/newline only as previous
      ---
      duration_ms: 0.142294
      type: 'test'
      ...
    # Subtest: AC-6: notchCalculator rejects tab/newline only as current
    ok 12 - AC-6: notchCalculator rejects tab/newline only as current
      ---
      duration_ms: 0.083977
      type: 'test'
      ...
    # Subtest: AC-6: notchChange rejects D as previous
    ok 13 - AC-6: notchChange rejects D as previous
      ---
      duration_ms: 0.141063
      type: 'test'
      ...
    # Subtest: AC-6: notchChange rejects D as current
    ok 14 - AC-6: notchChange rejects D as current
      ---
      duration_ms: 0.103048
      type: 'test'
      ...
    # Subtest: AC-6: notchCalculator rejects D as previous
    ok 15 - AC-6: notchCalculator rejects D as previous
      ---
      duration_ms: 0.07483
      type: 'test'
      ...
    # Subtest: AC-6: notchCalculator rejects D as current
    ok 16 - AC-6: notchCalculator rejects D as current
      ---
      duration_ms: 0.071332
      type: 'test'
      ...
    # Subtest: AC-6: notchChange rejects SD as previous
    ok 17 - AC-6: notchChange rejects SD as previous
      ---
      duration_ms: 0.08149
      type: 'test'
      ...
    # Subtest: AC-6: notchChange rejects SD as current
    ok 18 - AC-6: notchChange rejects SD as current
      ---
      duration_ms: 0.077164
      type: 'test'
      ...
    # Subtest: AC-6: notchCalculator rejects SD as previous
    ok 19 - AC-6: notchCalculator rejects SD as previous
      ---
      duration_ms: 0.105308
      type: 'test'
      ...
    # Subtest: AC-6: notchCalculator rejects SD as current
    ok 20 - AC-6: notchCalculator rejects SD as current
      ---
      duration_ms: 0.116286
      type: 'test'
      ...
    # Subtest: AC-6: notchChange rejects NR as previous
    ok 21 - AC-6: notchChange rejects NR as previous
      ---
      duration_ms: 0.076002
      type: 'test'
      ...
    # Subtest: AC-6: notchChange rejects NR as current
    ok 22 - AC-6: notchChange rejects NR as current
      ---
      duration_ms: 0.083336
      type: 'test'
      ...
    # Subtest: AC-6: notchCalculator rejects NR as previous
    ok 23 - AC-6: notchCalculator rejects NR as previous
      ---
      duration_ms: 0.07525
      type: 'test'
      ...
    # Subtest: AC-6: notchCalculator rejects NR as current
    ok 24 - AC-6: notchCalculator rejects NR as current
      ---
      duration_ms: 0.086134
      type: 'test'
      ...
    # Subtest: AC-6: notchChange rejects C as previous
    ok 25 - AC-6: notchChange rejects C as previous
      ---
      duration_ms: 0.071998
      type: 'test'
      ...
    # Subtest: AC-6: notchChange rejects C as current
    ok 26 - AC-6: notchChange rejects C as current
      ---
      duration_ms: 0.075184
      type: 'test'
      ...
    # Subtest: AC-6: notchCalculator rejects C as previous
    ok 27 - AC-6: notchCalculator rejects C as previous
      ---
      duration_ms: 0.07007
      type: 'test'
      ...
    # Subtest: AC-6: notchCalculator rejects C as current
    ok 28 - AC-6: notchCalculator rejects C as current
      ---
      duration_ms: 0.072251
      type: 'test'
      ...
    # Subtest: AC-6: notchChange rejects AAA+ as previous
    ok 29 - AC-6: notchChange rejects AAA+ as previous
      ---
      duration_ms: 0.091344
      type: 'test'
      ...
    # Subtest: AC-6: notchChange rejects AAA+ as current
    ok 30 - AC-6: notchChange rejects AAA+ as current
      ---
      duration_ms: 0.07844
      type: 'test'
      ...
    # Subtest: AC-6: notchCalculator rejects AAA+ as previous
    ok 31 - AC-6: notchCalculator rejects AAA+ as previous
      ---
      duration_ms: 0.074679
      type: 'test'
      ...
    # Subtest: AC-6: notchCalculator rejects AAA+ as current
    ok 32 - AC-6: notchCalculator rejects AAA+ as current
      ---
      duration_ms: 0.073904
      type: 'test'
      ...
    # Subtest: AC-6: notchChange rejects CCC-- as previous
    ok 33 - AC-6: notchChange rejects CCC-- as previous
      ---
      duration_ms: 0.19318
      type: 'test'
      ...
    # Subtest: AC-6: notchChange rejects CCC-- as current
    ok 34 - AC-6: notchChange rejects CCC-- as current
      ---
      duration_ms: 0.111412
      type: 'test'
      ...
    # Subtest: AC-6: notchCalculator rejects CCC-- as previous
    ok 35 - AC-6: notchCalculator rejects CCC-- as previous
      ---
      duration_ms: 0.08679
      type: 'test'
      ...
    # Subtest: AC-6: notchCalculator rejects CCC-- as current
    ok 36 - AC-6: notchCalculator rejects CCC-- as current
      ---
      duration_ms: 0.073808
      type: 'test'
      ...
    # Subtest: AC-6: notchChange rejects BBB++ as previous
    ok 37 - AC-6: notchChange rejects BBB++ as previous
      ---
      duration_ms: 0.079108
      type: 'test'
      ...
    # Subtest: AC-6: notchChange rejects BBB++ as current
    ok 38 - AC-6: notchChange rejects BBB++ as current
      ---
      duration_ms: 0.079234
      type: 'test'
      ...
    # Subtest: AC-6: notchCalculator rejects BBB++ as previous
    ok 39 - AC-6: notchCalculator rejects BBB++ as previous
      ---
      duration_ms: 0.074183
      type: 'test'
      ...
    # Subtest: AC-6: notchCalculator rejects BBB++ as current
    ok 40 - AC-6: notchCalculator rejects BBB++ as current
      ---
      duration_ms: 0.080048
      type: 'test'
      ...
    # Subtest: AC-6: notchChange rejects Baa1 as previous
    ok 41 - AC-6: notchChange rejects Baa1 as previous
      ---
      duration_ms: 0.105446
      type: 'test'
      ...
    # Subtest: AC-6: notchChange rejects Baa1 as current
    ok 42 - AC-6: notchChange rejects Baa1 as current
      ---
      duration_ms: 0.085679
      type: 'test'
      ...
    # Subtest: AC-6: notchCalculator rejects Baa1 as previous
    ok 43 - AC-6: notchCalculator rejects Baa1 as previous
      ---
      duration_ms: 0.080882
      type: 'test'
      ...
    # Subtest: AC-6: notchCalculator rejects Baa1 as current
    ok 44 - AC-6: notchCalculator rejects Baa1 as current
      ---
      duration_ms: 0.078547
      type: 'test'
      ...
    # Subtest: AC-6: notchChange rejects B B B+ as previous
    ok 45 - AC-6: notchChange rejects B B B+ as previous
      ---
      duration_ms: 0.077805
      type: 'test'
      ...
    # Subtest: AC-6: notchChange rejects B B B+ as current
    ok 46 - AC-6: notchChange rejects B B B+ as current
      ---
      duration_ms: 0.075374
      type: 'test'
      ...
    # Subtest: AC-6: notchCalculator rejects B B B+ as previous
    ok 47 - AC-6: notchCalculator rejects B B B+ as previous
      ---
      duration_ms: 0.068865
      type: 'test'
      ...
    # Subtest: AC-6: notchCalculator rejects B B B+ as current
    ok 48 - AC-6: notchCalculator rejects B B B+ as current
      ---
      duration_ms: 0.070824
      type: 'test'
      ...
    # Subtest: AC-6: notchChange rejects BBB + as previous
    ok 49 - AC-6: notchChange rejects BBB + as previous
      ---
      duration_ms: 0.07159
      type: 'test'
      ...
    # Subtest: AC-6: notchChange rejects BBB + as current
    ok 50 - AC-6: notchChange rejects BBB + as current
      ---
      duration_ms: 0.075645
      type: 'test'
      ...
    # Subtest: AC-6: notchCalculator rejects BBB + as previous
    ok 51 - AC-6: notchCalculator rejects BBB + as previous
      ---
      duration_ms: 0.130793
      type: 'test'
      ...
    # Subtest: AC-6: notchCalculator rejects BBB + as current
    ok 52 - AC-6: notchCalculator rejects BBB + as current
      ---
      duration_ms: 0.081209
      type: 'test'
      ...
    # Subtest: AC-6: notchChange rejects undefined as previous
    ok 53 - AC-6: notchChange rejects undefined as previous
      ---
      duration_ms: 5.132679
      type: 'test'
      ...
    # Subtest: AC-6: notchChange rejects undefined as current
    ok 54 - AC-6: notchChange rejects undefined as current
      ---
      duration_ms: 0.182516
      type: 'test'
      ...
    # Subtest: AC-6: notchCalculator rejects undefined as previous
    ok 55 - AC-6: notchCalculator rejects undefined as previous
      ---
      duration_ms: 0.108351
      type: 'test'
      ...
    # Subtest: AC-6: notchCalculator rejects undefined as current
    ok 56 - AC-6: notchCalculator rejects undefined as current
      ---
      duration_ms: 0.080528
      type: 'test'
      ...
    # Subtest: AC-6: notchChange rejects null as previous
    ok 57 - AC-6: notchChange rejects null as previous
      ---
      duration_ms: 0.075848
      type: 'test'
      ...
    # Subtest: AC-6: notchChange rejects null as current
    ok 58 - AC-6: notchChange rejects null as current
      ---
      duration_ms: 0.071296
      type: 'test'
      ...
    # Subtest: AC-6: notchCalculator rejects null as previous
    ok 59 - AC-6: notchCalculator rejects null as previous
      ---
      duration_ms: 0.066343
      type: 'test'
      ...
    # Subtest: AC-6: notchCalculator rejects null as current
    ok 60 - AC-6: notchCalculator rejects null as current
      ---
      duration_ms: 0.083001
      type: 'test'
      ...
    # Subtest: AC-6: notchChange rejects number 8 as previous
    ok 61 - AC-6: notchChange rejects number 8 as previous
      ---
      duration_ms: 0.073695
      type: 'test'
      ...
    # Subtest: AC-6: notchChange rejects number 8 as current
    ok 62 - AC-6: notchChange rejects number 8 as current
      ---
      duration_ms: 0.083384
      type: 'test'
      ...
    # Subtest: AC-6: notchCalculator rejects number 8 as previous
    ok 63 - AC-6: notchCalculator rejects number 8 as previous
      ---
      duration_ms: 0.16486
      type: 'test'
      ...
    # Subtest: AC-6: notchCalculator rejects number 8 as current
    ok 64 - AC-6: notchCalculator rejects number 8 as current
      ---
      duration_ms: 0.08042
      type: 'test'
      ...
    # Subtest: AC-6: notchChange rejects boolean true as previous
    ok 65 - AC-6: notchChange rejects boolean true as previous
      ---
      duration_ms: 0.052552
      type: 'test'
      ...
    # Subtest: AC-6: notchChange rejects boolean true as current
    ok 66 - AC-6: notchChange rejects boolean true as current
      ---
      duration_ms: 0.062047
      type: 'test'
      ...
    # Subtest: AC-6: notchCalculator rejects boolean true as previous
    ok 67 - AC-6: notchCalculator rejects boolean true as previous
      ---
      duration_ms: 0.055215
      type: 'test'
      ...
    # Subtest: AC-6: notchCalculator rejects boolean true as current
    ok 68 - AC-6: notchCalculator rejects boolean true as current
      ---
      duration_ms: 0.066978
      type: 'test'
      ...
    # Subtest: AC-6: notchChange rejects object {} as previous
    ok 69 - AC-6: notchChange rejects object {} as previous
      ---
      duration_ms: 0.05938
      type: 'test'
      ...
    # Subtest: AC-6: notchChange rejects object {} as current
    ok 70 - AC-6: notchChange rejects object {} as current
      ---
      duration_ms: 0.098329
      type: 'test'
      ...
    # Subtest: AC-6: notchCalculator rejects object {} as previous
    ok 71 - AC-6: notchCalculator rejects object {} as previous
      ---
      duration_ms: 0.049179
      type: 'test'
      ...
    # Subtest: AC-6: notchCalculator rejects object {} as current
    ok 72 - AC-6: notchCalculator rejects object {} as current
      ---
      duration_ms: 0.042907
      type: 'test'
      ...
    # Subtest: AC-6: notchChange rejects array ['BBB'] as previous
    ok 73 - AC-6: notchChange rejects array ['BBB'] as previous
      ---
      duration_ms: 0.059991
      type: 'test'
      ...
    # Subtest: AC-6: notchChange rejects array ['BBB'] as current
    ok 74 - AC-6: notchChange rejects array ['BBB'] as current
      ---
      duration_ms: 0.059538
      type: 'test'
      ...
    # Subtest: AC-6: notchCalculator rejects array ['BBB'] as previous
    ok 75 - AC-6: notchCalculator rejects array ['BBB'] as previous
      ---
      duration_ms: 0.059767
      type: 'test'
      ...
    # Subtest: AC-6: notchCalculator rejects array ['BBB'] as current
    ok 76 - AC-6: notchCalculator rejects array ['BBB'] as current
      ---
      duration_ms: 0.13446
      type: 'test'
      ...
    # Subtest: AC-6: missing arguments throw RangeError (notchChange('BBB'), notchChange())
    ok 77 - AC-6: missing arguments throw RangeError (notchChange('BBB'), notchChange())
      ---
      duration_ms: 0.158113
      type: 'test'
      ...
    # Subtest: AC-6: missing arguments throw RangeError (notchCalculator('BBB'), notchCalculator())
    ok 78 - AC-6: missing arguments throw RangeError (notchCalculator('BBB'), notchCalculator())
      ---
      duration_ms: 0.085015
      type: 'test'
      ...
    # Subtest: AC-6: both arguments invalid throws RangeError
    ok 79 - AC-6: both arguments invalid throws RangeError
      ---
      duration_ms: 0.083327
      type: 'test'
      ...
    # Subtest: AC-6 edge: String wrapper object is rejected by both functions in both positions
    ok 80 - AC-6 edge: String wrapper object is rejected by both functions in both positions
      ---
      duration_ms: 0.330443
      type: 'test'
      ...
    # Subtest: AC-6 edge: object with toString is rejected by both functions in both positions
    ok 81 - AC-6 edge: object with toString is rejected by both functions in both positions
      ---
      duration_ms: 0.085493
      type: 'test'
      ...
    # Subtest: AC-6 edge: zero-width space prefix is rejected by both functions in both positions
    ok 82 - AC-6 edge: zero-width space prefix is rejected by both functions in both positions
      ---
      duration_ms: 0.094996
      type: 'test'
      ...
    # Subtest: AC-6 edge: constructor is rejected by both functions in both positions
    ok 83 - AC-6 edge: constructor is rejected by both functions in both positions
      ---
      duration_ms: 0.095862
      type: 'test'
      ...
    # Subtest: AC-6 edge: __proto__ is rejected by both functions in both positions
    ok 84 - AC-6 edge: __proto__ is rejected by both functions in both positions
      ---
      duration_ms: 3.726983
      type: 'test'
      ...
    # Subtest: AC-6 edge: toString is rejected by both functions in both positions
    ok 85 - AC-6 edge: toString is rejected by both functions in both positions
      ---
      duration_ms: 0.166926
      type: 'test'
      ...
    # Subtest: AC-6 edge: length is rejected by both functions in both positions
    ok 86 - AC-6 edge: length is rejected by both functions in both positions
      ---
      duration_ms: 0.101334
      type: 'test'
      ...
    # Subtest: AC-6 edge: index '0' is rejected by both functions in both positions
    ok 87 - AC-6 edge: index '0' is rejected by both functions in both positions
      ---
      duration_ms: 0.091444
      type: 'test'
      ...
    # Subtest: AC-6 edge: index '7' is rejected by both functions in both positions
    ok 88 - AC-6 edge: index '7' is rejected by both functions in both positions
      ---
      duration_ms: 0.136985
      type: 'test'
      ...
    # Subtest: AC-6: no object is returned when an argument is invalid
    ok 89 - AC-6: no object is returned when an argument is invalid
      ---
      duration_ms: 0.146569
      type: 'test'
      ...
    1..89
ok 13 - AC-6: invalid input throws RangeError
  ---
  duration_ms: 22.974357
  type: 'suite'
  ...
# Subtest: AC-7: notchCalculator downgrades
    # Subtest: AC-7 (C2): ('BBB+','BB+') -> {3,'downgrade',2}, POC example corrected
    ok 1 - AC-7 (C2): ('BBB+','BB+') -> {3,'downgrade',2}, POC example corrected
      ---
      duration_ms: 6.369719
      type: 'test'
      ...
    # Subtest: AC-7: ('BBB+','BBB-') -> {2,'downgrade',1}
    ok 2 - AC-7: ('BBB+','BBB-') -> {2,'downgrade',1}
      ---
      duration_ms: 0.178573
      type: 'test'
      ...
    # Subtest: AC-7 (C6): ('BBB+','BBB') -> {1,'downgrade',0}
    ok 3 - AC-7 (C6): ('BBB+','BBB') -> {1,'downgrade',0}
      ---
      duration_ms: 0.154526
      type: 'test'
      ...
    # Subtest: AC-7: ('BBB+','BB') -> {4,'downgrade',2}
    ok 4 - AC-7: ('BBB+','BB') -> {4,'downgrade',2}
      ---
      duration_ms: 0.107592
      type: 'test'
      ...
    # Subtest: AC-7: ('AAA','CCC-') -> {18,'downgrade',2}
    ok 5 - AC-7: ('AAA','CCC-') -> {18,'downgrade',2}
      ---
      duration_ms: 0.082543
      type: 'test'
      ...
    # Subtest: AC-7: ('CCC','CCC-') -> {1,'downgrade',0}
    ok 6 - AC-7: ('CCC','CCC-') -> {1,'downgrade',0}
      ---
      duration_ms: 0.181707
      type: 'test'
      ...
    1..6
ok 14 - AC-7: notchCalculator downgrades
  ---
  duration_ms: 7.418531
  type: 'suite'
  ...
# Subtest: AC-8: notchCalculator upgrades and unchanged
    # Subtest: AC-8: ('BBB','A') -> {-3,'upgrade',0}
    ok 1 - AC-8: ('BBB','A') -> {-3,'upgrade',0}
      ---
      duration_ms: 0.211809
      type: 'test'
      ...
    # Subtest: AC-8: ('BB+','BBB+') -> {-3,'upgrade',0}
    ok 2 - AC-8: ('BB+','BBB+') -> {-3,'upgrade',0}
      ---
      duration_ms: 0.126172
      type: 'test'
      ...
    # Subtest: AC-8: ('AA+','AAA') -> {-1,'upgrade',0}
    ok 3 - AC-8: ('AA+','AAA') -> {-1,'upgrade',0}
      ---
      duration_ms: 0.095544
      type: 'test'
      ...
    # Subtest: AC-8: ('CCC-','AAA') -> {-18,'upgrade',0}
    ok 4 - AC-8: ('CCC-','AAA') -> {-18,'upgrade',0}
      ---
      duration_ms: 0.080891
      type: 'test'
      ...
    # Subtest: AC-8: ('BBB','BBB') -> {0,'unchanged',0} with +0 notches
    ok 5 - AC-8: ('BBB','BBB') -> {0,'unchanged',0} with +0 notches
      ---
      duration_ms: 0.096282
      type: 'test'
      ...
    # Subtest: AC-8: ('AAA','AAA') and ('CCC-','CCC-') are unchanged
    ok 6 - AC-8: ('AAA','AAA') and ('CCC-','CCC-') are unchanged
      ---
      duration_ms: 0.08359
      type: 'test'
      ...
    1..6
ok 15 - AC-8: notchCalculator upgrades and unchanged
  ---
  duration_ms: 0.909625
  type: 'suite'
  ...
# Subtest: AC-9: notchCalculator over all 361 ordered pairs
    # Subtest: AC-9: shape, sign, direction and WL thresholds hold for every pair; totals match the oracle
    ok 1 - AC-9: shape, sign, direction and WL thresholds hold for every pair; totals match the oracle
      ---
      duration_ms: 7.753355
      type: 'test'
      ...
    # Subtest: AC-9: WL boundary steps: notches 1 -> 0, 2 -> 1, 3 -> 2, 18 -> 2, negative -> 0
    ok 2 - AC-9: WL boundary steps: notches 1 -> 0, 2 -> 1, 3 -> 2, 18 -> 2, negative -> 0
      ---
      duration_ms: 0.140575
      type: 'test'
      ...
    1..2
ok 16 - AC-9: notchCalculator over all 361 ordered pairs
  ---
  duration_ms: 8.017546
  type: 'suite'
  ...
# Subtest: No side effects
    # Subtest: calls leave RATING_SCALE intact and return separate, deep-equal objects
    ok 1 - calls leave RATING_SCALE intact and return separate, deep-equal objects
      ---
      duration_ms: 0.290073
      type: 'test'
      ...
    # Subtest: notchChange is deterministic across repeated calls
    ok 2 - notchChange is deterministic across repeated calls
      ---
      duration_ms: 0.109188
      type: 'test'
      ...
    1..2
ok 17 - No side effects
  ---
  duration_ms: 0.551364
  type: 'suite'
  ...
# Subtest: AC-14: public surface via dynamic import
    # Subtest: AC-14: exports are function, function and an array
    ok 1 - AC-14: exports are function, function and an array
      ---
      duration_ms: 0.3006
      type: 'test'
      ...
    # Subtest: AC-14: module exposes exactly the three named exports
    ok 2 - AC-14: module exposes exactly the three named exports
      ---
      duration_ms: 0.226081
      type: 'test'
      ...
    # Subtest: AC-14: calls are synchronous (no Promise returned)
    ok 3 - AC-14: calls are synchronous (no Promise returned)
      ---
      duration_ms: 0.098626
      type: 'test'
      ...
    1..3
ok 18 - AC-14: public surface via dynamic import
  ---
  duration_ms: 0.751392
  type: 'suite'
  ...
# Subtest: RATING_SCALE (AC-1)
    # Subtest: deep-equals the 19 C1 ratings, best first
    ok 1 - deep-equals the 19 C1 ratings, best first
      ---
      duration_ms: 1.930107
      type: 'test'
      ...
    # Subtest: is a frozen real array
    ok 2 - is a frozen real array
      ---
      duration_ms: 0.26901
      type: 'test'
      ...
    # Subtest: push and index assignment throw TypeError and leave the scale intact
    ok 3 - push and index assignment throw TypeError and leave the scale intact
      ---
      duration_ms: 0.827714
      type: 'test'
      ...
    1..3
ok 19 - RATING_SCALE (AC-1)
  ---
  duration_ms: 4.358492
  type: 'suite'
  ...
# Subtest: notchChange
    # Subtest: AC-2 downgrade BBB+ -> BB+ is 3
    ok 1 - AC-2 downgrade BBB+ -> BB+ is 3
      ---
      duration_ms: 0.586206
      type: 'test'
      ...
    # Subtest: AC-2 downgrade BBB+ -> BBB- is 2
    ok 2 - AC-2 downgrade BBB+ -> BBB- is 2
      ---
      duration_ms: 0.114044
      type: 'test'
      ...
    # Subtest: AC-2 downgrade BBB+ -> BBB is 1
    ok 3 - AC-2 downgrade BBB+ -> BBB is 1
      ---
      duration_ms: 0.095633
      type: 'test'
      ...
    # Subtest: AC-2 downgrade BBB+ -> BB is 4
    ok 4 - AC-2 downgrade BBB+ -> BB is 4
      ---
      duration_ms: 0.218307
      type: 'test'
      ...
    # Subtest: AC-2 downgrade AAA -> CCC- is 18
    ok 5 - AC-2 downgrade AAA -> CCC- is 18
      ---
      duration_ms: 0.329015
      type: 'test'
      ...
    # Subtest: AC-2 downgrade CCC -> CCC- is 1
    ok 6 - AC-2 downgrade CCC -> CCC- is 1
      ---
      duration_ms: 0.270322
      type: 'test'
      ...
    # Subtest: AC-3 upgrade BBB -> A is -3
    ok 7 - AC-3 upgrade BBB -> A is -3
      ---
      duration_ms: 0.420428
      type: 'test'
      ...
    # Subtest: AC-3 upgrade BB+ -> BBB+ is -3
    ok 8 - AC-3 upgrade BB+ -> BBB+ is -3
      ---
      duration_ms: 0.101468
      type: 'test'
      ...
    # Subtest: AC-3 upgrade BB -> BBB is -3
    ok 9 - AC-3 upgrade BB -> BBB is -3
      ---
      duration_ms: 0.072279
      type: 'test'
      ...
    # Subtest: AC-3 upgrade AA+ -> AAA is -1
    ok 10 - AC-3 upgrade AA+ -> AAA is -1
      ---
      duration_ms: 0.148308
      type: 'test'
      ...
    # Subtest: AC-3 upgrade CCC- -> AAA is -18
    ok 11 - AC-3 upgrade CCC- -> AAA is -18
      ---
      duration_ms: 0.065383
      type: 'test'
      ...
    # Subtest: AC-4 unchanged BBB -> BBB is +0, not -0
    ok 12 - AC-4 unchanged BBB -> BBB is +0, not -0
      ---
      duration_ms: 0.096331
      type: 'test'
      ...
    # Subtest: AC-4 unchanged AAA -> AAA is +0, not -0
    ok 13 - AC-4 unchanged AAA -> AAA is +0, not -0
      ---
      duration_ms: 0.073427
      type: 'test'
      ...
    # Subtest: AC-4 unchanged CCC- -> CCC- is +0, not -0
    ok 14 - AC-4 unchanged CCC- -> CCC- is +0, not -0
      ---
      duration_ms: 0.082338
      type: 'test'
      ...
    # Subtest: AC-4 never returns -0 for any equal pair
    ok 15 - AC-4 never returns -0 for any equal pair
      ---
      duration_ms: 0.138709
      type: 'test'
      ...
    # Subtest: AC-5 normalisation
        # Subtest: is case-insensitive
        ok 1 - is case-insensitive
          ---
          duration_ms: 0.146403
          type: 'test'
          ...
        # Subtest: trims surrounding whitespace
        ok 2 - trims surrounding whitespace
          ---
          duration_ms: 0.245863
          type: 'test'
          ...
        # Subtest: trims and ignores case together
        ok 3 - trims and ignores case together
          ---
          duration_ms: 0.112038
          type: 'test'
          ...
        # Subtest: accepts whitespace that String.prototype.trim removes
        ok 4 - accepts whitespace that String.prototype.trim removes
          ---
          duration_ms: 0.101372
          type: 'test'
          ...
        1..4
    ok 16 - AC-5 normalisation
      ---
      duration_ms: 2.157263
      type: 'suite'
      ...
    # Subtest: AC-6 validation
        # Subtest: throws RangeError for empty string as previous
        ok 1 - throws RangeError for empty string as previous
          ---
          duration_ms: 0.854423
          type: 'test'
          ...
        # Subtest: throws RangeError for empty string as current
        ok 2 - throws RangeError for empty string as current
          ---
          duration_ms: 0.272122
          type: 'test'
          ...
        # Subtest: throws RangeError for spaces only as previous
        ok 3 - throws RangeError for spaces only as previous
          ---
          duration_ms: 0.093518
          type: 'test'
          ...
        # Subtest: throws RangeError for spaces only as current
        ok 4 - throws RangeError for spaces only as current
          ---
          duration_ms: 0.085405
          type: 'test'
          ...
        # Subtest: throws RangeError for tab and newline only as previous
        ok 5 - throws RangeError for tab and newline only as previous
          ---
          duration_ms: 0.101416
          type: 'test'
          ...
        # Subtest: throws RangeError for tab and newline only as current
        ok 6 - throws RangeError for tab and newline only as current
          ---
          duration_ms: 0.076336
          type: 'test'
          ...
        # Subtest: throws RangeError for D as previous
        ok 7 - throws RangeError for D as previous
          ---
          duration_ms: 0.194199
          type: 'test'
          ...
        # Subtest: throws RangeError for D as current
        ok 8 - throws RangeError for D as current
          ---
          duration_ms: 0.086139
          type: 'test'
          ...
        # Subtest: throws RangeError for SD as previous
        ok 9 - throws RangeError for SD as previous
          ---
          duration_ms: 0.071209
          type: 'test'
          ...
        # Subtest: throws RangeError for SD as current
        ok 10 - throws RangeError for SD as current
          ---
          duration_ms: 0.145723
          type: 'test'
          ...
        # Subtest: throws RangeError for NR as previous
        ok 11 - throws RangeError for NR as previous
          ---
          duration_ms: 0.094014
          type: 'test'
          ...
        # Subtest: throws RangeError for NR as current
        ok 12 - throws RangeError for NR as current
          ---
          duration_ms: 0.078716
          type: 'test'
          ...
        # Subtest: throws RangeError for C as previous
        ok 13 - throws RangeError for C as previous
          ---
          duration_ms: 0.217717
          type: 'test'
          ...
        # Subtest: throws RangeError for C as current
        ok 14 - throws RangeError for C as current
          ---
          duration_ms: 0.117012
          type: 'test'
          ...
        # Subtest: throws RangeError for AAA+ as previous
        ok 15 - throws RangeError for AAA+ as previous
          ---
          duration_ms: 0.0742
          type: 'test'
          ...
        # Subtest: throws RangeError for AAA+ as current
        ok 16 - throws RangeError for AAA+ as current
          ---
          duration_ms: 0.073889
          type: 'test'
          ...
        # Subtest: throws RangeError for CCC-- as previous
        ok 17 - throws RangeError for CCC-- as previous
          ---
          duration_ms: 0.191794
          type: 'test'
          ...
        # Subtest: throws RangeError for CCC-- as current
        ok 18 - throws RangeError for CCC-- as current
          ---
          duration_ms: 0.067061
          type: 'test'
          ...
        # Subtest: throws RangeError for BBB++ as previous
        ok 19 - throws RangeError for BBB++ as previous
          ---
          duration_ms: 0.070847
          type: 'test'
          ...
        # Subtest: throws RangeError for BBB++ as current
        ok 20 - throws RangeError for BBB++ as current
          ---
          duration_ms: 0.069498
          type: 'test'
          ...
        # Subtest: throws RangeError for Baa1 as previous
        ok 21 - throws RangeError for Baa1 as previous
          ---
          duration_ms: 0.10543
          type: 'test'
          ...
        # Subtest: throws RangeError for Baa1 as current
        ok 22 - throws RangeError for Baa1 as current
          ---
          duration_ms: 0.075844
          type: 'test'
          ...
        # Subtest: throws RangeError for inner spaces B B B+ as previous
        ok 23 - throws RangeError for inner spaces B B B+ as previous
          ---
          duration_ms: 0.068068
          type: 'test'
          ...
        # Subtest: throws RangeError for inner spaces B B B+ as current
        ok 24 - throws RangeError for inner spaces B B B+ as current
          ---
          duration_ms: 0.075092
          type: 'test'
          ...
        # Subtest: throws RangeError for space before sign BBB + as previous
        ok 25 - throws RangeError for space before sign BBB + as previous
          ---
          duration_ms: 0.113595
          type: 'test'
          ...
        # Subtest: throws RangeError for space before sign BBB + as current
        ok 26 - throws RangeError for space before sign BBB + as current
          ---
          duration_ms: 0.083843
          type: 'test'
          ...
        # Subtest: throws RangeError for undefined as previous
        ok 27 - throws RangeError for undefined as previous
          ---
          duration_ms: 0.129318
          type: 'test'
          ...
        # Subtest: throws RangeError for undefined as current
        ok 28 - throws RangeError for undefined as current
          ---
          duration_ms: 0.079205
          type: 'test'
          ...
        # Subtest: throws RangeError for null as previous
        ok 29 - throws RangeError for null as previous
          ---
          duration_ms: 0.147837
          type: 'test'
          ...
        # Subtest: throws RangeError for null as current
        ok 30 - throws RangeError for null as current
          ---
          duration_ms: 0.095893
          type: 'test'
          ...
        # Subtest: throws RangeError for number 8 as previous
        ok 31 - throws RangeError for number 8 as previous
          ---
          duration_ms: 0.075417
          type: 'test'
          ...
        # Subtest: throws RangeError for number 8 as current
        ok 32 - throws RangeError for number 8 as current
          ---
          duration_ms: 0.078806
          type: 'test'
          ...
        # Subtest: throws RangeError for boolean true as previous
        ok 33 - throws RangeError for boolean true as previous
          ---
          duration_ms: 0.080625
          type: 'test'
          ...
        # Subtest: throws RangeError for boolean true as current
        ok 34 - throws RangeError for boolean true as current
          ---
          duration_ms: 0.118283
          type: 'test'
          ...
        # Subtest: throws RangeError for empty object as previous
        ok 35 - throws RangeError for empty object as previous
          ---
          duration_ms: 0.089871
          type: 'test'
          ...
        # Subtest: throws RangeError for empty object as current
        ok 36 - throws RangeError for empty object as current
          ---
          duration_ms: 0.092274
          type: 'test'
          ...
        # Subtest: throws RangeError for array [BBB] as previous
        ok 37 - throws RangeError for array [BBB] as previous
          ---
          duration_ms: 0.113081
          type: 'test'
          ...
        # Subtest: throws RangeError for array [BBB] as current
        ok 38 - throws RangeError for array [BBB] as current
          ---
          duration_ms: 0.095839
          type: 'test'
          ...
        # Subtest: throws RangeError for String wrapper object as previous
        ok 39 - throws RangeError for String wrapper object as previous
          ---
          duration_ms: 0.100035
          type: 'test'
          ...
        # Subtest: throws RangeError for String wrapper object as current
        ok 40 - throws RangeError for String wrapper object as current
          ---
          duration_ms: 0.09227
          type: 'test'
          ...
        # Subtest: throws RangeError for object with toString as previous
        ok 41 - throws RangeError for object with toString as previous
          ---
          duration_ms: 0.091383
          type: 'test'
          ...
        # Subtest: throws RangeError for object with toString as current
        ok 42 - throws RangeError for object with toString as current
          ---
          duration_ms: 0.092951
          type: 'test'
          ...
        # Subtest: throws RangeError for zero-width space prefix as previous
        ok 43 - throws RangeError for zero-width space prefix as previous
          ---
          duration_ms: 0.097353
          type: 'test'
          ...
        # Subtest: throws RangeError for zero-width space prefix as current
        ok 44 - throws RangeError for zero-width space prefix as current
          ---
          duration_ms: 0.09838
          type: 'test'
          ...
        # Subtest: throws RangeError for constructor as previous
        ok 45 - throws RangeError for constructor as previous
          ---
          duration_ms: 0.106706
          type: 'test'
          ...
        # Subtest: throws RangeError for constructor as current
        ok 46 - throws RangeError for constructor as current
          ---
          duration_ms: 0.103715
          type: 'test'
          ...
        # Subtest: throws RangeError for __proto__ as previous
        ok 47 - throws RangeError for __proto__ as previous
          ---
          duration_ms: 0.084486
          type: 'test'
          ...
        # Subtest: throws RangeError for __proto__ as current
        ok 48 - throws RangeError for __proto__ as current
          ---
          duration_ms: 0.093119
          type: 'test'
          ...
        # Subtest: throws RangeError for toString as previous
        ok 49 - throws RangeError for toString as previous
          ---
          duration_ms: 0.081727
          type: 'test'
          ...
        # Subtest: throws RangeError for toString as current
        ok 50 - throws RangeError for toString as current
          ---
          duration_ms: 0.085578
          type: 'test'
          ...
        # Subtest: throws RangeError for length as previous
        ok 51 - throws RangeError for length as previous
          ---
          duration_ms: 0.08243
          type: 'test'
          ...
        # Subtest: throws RangeError for length as current
        ok 52 - throws RangeError for length as current
          ---
          duration_ms: 0.089808
          type: 'test'
          ...
        # Subtest: throws RangeError for index 0 as previous
        ok 53 - throws RangeError for index 0 as previous
          ---
          duration_ms: 0.120685
          type: 'test'
          ...
        # Subtest: throws RangeError for index 0 as current
        ok 54 - throws RangeError for index 0 as current
          ---
          duration_ms: 0.087701
          type: 'test'
          ...
        # Subtest: throws RangeError for index 7 as previous
        ok 55 - throws RangeError for index 7 as previous
          ---
          duration_ms: 0.083631
          type: 'test'
          ...
        # Subtest: throws RangeError for index 7 as current
        ok 56 - throws RangeError for index 7 as current
          ---
          duration_ms: 0.077002
          type: 'test'
          ...
        # Subtest: throws RangeError for missing arguments
        ok 57 - throws RangeError for missing arguments
          ---
          duration_ms: 0.205782
          type: 'test'
          ...
        # Subtest: throws RangeError when both arguments are invalid
        ok 58 - throws RangeError when both arguments are invalid
          ---
          duration_ms: 0.105997
          type: 'test'
          ...
        # Subtest: error message names the argument and the bad value
        ok 59 - error message names the argument and the bad value
          ---
          duration_ms: 0.339371
          type: 'test'
          ...
        1..59
    ok 17 - AC-6 validation
      ---
      duration_ms: 8.706638
      type: 'suite'
      ...
    # Subtest: has no side effects on the scale
    ok 18 - has no side effects on the scale
      ---
      duration_ms: 0.141548
      type: 'test'
      ...
    1..18
ok 20 - notchChange
  ---
  duration_ms: 14.732282
  type: 'suite'
  ...
# Subtest: notchCalculator
    # Subtest: AC-7 BBB+ -> BB+ (C2: 3 notches, not 2)
    ok 1 - AC-7 BBB+ -> BB+ (C2: 3 notches, not 2)
      ---
      duration_ms: 0.574527
      type: 'test'
      ...
    # Subtest: AC-7 BBB+ -> BBB-
    ok 2 - AC-7 BBB+ -> BBB-
      ---
      duration_ms: 0.094231
      type: 'test'
      ...
    # Subtest: AC-7 BBB+ -> BBB (C6)
    ok 3 - AC-7 BBB+ -> BBB (C6)
      ---
      duration_ms: 0.071469
      type: 'test'
      ...
    # Subtest: AC-7 BBB+ -> BB
    ok 4 - AC-7 BBB+ -> BB
      ---
      duration_ms: 0.075365
      type: 'test'
      ...
    # Subtest: AC-7 AAA -> CCC-
    ok 5 - AC-7 AAA -> CCC-
      ---
      duration_ms: 0.062804
      type: 'test'
      ...
    # Subtest: AC-7 CCC -> CCC-
    ok 6 - AC-7 CCC -> CCC-
      ---
      duration_ms: 1.441557
      type: 'test'
      ...
    # Subtest: AC-8 BBB -> A
    ok 7 - AC-8 BBB -> A
      ---
      duration_ms: 0.121691
      type: 'test'
      ...
    # Subtest: AC-8 BB+ -> BBB+
    ok 8 - AC-8 BB+ -> BBB+
      ---
      duration_ms: 0.063247
      type: 'test'
      ...
    # Subtest: AC-8 BB -> BBB
    ok 9 - AC-8 BB -> BBB
      ---
      duration_ms: 0.057185
      type: 'test'
      ...
    # Subtest: AC-8 AA+ -> AAA
    ok 10 - AC-8 AA+ -> AAA
      ---
      duration_ms: 0.081935
      type: 'test'
      ...
    # Subtest: AC-8 CCC- -> AAA
    ok 11 - AC-8 CCC- -> AAA
      ---
      duration_ms: 0.05475
      type: 'test'
      ...
    # Subtest: AC-8 BBB -> BBB
    ok 12 - AC-8 BBB -> BBB
      ---
      duration_ms: 0.052283
      type: 'test'
      ...
    # Subtest: AC-8 unchanged AAA and CCC- give +0 notches
    ok 13 - AC-8 unchanged AAA and CCC- give +0 notches
      ---
      duration_ms: 0.164448
      type: 'test'
      ...
    # Subtest: AC-5 trims and ignores case
    ok 14 - AC-5 trims and ignores case
      ---
      duration_ms: 0.09659
      type: 'test'
      ...
    # Subtest: AC-6 validation
        # Subtest: throws RangeError for empty string as previous
        ok 1 - throws RangeError for empty string as previous
          ---
          duration_ms: 1.237433
          type: 'test'
          ...
        # Subtest: throws RangeError for empty string as current
        ok 2 - throws RangeError for empty string as current
          ---
          duration_ms: 0.19401
          type: 'test'
          ...
        # Subtest: throws RangeError for spaces only as previous
        ok 3 - throws RangeError for spaces only as previous
          ---
          duration_ms: 0.101638
          type: 'test'
          ...
        # Subtest: throws RangeError for spaces only as current
        ok 4 - throws RangeError for spaces only as current
          ---
          duration_ms: 0.187848
          type: 'test'
          ...
        # Subtest: throws RangeError for tab and newline only as previous
        ok 5 - throws RangeError for tab and newline only as previous
          ---
          duration_ms: 0.127208
          type: 'test'
          ...
        # Subtest: throws RangeError for tab and newline only as current
        ok 6 - throws RangeError for tab and newline only as current
          ---
          duration_ms: 0.12304
          type: 'test'
          ...
        # Subtest: throws RangeError for D as previous
        ok 7 - throws RangeError for D as previous
          ---
          duration_ms: 0.110801
          type: 'test'
          ...
        # Subtest: throws RangeError for D as current
        ok 8 - throws RangeError for D as current
          ---
          duration_ms: 0.095324
          type: 'test'
          ...
        # Subtest: throws RangeError for SD as previous
        ok 9 - throws RangeError for SD as previous
          ---
          duration_ms: 0.084265
          type: 'test'
          ...
        # Subtest: throws RangeError for SD as current
        ok 10 - throws RangeError for SD as current
          ---
          duration_ms: 0.081447
          type: 'test'
          ...
        # Subtest: throws RangeError for NR as previous
        ok 11 - throws RangeError for NR as previous
          ---
          duration_ms: 0.08972
          type: 'test'
          ...
        # Subtest: throws RangeError for NR as current
        ok 12 - throws RangeError for NR as current
          ---
          duration_ms: 0.093363
          type: 'test'
          ...
        # Subtest: throws RangeError for C as previous
        ok 13 - throws RangeError for C as previous
          ---
          duration_ms: 0.255624
          type: 'test'
          ...
        # Subtest: throws RangeError for C as current
        ok 14 - throws RangeError for C as current
          ---
          duration_ms: 0.119006
          type: 'test'
          ...
        # Subtest: throws RangeError for AAA+ as previous
        ok 15 - throws RangeError for AAA+ as previous
          ---
          duration_ms: 0.091848
          type: 'test'
          ...
        # Subtest: throws RangeError for AAA+ as current
        ok 16 - throws RangeError for AAA+ as current
          ---
          duration_ms: 0.090046
          type: 'test'
          ...
        # Subtest: throws RangeError for CCC-- as previous
        ok 17 - throws RangeError for CCC-- as previous
          ---
          duration_ms: 0.202317
          type: 'test'
          ...
        # Subtest: throws RangeError for CCC-- as current
        ok 18 - throws RangeError for CCC-- as current
          ---
          duration_ms: 0.194038
          type: 'test'
          ...
        # Subtest: throws RangeError for BBB++ as previous
        ok 19 - throws RangeError for BBB++ as previous
          ---
          duration_ms: 0.146327
          type: 'test'
          ...
        # Subtest: throws RangeError for BBB++ as current
        ok 20 - throws RangeError for BBB++ as current
          ---
          duration_ms: 0.170069
          type: 'test'
          ...
        # Subtest: throws RangeError for Baa1 as previous
        ok 21 - throws RangeError for Baa1 as previous
          ---
          duration_ms: 0.140294
          type: 'test'
          ...
        # Subtest: throws RangeError for Baa1 as current
        ok 22 - throws RangeError for Baa1 as current
          ---
          duration_ms: 0.129772
          type: 'test'
          ...
        # Subtest: throws RangeError for inner spaces B B B+ as previous
        ok 23 - throws RangeError for inner spaces B B B+ as previous
          ---
          duration_ms: 0.165611
          type: 'test'
          ...
        # Subtest: throws RangeError for inner spaces B B B+ as current
        ok 24 - throws RangeError for inner spaces B B B+ as current
          ---
          duration_ms: 0.11852
          type: 'test'
          ...
        # Subtest: throws RangeError for space before sign BBB + as previous
        ok 25 - throws RangeError for space before sign BBB + as previous
          ---
          duration_ms: 0.123552
          type: 'test'
          ...
        # Subtest: throws RangeError for space before sign BBB + as current
        ok 26 - throws RangeError for space before sign BBB + as current
          ---
          duration_ms: 0.08981
          type: 'test'
          ...
        # Subtest: throws RangeError for undefined as previous
        ok 27 - throws RangeError for undefined as previous
          ---
          duration_ms: 0.086504
          type: 'test'
          ...
        # Subtest: throws RangeError for undefined as current
        ok 28 - throws RangeError for undefined as current
          ---
          duration_ms: 0.187974
          type: 'test'
          ...
        # Subtest: throws RangeError for null as previous
        ok 29 - throws RangeError for null as previous
          ---
          duration_ms: 0.166954
          type: 'test'
          ...
        # Subtest: throws RangeError for null as current
        ok 30 - throws RangeError for null as current
          ---
          duration_ms: 0.109605
          type: 'test'
          ...
        # Subtest: throws RangeError for number 8 as previous
        ok 31 - throws RangeError for number 8 as previous
          ---
          duration_ms: 0.090107
          type: 'test'
          ...
        # Subtest: throws RangeError for number 8 as current
        ok 32 - throws RangeError for number 8 as current
          ---
          duration_ms: 0.087103
          type: 'test'
          ...
        # Subtest: throws RangeError for boolean true as previous
        ok 33 - throws RangeError for boolean true as previous
          ---
          duration_ms: 0.082302
          type: 'test'
          ...
        # Subtest: throws RangeError for boolean true as current
        ok 34 - throws RangeError for boolean true as current
          ---
          duration_ms: 0.087254
          type: 'test'
          ...
        # Subtest: throws RangeError for empty object as previous
        ok 35 - throws RangeError for empty object as previous
          ---
          duration_ms: 0.090293
          type: 'test'
          ...
        # Subtest: throws RangeError for empty object as current
        ok 36 - throws RangeError for empty object as current
          ---
          duration_ms: 0.097347
          type: 'test'
          ...
        # Subtest: throws RangeError for array [BBB] as previous
        ok 37 - throws RangeError for array [BBB] as previous
          ---
          duration_ms: 0.127943
          type: 'test'
          ...
        # Subtest: throws RangeError for array [BBB] as current
        ok 38 - throws RangeError for array [BBB] as current
          ---
          duration_ms: 0.118147
          type: 'test'
          ...
        # Subtest: throws RangeError for String wrapper object as previous
        ok 39 - throws RangeError for String wrapper object as previous
          ---
          duration_ms: 0.093823
          type: 'test'
          ...
        # Subtest: throws RangeError for String wrapper object as current
        ok 40 - throws RangeError for String wrapper object as current
          ---
          duration_ms: 0.144329
          type: 'test'
          ...
        # Subtest: throws RangeError for object with toString as previous
        ok 41 - throws RangeError for object with toString as previous
          ---
          duration_ms: 0.108547
          type: 'test'
          ...
        # Subtest: throws RangeError for object with toString as current
        ok 42 - throws RangeError for object with toString as current
          ---
          duration_ms: 0.096071
          type: 'test'
          ...
        # Subtest: throws RangeError for zero-width space prefix as previous
        ok 43 - throws RangeError for zero-width space prefix as previous
          ---
          duration_ms: 0.113039
          type: 'test'
          ...
        # Subtest: throws RangeError for zero-width space prefix as current
        ok 44 - throws RangeError for zero-width space prefix as current
          ---
          duration_ms: 0.154145
          type: 'test'
          ...
        # Subtest: throws RangeError for constructor as previous
        ok 45 - throws RangeError for constructor as previous
          ---
          duration_ms: 0.102589
          type: 'test'
          ...
        # Subtest: throws RangeError for constructor as current
        ok 46 - throws RangeError for constructor as current
          ---
          duration_ms: 0.091585
          type: 'test'
          ...
        # Subtest: throws RangeError for __proto__ as previous
        ok 47 - throws RangeError for __proto__ as previous
          ---
          duration_ms: 0.093971
          type: 'test'
          ...
        # Subtest: throws RangeError for __proto__ as current
        ok 48 - throws RangeError for __proto__ as current
          ---
          duration_ms: 0.138764
          type: 'test'
          ...
        # Subtest: throws RangeError for toString as previous
        ok 49 - throws RangeError for toString as previous
          ---
          duration_ms: 0.096983
          type: 'test'
          ...
        # Subtest: throws RangeError for toString as current
        ok 50 - throws RangeError for toString as current
          ---
          duration_ms: 0.157461
          type: 'test'
          ...
        # Subtest: throws RangeError for length as previous
        ok 51 - throws RangeError for length as previous
          ---
          duration_ms: 0.146672
          type: 'test'
          ...
        # Subtest: throws RangeError for length as current
        ok 52 - throws RangeError for length as current
          ---
          duration_ms: 0.096904
          type: 'test'
          ...
        # Subtest: throws RangeError for index 0 as previous
        ok 53 - throws RangeError for index 0 as previous
          ---
          duration_ms: 0.094622
          type: 'test'
          ...
        # Subtest: throws RangeError for index 0 as current
        ok 54 - throws RangeError for index 0 as current
          ---
          duration_ms: 0.085794
          type: 'test'
          ...
        # Subtest: throws RangeError for index 7 as previous
        ok 55 - throws RangeError for index 7 as previous
          ---
          duration_ms: 0.086926
          type: 'test'
          ...
        # Subtest: throws RangeError for index 7 as current
        ok 56 - throws RangeError for index 7 as current
          ---
          duration_ms: 0.080942
          type: 'test'
          ...
        # Subtest: throws RangeError for missing arguments
        ok 57 - throws RangeError for missing arguments
          ---
          duration_ms: 0.266734
          type: 'test'
          ...
        1..57
    ok 15 - AC-6 validation
      ---
      duration_ms: 10.251957
      type: 'suite'
      ...
    # Subtest: same call twice gives deep-equal but separate objects
    ok 16 - same call twice gives deep-equal but separate objects
      ---
      duration_ms: 0.303326
      type: 'test'
      ...
    # Subtest: AC-9 property over all 361 ordered pairs
    ok 17 - AC-9 property over all 361 ordered pairs
      ---
      duration_ms: 5.560037
      type: 'test'
      ...
    1..17
ok 21 - notchCalculator
  ---
  duration_ms: 19.73061
  type: 'suite'
  ...
1..21
# tests 420
# suites 30
# pass 420
# fail 0
# cancelled 0
# skipped 0
# todo 0
# duration_ms 442.055083
