# gate: T-02  attempt: 1  2026-10-04T07:39:53Z
ok    on job/JOB-20261004-0713-notch-calculator-and-country-rat--T-02
ok    working tree clean
ok    1 commit(s)
ok    all changes within scope ["src/indicators/**","test/unit/indicators/**"] (+ QA tests ["test/integration/indicators/**"])
ok    QA tests untouched by the dev
ok    no AI attribution in commits
----- verify: node --test test/unit/indicators/*.test.mjs
TAP version 13
# Subtest: AC-14: downgrades
ok 1 - AC-14: downgrades
  ---
  duration_ms: 1.262345
  type: 'test'
  ...
# Subtest: AC-15: upgrades and no change return 0
ok 2 - AC-15: upgrades and no change return 0
  ---
  duration_ms: 0.486359
  type: 'test'
  ...
# Subtest: AC-15: all 361 ordered pairs follow the Indicator 12 thresholds
ok 3 - AC-15: all 361 ordered pairs follow the Indicator 12 thresholds
  ---
  duration_ms: 0.62963
  type: 'test'
  ...
# Subtest: AC-5: unchanged rating is +0 and -0 never appears
ok 4 - AC-5: unchanged rating is +0 and -0 never appears
  ---
  duration_ms: 0.473173
  type: 'test'
  ...
# Subtest: AC-7: input is trimmed and case-insensitive
ok 5 - AC-7: input is trimmed and case-insensitive
  ---
  duration_ms: 0.123602
  type: 'test'
  ...
# Subtest: AC-8: invalid input in either position throws RangeError
ok 6 - AC-8: invalid input in either position throws RangeError
  ---
  duration_ms: 2.119493
  type: 'test'
  ...
# Subtest: AC-9: error messages name the parameter and the value
ok 7 - AC-9: error messages name the parameter and the value
  ---
  duration_ms: 0.449932
  type: 'test'
  ...
# Subtest: AC-16: thresholds differ from notchCalculator
ok 8 - AC-16: thresholds differ from notchCalculator
  ---
  duration_ms: 0.211516
  type: 'test'
  ...
# Subtest: AC-17: extra arguments are ignored and no state is kept
ok 9 - AC-17: extra arguments are ignored and no state is kept
  ---
  duration_ms: 0.316801
  type: 'test'
  ...
# Subtest: AC-18: source delegates to notchChange and holds no rating data or I/O
ok 10 - AC-18: source delegates to notchChange and holds no rating data or I/O
  ---
  duration_ms: 0.766246
  type: 'test'
  ...
# Subtest: AC-18: errors are delegated unchanged from notchChange
ok 11 - AC-18: errors are delegated unchanged from notchChange
  ---
  duration_ms: 1.903817
  type: 'test'
  ...
# Subtest: AC-19: source has no console, stdout/stderr or node:* import
ok 12 - AC-19: source has no console, stdout/stderr or node:* import
  ---
  duration_ms: 0.212956
  type: 'test'
  ...
# Subtest: AC-21: repo hygiene
ok 13 - AC-21: repo hygiene
  ---
  duration_ms: 0.487421
  type: 'test'
  ...
# Subtest: AC-21: src/ratings is unchanged against the job branch
ok 14 - AC-21: src/ratings is unchanged against the job branch
  ---
  duration_ms: 8.208315
  type: 'test'
  ...
1..14
# tests 14
# suites 0
# pass 14
# fail 0
# cancelled 0
# skipped 0
# todo 0
# duration_ms 94.529146
ok    verify passed
