# qa_verify: node --test test/integration/indicators/*.test.mjs
TAP version 13
# Subtest: AC-14: downgrades give 1 or 2 (table A)
    # Subtest: AC-14: BBB+ -> BBB (1 notch) gives WL 1
    ok 1 - AC-14: BBB+ -> BBB (1 notch) gives WL 1
      ---
      duration_ms: 0.759761
      type: 'test'
      ...
    # Subtest: AC-14: AA -> AA- (1 notch) gives WL 1
    ok 2 - AC-14: AA -> AA- (1 notch) gives WL 1
      ---
      duration_ms: 0.114613
      type: 'test'
      ...
    # Subtest: AC-14: BBB+ -> BBB- (2 notches) gives WL 2
    ok 3 - AC-14: BBB+ -> BBB- (2 notches) gives WL 2
      ---
      duration_ms: 0.084585
      type: 'test'
      ...
    # Subtest: AC-14: BBB+ -> BB+ (3 notches) gives WL 2
    ok 4 - AC-14: BBB+ -> BB+ (3 notches) gives WL 2
      ---
      duration_ms: 0.080662
      type: 'test'
      ...
    # Subtest: AC-14: AAA -> CCC- (18 notches) gives WL 2
    ok 5 - AC-14: AAA -> CCC- (18 notches) gives WL 2
      ---
      duration_ms: 0.073834
      type: 'test'
      ...
    # Subtest: AC-14: bbb+ ->  bbb  (1 notch) gives WL 1
    ok 6 - AC-14: bbb+ ->  bbb  (1 notch) gives WL 1
      ---
      duration_ms: 0.071096
      type: 'test'
      ...
    # Subtest: AC-14: A -> BBB+ (2 notches) gives WL 2
    ok 7 - AC-14: A -> BBB+ (2 notches) gives WL 2
      ---
      duration_ms: 0.196096
      type: 'test'
      ...
    # Subtest: AC-14 edge: threshold boundaries n = -18,-1,0,1,2,3,18 give 0,0,0,1,2,2,2
    ok 8 - AC-14 edge: threshold boundaries n = -18,-1,0,1,2,3,18 give 0,0,0,1,2,2,2
      ---
      duration_ms: 0.270359
      type: 'test'
      ...
    1..8
ok 1 - AC-14: downgrades give 1 or 2 (table A)
  ---
  duration_ms: 2.838824
  type: 'suite'
  ...
# Subtest: AC-15: upgrades and no change give 0
    # Subtest: AC-15: BBB -> BBB+ gives 0
    ok 1 - AC-15: BBB -> BBB+ gives 0
      ---
      duration_ms: 0.28747
      type: 'test'
      ...
    # Subtest: AC-15: BB+ -> BBB+ gives 0
    ok 2 - AC-15: BB+ -> BBB+ gives 0
      ---
      duration_ms: 0.299754
      type: 'test'
      ...
    # Subtest: AC-15: CCC- -> AAA gives 0
    ok 3 - AC-15: CCC- -> AAA gives 0
      ---
      duration_ms: 0.093371
      type: 'test'
      ...
    # Subtest: AC-15: A -> A gives 0
    ok 4 - AC-15: A -> A gives 0
      ---
      duration_ms: 0.0437
      type: 'test'
      ...
    # Subtest: AC-15: Object.is(countryRatingChangeWl("A","A"), 0)
    ok 5 - AC-15: Object.is(countryRatingChangeWl("A","A"), 0)
      ---
      duration_ms: 0.135264
      type: 'test'
      ...
    # Subtest: AC-15: all 361 pairs agree with notchChange through the public API and stay in {0,1,2}
    ok 6 - AC-15: all 361 pairs agree with notchChange through the public API and stay in {0,1,2}
      ---
      duration_ms: 1.244995
      type: 'test'
      ...
    1..6
ok 2 - AC-15: upgrades and no change give 0
  ---
  duration_ms: 2.378512
  type: 'suite'
  ...
# Subtest: AC-5: no change is +0, never -0
    # Subtest: AC-5: every rating against itself gives +0, also with case/whitespace variants
    ok 1 - AC-5: every rating against itself gives +0, also with case/whitespace variants
      ---
      duration_ms: 0.188168
      type: 'test'
      ...
    # Subtest: AC-5: no result over all 361 pairs is -0
    ok 2 - AC-5: no result over all 361 pairs is -0
      ---
      duration_ms: 0.24899
      type: 'test'
      ...
    1..2
ok 3 - AC-5: no change is +0, never -0
  ---
  duration_ms: 0.547577
  type: 'suite'
  ...
# Subtest: AC-7: normalisation is delegated to notchChange
    # Subtest: AC-7: ("bbb+", " bbb ") is 1
    ok 1 - AC-7: ("bbb+", " bbb ") is 1
      ---
      duration_ms: 0.086824
      type: 'test'
      ...
    # Subtest: AC-7 edge: whitespace and case variants behave like the canonical rating
    ok 2 - AC-7 edge: whitespace and case variants behave like the canonical rating
      ---
      duration_ms: 0.061937
      type: 'test'
      ...
    # Subtest: AC-7 edge: zero-width space is not trimmed and throws RangeError
    ok 3 - AC-7 edge: zero-width space is not trimmed and throws RangeError
      ---
      duration_ms: 0.540751
      type: 'test'
      ...
    1..3
ok 4 - AC-7: normalisation is delegated to notchChange
  ---
  duration_ms: 0.781802
  type: 'suite'
  ...
# Subtest: AC-8: invalid input throws RangeError (T-01 table B)
    # Subtest: AC-8: rejects empty string as previous
    ok 1 - AC-8: rejects empty string as previous
      ---
      duration_ms: 0.519892
      type: 'test'
      ...
    # Subtest: AC-8: rejects empty string as current
    ok 2 - AC-8: rejects empty string as current
      ---
      duration_ms: 0.126859
      type: 'test'
      ...
    # Subtest: AC-8: rejects blank string as previous
    ok 3 - AC-8: rejects blank string as previous
      ---
      duration_ms: 0.063393
      type: 'test'
      ...
    # Subtest: AC-8: rejects blank string as current
    ok 4 - AC-8: rejects blank string as current
      ---
      duration_ms: 0.049475
      type: 'test'
      ...
    # Subtest: AC-8: rejects undefined as previous
    ok 5 - AC-8: rejects undefined as previous
      ---
      duration_ms: 0.051331
      type: 'test'
      ...
    # Subtest: AC-8: rejects undefined as current
    ok 6 - AC-8: rejects undefined as current
      ---
      duration_ms: 0.041655
      type: 'test'
      ...
    # Subtest: AC-8: rejects null as previous
    ok 7 - AC-8: rejects null as previous
      ---
      duration_ms: 0.099291
      type: 'test'
      ...
    # Subtest: AC-8: rejects null as current
    ok 8 - AC-8: rejects null as current
      ---
      duration_ms: 0.050745
      type: 'test'
      ...
    # Subtest: AC-8: rejects 7 as previous
    ok 9 - AC-8: rejects 7 as previous
      ---
      duration_ms: 0.054111
      type: 'test'
      ...
    # Subtest: AC-8: rejects 7 as current
    ok 10 - AC-8: rejects 7 as current
      ---
      duration_ms: 0.042183
      type: 'test'
      ...
    # Subtest: AC-8: rejects 0 as previous
    ok 11 - AC-8: rejects 0 as previous
      ---
      duration_ms: 0.105932
      type: 'test'
      ...
    # Subtest: AC-8: rejects 0 as current
    ok 12 - AC-8: rejects 0 as current
      ---
      duration_ms: 0.064654
      type: 'test'
      ...
    # Subtest: AC-8: rejects NaN as previous
    ok 13 - AC-8: rejects NaN as previous
      ---
      duration_ms: 0.159185
      type: 'test'
      ...
    # Subtest: AC-8: rejects NaN as current
    ok 14 - AC-8: rejects NaN as current
      ---
      duration_ms: 0.075397
      type: 'test'
      ...
    # Subtest: AC-8: rejects 7n as previous
    ok 15 - AC-8: rejects 7n as previous
      ---
      duration_ms: 0.080501
      type: 'test'
      ...
    # Subtest: AC-8: rejects 7n as current
    ok 16 - AC-8: rejects 7n as current
      ---
      duration_ms: 0.058062
      type: 'test'
      ...
    # Subtest: AC-8: rejects true as previous
    ok 17 - AC-8: rejects true as previous
      ---
      duration_ms: 0.133154
      type: 'test'
      ...
    # Subtest: AC-8: rejects true as current
    ok 18 - AC-8: rejects true as current
      ---
      duration_ms: 0.058237
      type: 'test'
      ...
    # Subtest: AC-8: rejects {} as previous
    ok 19 - AC-8: rejects {} as previous
      ---
      duration_ms: 0.06373
      type: 'test'
      ...
    # Subtest: AC-8: rejects {} as current
    ok 20 - AC-8: rejects {} as current
      ---
      duration_ms: 0.052377
      type: 'test'
      ...
    # Subtest: AC-8: rejects ["BBB+"] as previous
    ok 21 - AC-8: rejects ["BBB+"] as previous
      ---
      duration_ms: 0.060714
      type: 'test'
      ...
    # Subtest: AC-8: rejects ["BBB+"] as current
    ok 22 - AC-8: rejects ["BBB+"] as current
      ---
      duration_ms: 0.077493
      type: 'test'
      ...
    # Subtest: AC-8: rejects new String("BBB+") as previous
    ok 23 - AC-8: rejects new String("BBB+") as previous
      ---
      duration_ms: 0.065858
      type: 'test'
      ...
    # Subtest: AC-8: rejects new String("BBB+") as current
    ok 24 - AC-8: rejects new String("BBB+") as current
      ---
      duration_ms: 0.051245
      type: 'test'
      ...
    # Subtest: AC-8: rejects Symbol("BBB+") as previous
    ok 25 - AC-8: rejects Symbol("BBB+") as previous
      ---
      duration_ms: 0.108119
      type: 'test'
      ...
    # Subtest: AC-8: rejects Symbol("BBB+") as current
    ok 26 - AC-8: rejects Symbol("BBB+") as current
      ---
      duration_ms: 0.057718
      type: 'test'
      ...
    # Subtest: AC-8: rejects Object.create(null) as previous
    ok 27 - AC-8: rejects Object.create(null) as previous
      ---
      duration_ms: 0.085681
      type: 'test'
      ...
    # Subtest: AC-8: rejects Object.create(null) as current
    ok 28 - AC-8: rejects Object.create(null) as current
      ---
      duration_ms: 0.056598
      type: 'test'
      ...
    # Subtest: AC-8: rejects "D" as previous
    ok 29 - AC-8: rejects "D" as previous
      ---
      duration_ms: 0.062914
      type: 'test'
      ...
    # Subtest: AC-8: rejects "D" as current
    ok 30 - AC-8: rejects "D" as current
      ---
      duration_ms: 0.048129
      type: 'test'
      ...
    # Subtest: AC-8: rejects "SD" as previous
    ok 31 - AC-8: rejects "SD" as previous
      ---
      duration_ms: 0.054407
      type: 'test'
      ...
    # Subtest: AC-8: rejects "SD" as current
    ok 32 - AC-8: rejects "SD" as current
      ---
      duration_ms: 0.053872
      type: 'test'
      ...
    # Subtest: AC-8: rejects "NR" as previous
    ok 33 - AC-8: rejects "NR" as previous
      ---
      duration_ms: 0.058645
      type: 'test'
      ...
    # Subtest: AC-8: rejects "NR" as current
    ok 34 - AC-8: rejects "NR" as current
      ---
      duration_ms: 0.047384
      type: 'test'
      ...
    # Subtest: AC-8: rejects "C" as previous
    ok 35 - AC-8: rejects "C" as previous
      ---
      duration_ms: 0.114908
      type: 'test'
      ...
    # Subtest: AC-8: rejects "C" as current
    ok 36 - AC-8: rejects "C" as current
      ---
      duration_ms: 0.056049
      type: 'test'
      ...
    # Subtest: AC-8: rejects "CC" as previous
    ok 37 - AC-8: rejects "CC" as previous
      ---
      duration_ms: 0.074219
      type: 'test'
      ...
    # Subtest: AC-8: rejects "CC" as current
    ok 38 - AC-8: rejects "CC" as current
      ---
      duration_ms: 0.06255
      type: 'test'
      ...
    # Subtest: AC-8: rejects "AAA+" as previous
    ok 39 - AC-8: rejects "AAA+" as previous
      ---
      duration_ms: 0.064234
      type: 'test'
      ...
    # Subtest: AC-8: rejects "AAA+" as current
    ok 40 - AC-8: rejects "AAA+" as current
      ---
      duration_ms: 0.052805
      type: 'test'
      ...
    # Subtest: AC-8: rejects "CCC--" as previous
    ok 41 - AC-8: rejects "CCC--" as previous
      ---
      duration_ms: 0.06005
      type: 'test'
      ...
    # Subtest: AC-8: rejects "CCC--" as current
    ok 42 - AC-8: rejects "CCC--" as current
      ---
      duration_ms: 0.055893
      type: 'test'
      ...
    # Subtest: AC-8: rejects "Baa1" as previous
    ok 43 - AC-8: rejects "Baa1" as previous
      ---
      duration_ms: 0.061328
      type: 'test'
      ...
    # Subtest: AC-8: rejects "Baa1" as current
    ok 44 - AC-8: rejects "Baa1" as current
      ---
      duration_ms: 0.04933
      type: 'test'
      ...
    # Subtest: AC-8: rejects "BBB +" as previous
    ok 45 - AC-8: rejects "BBB +" as previous
      ---
      duration_ms: 0.114229
      type: 'test'
      ...
    # Subtest: AC-8: rejects "BBB +" as current
    ok 46 - AC-8: rejects "BBB +" as current
      ---
      duration_ms: 0.120321
      type: 'test'
      ...
    # Subtest: AC-8: rejects "B B B" as previous
    ok 47 - AC-8: rejects "B B B" as previous
      ---
      duration_ms: 0.080734
      type: 'test'
      ...
    # Subtest: AC-8: rejects "B B B" as current
    ok 48 - AC-8: rejects "B B B" as current
      ---
      duration_ms: 0.071243
      type: 'test'
      ...
    # Subtest: AC-8: rejects "BBB-+" as previous
    ok 49 - AC-8: rejects "BBB-+" as previous
      ---
      duration_ms: 0.066854
      type: 'test'
      ...
    # Subtest: AC-8: rejects "BBB-+" as current
    ok 50 - AC-8: rejects "BBB-+" as current
      ---
      duration_ms: 0.050233
      type: 'test'
      ...
    # Subtest: AC-8: rejects "BBB\\u2212" (minus sign) as previous
    ok 51 - AC-8: rejects "BBB\\u2212" (minus sign) as previous
      ---
      duration_ms: 0.076716
      type: 'test'
      ...
    # Subtest: AC-8: rejects "BBB\\u2212" (minus sign) as current
    ok 52 - AC-8: rejects "BBB\\u2212" (minus sign) as current
      ---
      duration_ms: 0.054351
      type: 'test'
      ...
    # Subtest: AC-8: rejects "\\u0410\\u0410\\u0410" (Cyrillic) as previous
    ok 53 - AC-8: rejects "\\u0410\\u0410\\u0410" (Cyrillic) as previous
      ---
      duration_ms: 0.05645
      type: 'test'
      ...
    # Subtest: AC-8: rejects "\\u0410\\u0410\\u0410" (Cyrillic) as current
    ok 54 - AC-8: rejects "\\u0410\\u0410\\u0410" (Cyrillic) as current
      ---
      duration_ms: 0.052684
      type: 'test'
      ...
    # Subtest: AC-8: rejects "BBB\\uFF0B" (fullwidth plus) as previous
    ok 55 - AC-8: rejects "BBB\\uFF0B" (fullwidth plus) as previous
      ---
      duration_ms: 0.062464
      type: 'test'
      ...
    # Subtest: AC-8: rejects "BBB\\uFF0B" (fullwidth plus) as current
    ok 56 - AC-8: rejects "BBB\\uFF0B" (fullwidth plus) as current
      ---
      duration_ms: 0.051867
      type: 'test'
      ...
    # Subtest: AC-8: rejects "__proto__" as previous
    ok 57 - AC-8: rejects "__proto__" as previous
      ---
      duration_ms: 0.059393
      type: 'test'
      ...
    # Subtest: AC-8: rejects "__proto__" as current
    ok 58 - AC-8: rejects "__proto__" as current
      ---
      duration_ms: 0.829687
      type: 'test'
      ...
    # Subtest: AC-8: rejects "constructor" as previous
    ok 59 - AC-8: rejects "constructor" as previous
      ---
      duration_ms: 0.104225
      type: 'test'
      ...
    # Subtest: AC-8: rejects "constructor" as current
    ok 60 - AC-8: rejects "constructor" as current
      ---
      duration_ms: 0.050482
      type: 'test'
      ...
    # Subtest: AC-8: rejects "toString" as previous
    ok 61 - AC-8: rejects "toString" as previous
      ---
      duration_ms: 0.062532
      type: 'test'
      ...
    # Subtest: AC-8: rejects "toString" as current
    ok 62 - AC-8: rejects "toString" as current
      ---
      duration_ms: 0.047706
      type: 'test'
      ...
    # Subtest: AC-8: rejects "hasOwnProperty" as previous
    ok 63 - AC-8: rejects "hasOwnProperty" as previous
      ---
      duration_ms: 0.113608
      type: 'test'
      ...
    # Subtest: AC-8: rejects "hasOwnProperty" as current
    ok 64 - AC-8: rejects "hasOwnProperty" as current
      ---
      duration_ms: 0.058552
      type: 'test'
      ...
    # Subtest: AC-8: rejects toString-object as previous
    ok 65 - AC-8: rejects toString-object as previous
      ---
      duration_ms: 0.079048
      type: 'test'
      ...
    # Subtest: AC-8: rejects toString-object as current
    ok 66 - AC-8: rejects toString-object as current
      ---
      duration_ms: 0.04762
      type: 'test'
      ...
    # Subtest: AC-8: rejects throwing toString object as previous
    ok 67 - AC-8: rejects throwing toString object as previous
      ---
      duration_ms: 0.083214
      type: 'test'
      ...
    # Subtest: AC-8: rejects throwing toString object as current
    ok 68 - AC-8: rejects throwing toString object as current
      ---
      duration_ms: 0.046322
      type: 'test'
      ...
    # Subtest: AC-8: rejects zero-width space prefix as previous
    ok 69 - AC-8: rejects zero-width space prefix as previous
      ---
      duration_ms: 0.05226
      type: 'test'
      ...
    # Subtest: AC-8: rejects zero-width space prefix as current
    ok 70 - AC-8: rejects zero-width space prefix as current
      ---
      duration_ms: 0.042788
      type: 'test'
      ...
    # Subtest: AC-8: omitted arguments throw RangeError, never TypeError
    ok 71 - AC-8: omitted arguments throw RangeError, never TypeError
      ---
      duration_ms: 0.161512
      type: 'test'
      ...
    # Subtest: AC-8: Symbol and null-prototype objects give RangeError (message building never throws)
    ok 72 - AC-8: Symbol and null-prototype objects give RangeError (message building never throws)
      ---
      duration_ms: 0.29136
      type: 'test'
      ...
    # Subtest: AC-8: never returns a default WL for an invalid input
    ok 73 - AC-8: never returns a default WL for an invalid input
      ---
      duration_ms: 1.242052
      type: 'test'
      ...
    1..73
ok 5 - AC-8: invalid input throws RangeError (T-01 table B)
  ---
  duration_ms: 9.021406
  type: 'suite'
  ...
# Subtest: AC-9: error messages name the argument and the value
    # Subtest: AC-9: ("D","BBB") names previous and D
    ok 1 - AC-9: ("D","BBB") names previous and D
      ---
      duration_ms: 0.132796
      type: 'test'
      ...
    # Subtest: AC-9: ("BBB","SD") names current and SD
    ok 2 - AC-9: ("BBB","SD") names current and SD
      ---
      duration_ms: 0.071394
      type: 'test'
      ...
    # Subtest: AC-9: ("D","SD") names previous
    ok 3 - AC-9: ("D","SD") names previous
      ---
      duration_ms: 0.060134
      type: 'test'
      ...
    # Subtest: AC-9: ("BBB+") with current omitted names current
    ok 4 - AC-9: ("BBB+") with current omitted names current
      ---
      duration_ms: 0.05029
      type: 'test'
      ...
    1..4
ok 6 - AC-9: error messages name the argument and the value
  ---
  duration_ms: 0.42464
  type: 'suite'
  ...
# Subtest: AC-16: Indicator 12 thresholds differ from the calculator's
    # Subtest: AC-16: AA -> AA-: countryRatingChangeWl 1 vs notchCalculator wl 0
    ok 1 - AC-16: AA -> AA-: countryRatingChangeWl 1 vs notchCalculator wl 0
      ---
      duration_ms: 0.120343
      type: 'test'
      ...
    # Subtest: AC-16: BBB+ -> BBB-: countryRatingChangeWl 2 vs notchCalculator wl 1
    ok 2 - AC-16: BBB+ -> BBB-: countryRatingChangeWl 2 vs notchCalculator wl 1
      ---
      duration_ms: 0.073143
      type: 'test'
      ...
    # Subtest: AC-16: BBB+ -> BB+: countryRatingChangeWl 2 vs notchCalculator wl 2
    ok 3 - AC-16: BBB+ -> BB+: countryRatingChangeWl 2 vs notchCalculator wl 2
      ---
      duration_ms: 0.033
      type: 'test'
      ...
    # Subtest: AC-16: BBB -> BBB+: countryRatingChangeWl 0 vs notchCalculator wl 0
    ok 4 - AC-16: BBB -> BBB+: countryRatingChangeWl 0 vs notchCalculator wl 0
      ---
      duration_ms: 0.030178
      type: 'test'
      ...
    # Subtest: AC-16: the two WL functions differ exactly at 1 and 2 notch downgrades over all pairs
    ok 5 - AC-16: the two WL functions differ exactly at 1 and 2 notch downgrades over all pairs
      ---
      duration_ms: 0.576597
      type: 'test'
      ...
    1..5
ok 7 - AC-16: Indicator 12 thresholds differ from the calculator's
  ---
  duration_ms: 0.927671
  type: 'suite'
  ...
# Subtest: AC-17: no override and no state
    # Subtest: AC-17: repeated and interleaved calls are independent; third argument is ignored
    ok 1 - AC-17: repeated and interleaved calls are independent; third argument is ignored
      ---
      duration_ms: 0.099712
      type: 'test'
      ...
    # Subtest: AC-17: a failed call does not poison later calls
    ok 2 - AC-17: a failed call does not poison later calls
      ---
      duration_ms: 0.121032
      type: 'test'
      ...
    # Subtest: AC-17: results do not depend on call order
    ok 3 - AC-17: results do not depend on call order
      ---
      duration_ms: 1.627765
      type: 'test'
      ...
    1..3
ok 8 - AC-17: no override and no state
  ---
  duration_ms: 1.99142
  type: 'suite'
  ...
# Subtest: AC-18: validation is delegated to notchChange, not wrapped
    # Subtest: AC-18: every invalid input in each position gives the same RangeError message as notchChange
    ok 1 - AC-18: every invalid input in each position gives the same RangeError message as notchChange
      ---
      duration_ms: 2.03722
      type: 'test'
      ...
    1..1
ok 9 - AC-18: validation is delegated to notchChange, not wrapped
  ---
  duration_ms: 2.135524
  type: 'suite'
  ...
# Subtest: AC-19 [QA]: both modules are silent when run as a consumer
    # Subtest: AC-19: child process importing both modules and calling every function has exit 0, empty stdout and stderr
    ok 1 - AC-19: child process importing both modules and calling every function has exit 0, empty stdout and stderr
      ---
      duration_ms: 31.213113
      type: 'test'
      ...
    1..1
ok 10 - AC-19 [QA]: both modules are silent when run as a consumer
  ---
  duration_ms: 31.31622
  type: 'suite'
  ...
# Subtest: AC-20 [QA]: namespace exports
    # Subtest: AC-20: countryRating namespace has exactly ["countryRatingChangeWl"] and no default
    ok 1 - AC-20: countryRating namespace has exactly ["countryRatingChangeWl"] and no default
      ---
      duration_ms: 0.182549
      type: 'test'
      ...
    # Subtest: AC-20: the same holds for a dynamic import by file URL
    ok 2 - AC-20: the same holds for a dynamic import by file URL
      ---
      duration_ms: 0.585622
      type: 'test'
      ...
    # Subtest: AC-20: the notch namespace is unchanged by T-02 (three named exports, no default)
    ok 3 - AC-20: the notch namespace is unchanged by T-02 (three named exports, no default)
      ---
      duration_ms: 0.17735
      type: 'test'
      ...
    1..3
ok 11 - AC-20 [QA]: namespace exports
  ---
  duration_ms: 1.153667
  type: 'suite'
  ...
# Subtest: AC-21 [QA]: repo-root node --test and test folder layout
    # Subtest: AC-21: the four test folders each hold at least one *.test.mjs
    ok 1 - AC-21: the four test folders each hold at least one *.test.mjs
      ---
      duration_ms: 0.739442
      type: 'test'
      ...
    # Subtest: AC-21: every file in the four test folders is a *.test.mjs
    ok 2 - AC-21: every file in the four test folders is a *.test.mjs
      ---
      duration_ms: 0.316174
      type: 'test'
      ...
    # Subtest: AC-21: no non-test .mjs file exists under test/
    ok 3 - AC-21: no non-test .mjs file exists under test/
      ---
      duration_ms: 0.861232
      type: 'test'
      ...
    # Subtest: AC-21: package.json has no dependencies or devDependencies
    ok 4 - AC-21: package.json has no dependencies or devDependencies
      ---
      duration_ms: 0.462492
      type: 'test'
      ...
    # Subtest: AC-21: `node --test` from the repo root exits 0
    ok 5 - AC-21: `node --test` from the repo root exits 0
      ---
      duration_ms: 54.943522
      type: 'test'
      ...
    1..5
ok 12 - AC-21 [QA]: repo-root node --test and test folder layout
  ---
  duration_ms: 58.519082
  type: 'suite'
  ...
1..12
# tests 114
# suites 12
# pass 114
# fail 0
# cancelled 0
# skipped 0
# todo 0
# duration_ms 228.834283
