# qa_verify: node --test test/integration/indicators/daysWithDelay.integration.test.mjs
TAP version 13
# Subtest: AC-1: DAYS_WITH_DELAY_OPTIONS is the exact ordered list with ASCII <= and is frozen
ok 1 - AC-1: DAYS_WITH_DELAY_OPTIONS is the exact ordered list with ASCII <= and is frozen
  ---
  duration_ms: 1.693564
  type: 'test'
  ...
# Subtest: AC-1: the frozen list cannot be mutated (push / index assignment throw TypeError) and stays unchanged
ok 2 - AC-1: the frozen list cannot be mutated (push / index assignment throw TypeError) and stays unchanged
  ---
  duration_ms: 2.130922
  type: 'test'
  ...
# Subtest: AC-2: each option maps to its WL (no delay 0, <=3 days 0, >3 days 2, >60 days 3, >90 days 4)
ok 3 - AC-2: each option maps to its WL (no delay 0, <=3 days 0, >3 days 2, >60 days 3, >90 days 4)
  ---
  duration_ms: 0.183448
  type: 'test'
  ...
# Subtest: AC-2: the module can be imported dynamically (as node -e import() does) and ">60 days" gives 3
ok 4 - AC-2: the module can be imported dynamically (as node -e import() does) and ">60 days" gives 3
  ---
  duration_ms: 0.36624
  type: 'test'
  ...
# Subtest: AC-3: leading and trailing whitespace is ignored (trim semantics)
ok 5 - AC-3: leading and trailing whitespace is ignored (trim semantics)
  ---
  duration_ms: 0.176189
  type: 'test'
  ...
# Subtest: AC-4: strings that are not an option after trimming throw RangeError
ok 6 - AC-4: strings that are not an option after trimming throw RangeError
  ---
  duration_ms: 0.36319
  type: 'test'
  ...
# Subtest: AC-4 edge: inner NBSP and zero-width space (not trimmed) throw RangeError
ok 7 - AC-4 edge: inner NBSP and zero-width space (not trimmed) throw RangeError
  ---
  duration_ms: 0.227866
  type: 'test'
  ...
# Subtest: AC-5: non-string arguments throw RangeError (never TypeError, no coercion)
ok 8 - AC-5: non-string arguments throw RangeError (never TypeError, no coercion)
  ---
  duration_ms: 0.284593
  type: 'test'
  ...
# Subtest: AC-6: consumer iterates DAYS_WITH_DELAY_OPTIONS and gets [0, 0, 2, 3, 4]; invalid inputs throw RangeError
ok 9 - AC-6: consumer iterates DAYS_WITH_DELAY_OPTIONS and gets [0, 0, 2, 3, 4]; invalid inputs throw RangeError
  ---
  duration_ms: 0.517413
  type: 'test'
  ...
1..9
# tests 9
# suites 0
# pass 9
# fail 0
# cancelled 0
# skipped 0
# todo 0
# duration_ms 122.203405
