# gate: T-01  attempt: 1  2026-10-03T10:54:03Z
ok    on job/JOB-20261003-1042-repayment-delay-indicators-2-3--T-01
ok    working tree clean
ok    1 commit(s)
ok    all changes within scope ["src/indicators/daysWithDelay.mjs","test/indicators/daysWithDelay.test.mjs"] (+ QA tests ["test/integration/indicators/daysWithDelay.integration.test.mjs"])
ok    QA tests untouched by the dev
ok    no AI attribution in commits
----- verify: node --test test/indicators/daysWithDelay.test.mjs
TAP version 13
# Subtest: options list is exact, ordered, ASCII <=
ok 1 - options list is exact, ordered, ASCII <=
  ---
  duration_ms: 13.731868
  type: 'test'
  ...
# Subtest: options list is frozen and immutable
ok 2 - options list is frozen and immutable
  ---
  duration_ms: 0.810604
  type: 'test'
  ...
# Subtest: mapping of every option
ok 3 - mapping of every option
  ---
  duration_ms: 1.159376
  type: 'test'
  ...
# Subtest: trims both ends
ok 4 - trims both ends
  ---
  duration_ms: 0.245326
  type: 'test'
  ...
# Subtest: unknown strings throw RangeError
ok 5 - unknown strings throw RangeError
  ---
  duration_ms: 0.402761
  type: 'test'
  ...
# Subtest: non-strings throw RangeError (never TypeError)
ok 6 - non-strings throw RangeError (never TypeError)
  ---
  duration_ms: 0.329194
  type: 'test'
  ...
1..6
# tests 6
# suites 0
# pass 6
# fail 0
# cancelled 0
# skipped 0
# todo 0
# duration_ms 122.497009
ok    verify passed
