TAP version 13
# Subtest: options list is exact, ordered, ASCII <=
ok 1 - options list is exact, ordered, ASCII <=
  ---
  duration_ms: 1.569974
  type: 'test'
  ...
# Subtest: options list is frozen and immutable
ok 2 - options list is frozen and immutable
  ---
  duration_ms: 0.651544
  type: 'test'
  ...
# Subtest: mapping of every option
ok 3 - mapping of every option
  ---
  duration_ms: 9.168732
  type: 'test'
  ...
# Subtest: trims both ends
ok 4 - trims both ends
  ---
  duration_ms: 0.339662
  type: 'test'
  ...
# Subtest: unknown strings throw RangeError
ok 5 - unknown strings throw RangeError
  ---
  duration_ms: 0.426186
  type: 'test'
  ...
# Subtest: non-strings throw RangeError (never TypeError)
ok 6 - non-strings throw RangeError (never TypeError)
  ---
  duration_ms: 0.346702
  type: 'test'
  ...
# Subtest: options list is exact, ordered, string-only and frozen
ok 7 - options list is exact, ordered, string-only and frozen
  ---
  duration_ms: 1.898246
  type: 'test'
  ...
# Subtest: options list is immutable
ok 8 - options list is immutable
  ---
  duration_ms: 0.663895
  type: 'test'
  ...
# Subtest: maps every option to its WL
ok 9 - maps every option to its WL
  ---
  duration_ms: 0.130369
  type: 'test'
  ...
# Subtest: returns primitive numbers, idempotent
ok 10 - returns primitive numbers, idempotent
  ---
  duration_ms: 0.18974
  type: 'test'
  ...
# Subtest: trims both ends
ok 11 - trims both ends
  ---
  duration_ms: 0.191425
  type: 'test'
  ...
# Subtest: does not normalise internal whitespace
ok 12 - does not normalise internal whitespace
  ---
  duration_ms: 0.127775
  type: 'test'
  ...
# Subtest: unknown string "2" -> RangeError
ok 13 - unknown string "2" -> RangeError
  ---
  duration_ms: 0.196809
  type: 'test'
  ...
# Subtest: unknown string "01" -> RangeError
ok 14 - unknown string "01" -> RangeError
  ---
  duration_ms: 0.092811
  type: 'test'
  ...
# Subtest: unknown string "1.0" -> RangeError
ok 15 - unknown string "1.0" -> RangeError
  ---
  duration_ms: 0.412581
  type: 'test'
  ...
# Subtest: unknown string "-1" -> RangeError
ok 16 - unknown string "-1" -> RangeError
  ---
  duration_ms: 0.385258
  type: 'test'
  ...
# Subtest: unknown string "> 1" -> RangeError
ok 17 - unknown string "> 1" -> RangeError
  ---
  duration_ms: 0.167044
  type: 'test'
  ...
# Subtest: unknown string ">0" -> RangeError
ok 18 - unknown string ">0" -> RangeError
  ---
  duration_ms: 0.082571
  type: 'test'
  ...
# Subtest: unknown string ">2" -> RangeError
ok 19 - unknown string ">2" -> RangeError
  ---
  duration_ms: 1.445262
  type: 'test'
  ...
# Subtest: unknown string "≥1" -> RangeError
ok 20 - unknown string "≥1" -> RangeError
  ---
  duration_ms: 0.083674
  type: 'test'
  ...
# Subtest: unknown string "one" -> RangeError
ok 21 - unknown string "one" -> RangeError
  ---
  duration_ms: 0.056634
  type: 'test'
  ...
# Subtest: unknown string "" -> RangeError
ok 22 - unknown string "" -> RangeError
  ---
  duration_ms: 0.132698
  type: 'test'
  ...
# Subtest: unknown string "   " -> RangeError
ok 23 - unknown string "   " -> RangeError
  ---
  duration_ms: 0.153657
  type: 'test'
  ...
# Subtest: unknown string "constructor" -> RangeError
ok 24 - unknown string "constructor" -> RangeError
  ---
  duration_ms: 0.063756
  type: 'test'
  ...
# Subtest: unknown string "__proto__" -> RangeError
ok 25 - unknown string "__proto__" -> RangeError
  ---
  duration_ms: 0.053279
  type: 'test'
  ...
# Subtest: unknown string "toString" -> RangeError
ok 26 - unknown string "toString" -> RangeError
  ---
  duration_ms: 0.051071
  type: 'test'
  ...
# Subtest: unknown string "hasOwnProperty" -> RangeError
ok 27 - unknown string "hasOwnProperty" -> RangeError
  ---
  duration_ms: 0.050314
  type: 'test'
  ...
# Subtest: case-sensitive / near misses rejected
ok 28 - case-sensitive / near misses rejected
  ---
  duration_ms: 0.136819
  type: 'test'
  ...
# Subtest: non-string 0 -> RangeError
ok 29 - non-string 0 -> RangeError
  ---
  duration_ms: 0.095059
  type: 'test'
  ...
# Subtest: non-string 1 -> RangeError
ok 30 - non-string 1 -> RangeError
  ---
  duration_ms: 0.06859
  type: 'test'
  ...
# Subtest: non-string 2 -> RangeError
ok 31 - non-string 2 -> RangeError
  ---
  duration_ms: 0.062946
  type: 'test'
  ...
# Subtest: non-string none -> RangeError
ok 32 - non-string none -> RangeError
  ---
  duration_ms: 0.070744
  type: 'test'
  ...
# Subtest: non-string undefined -> RangeError
ok 33 - non-string undefined -> RangeError
  ---
  duration_ms: 0.072231
  type: 'test'
  ...
# Subtest: non-string null -> RangeError
ok 34 - non-string null -> RangeError
  ---
  duration_ms: 0.067336
  type: 'test'
  ...
# Subtest: non-string true -> RangeError
ok 35 - non-string true -> RangeError
  ---
  duration_ms: 0.065912
  type: 'test'
  ...
# Subtest: non-string array -> RangeError
ok 36 - non-string array -> RangeError
  ---
  duration_ms: 0.071787
  type: 'test'
  ...
# Subtest: non-string customToString -> RangeError
ok 37 - non-string customToString -> RangeError
  ---
  duration_ms: 0.082034
  type: 'test'
  ...
# Subtest: non-string stringObject -> RangeError
ok 38 - non-string stringObject -> RangeError
  ---
  duration_ms: 0.071232
  type: 'test'
  ...
# Subtest: non-string symbol -> RangeError
ok 39 - non-string symbol -> RangeError
  ---
  duration_ms: 0.111975
  type: 'test'
  ...
# Subtest: non-string bigint -> RangeError
ok 40 - non-string bigint -> RangeError
  ---
  duration_ms: 0.094765
  type: 'test'
  ...
# Subtest: non-string nullProto -> RangeError
ok 41 - non-string nullProto -> RangeError
  ---
  duration_ms: 0.124325
  type: 'test'
  ...
# Subtest: non-string fn -> RangeError
ok 42 - non-string fn -> RangeError
  ---
  duration_ms: 0.092086
  type: 'test'
  ...
# Subtest: non-string nan -> RangeError
ok 43 - non-string nan -> RangeError
  ---
  duration_ms: 0.07006
  type: 'test'
  ...
# Subtest: AC-1: DAYS_WITH_DELAY_OPTIONS is the exact ordered list with ASCII <= and is frozen
ok 44 - AC-1: DAYS_WITH_DELAY_OPTIONS is the exact ordered list with ASCII <= and is frozen
  ---
  duration_ms: 1.737061
  type: 'test'
  ...
# Subtest: AC-1: the frozen list cannot be mutated (push / index assignment throw TypeError) and stays unchanged
ok 45 - AC-1: the frozen list cannot be mutated (push / index assignment throw TypeError) and stays unchanged
  ---
  duration_ms: 3.729452
  type: 'test'
  ...
# Subtest: AC-2: each option maps to its WL (no delay 0, <=3 days 0, >3 days 2, >60 days 3, >90 days 4)
ok 46 - AC-2: each option maps to its WL (no delay 0, <=3 days 0, >3 days 2, >60 days 3, >90 days 4)
  ---
  duration_ms: 0.182528
  type: 'test'
  ...
# Subtest: AC-2: the module can be imported dynamically (as node -e import() does) and ">60 days" gives 3
ok 47 - AC-2: the module can be imported dynamically (as node -e import() does) and ">60 days" gives 3
  ---
  duration_ms: 0.2941
  type: 'test'
  ...
# Subtest: AC-3: leading and trailing whitespace is ignored (trim semantics)
ok 48 - AC-3: leading and trailing whitespace is ignored (trim semantics)
  ---
  duration_ms: 0.195958
  type: 'test'
  ...
# Subtest: AC-4: strings that are not an option after trimming throw RangeError
ok 49 - AC-4: strings that are not an option after trimming throw RangeError
  ---
  duration_ms: 0.366297
  type: 'test'
  ...
# Subtest: AC-4 edge: inner NBSP and zero-width space (not trimmed) throw RangeError
ok 50 - AC-4 edge: inner NBSP and zero-width space (not trimmed) throw RangeError
  ---
  duration_ms: 0.175818
  type: 'test'
  ...
# Subtest: AC-5: non-string arguments throw RangeError (never TypeError, no coercion)
ok 51 - AC-5: non-string arguments throw RangeError (never TypeError, no coercion)
  ---
  duration_ms: 0.320585
  type: 'test'
  ...
# Subtest: AC-6: consumer iterates DAYS_WITH_DELAY_OPTIONS and gets [0, 0, 2, 3, 4]; invalid inputs throw RangeError
ok 52 - AC-6: consumer iterates DAYS_WITH_DELAY_OPTIONS and gets [0, 0, 2, 3, 4]; invalid inputs throw RangeError
  ---
  duration_ms: 0.461712
  type: 'test'
  ...
# Subtest: AC-7: DELAY_COUNT_OPTIONS is exactly ["0", "1", ">1"], strings, in order, frozen
ok 53 - AC-7: DELAY_COUNT_OPTIONS is exactly ["0", "1", ">1"], strings, in order, frozen
  ---
  duration_ms: 9.452341
  type: 'test'
  ...
# Subtest: AC-7: the frozen list cannot grow or change; "2" stays unknown
ok 54 - AC-7: the frozen list cannot grow or change; "2" stays unknown
  ---
  duration_ms: 0.704774
  type: 'test'
  ...
# Subtest: AC-8: "0" -> 0, "1" -> 1, ">1" -> 2 as primitive numbers, deterministic
ok 55 - AC-8: "0" -> 0, "1" -> 1, ">1" -> 2 as primitive numbers, deterministic
  ---
  duration_ms: 0.248259
  type: 'test'
  ...
# Subtest: AC-9: leading and trailing whitespace is ignored (trim semantics)
ok 56 - AC-9: leading and trailing whitespace is ignored (trim semantics)
  ---
  duration_ms: 0.171884
  type: 'test'
  ...
# Subtest: AC-9 edge: NBSP and CR/LF are trimmed too
ok 57 - AC-9 edge: NBSP and CR/LF are trimmed too
  ---
  duration_ms: 0.185582
  type: 'test'
  ...
# Subtest: AC-10: unknown strings throw RangeError (no numeric parsing, no inner-whitespace normalising)
ok 58 - AC-10: unknown strings throw RangeError (no numeric parsing, no inner-whitespace normalising)
  ---
  duration_ms: 0.359004
  type: 'test'
  ...
# Subtest: AC-10 edge: characters outside String.prototype.trim (zero-width space) throw RangeError
ok 59 - AC-10 edge: characters outside String.prototype.trim (zero-width space) throw RangeError
  ---
  duration_ms: 0.215386
  type: 'test'
  ...
# Subtest: AC-10 edge: other inherited/prototype names and case variants throw RangeError
ok 60 - AC-10 edge: other inherited/prototype names and case variants throw RangeError
  ---
  duration_ms: 0.185503
  type: 'test'
  ...
# Subtest: AC-11: non-strings throw RangeError, numbers included, never TypeError
ok 61 - AC-11: non-strings throw RangeError, numbers included, never TypeError
  ---
  duration_ms: 0.558992
  type: 'test'
  ...
# Subtest: AC-11 edge: number vs string distinction
ok 62 - AC-11 edge: number vs string distinction
  ---
  duration_ms: 0.713536
  type: 'test'
  ...
# Subtest: AC-11 edge: a function and NaN are rejected with RangeError
ok 63 - AC-11 edge: a function and NaN are rejected with RangeError
  ---
  duration_ms: 0.243408
  type: 'test'
  ...
# Subtest: AC-12: consumer iterates DELAY_COUNT_OPTIONS -> [0, 1, 2]; 1 and "2" throw RangeError
ok 64 - AC-12: consumer iterates DELAY_COUNT_OPTIONS -> [0, 1, 2]; 1 and "2" throw RangeError
  ---
  duration_ms: 0.201341
  type: 'test'
  ...
1..64
# tests 64
# suites 0
# pass 64
# fail 0
# cancelled 0
# skipped 0
# todo 0
# duration_ms 298.629301
