# gate: T-01  attempt: 1  2026-10-05T09:48:55Z
ok    on job/JOB-20261005-0940-rating-notch-change--T-01
ok    working tree clean
ok    1 commit(s)
ok    all changes within scope ["src/ratings/notch.mjs","test/ratings/notch.test.mjs"] (+ QA tests ["test/ratings/integration/**"])
ok    QA tests untouched by the dev
ok    no AI attribution in commits
----- verify: node --test test/ratings/notch.test.mjs
TAP version 13
# Subtest: RATING_SCALE is frozen, 19 entries in order
ok 1 - RATING_SCALE is frozen, 19 entries in order
  ---
  duration_ms: 2.047071
  type: 'test'
  ...
# Subtest: examples
ok 2 - examples
  ---
  duration_ms: 0.469977
  type: 'test'
  ...
# Subtest: equal ratings give +0
ok 3 - equal ratings give +0
  ---
  duration_ms: 0.346414
  type: 'test'
  ...
# Subtest: adjacent pairs
ok 4 - adjacent pairs
  ---
  duration_ms: 0.359288
  type: 'test'
  ...
# Subtest: whitespace and case
ok 5 - whitespace and case
  ---
  duration_ms: 0.690438
  type: 'test'
  ...
# Subtest: empty and unknown strings throw RangeError
ok 6 - empty and unknown strings throw RangeError
  ---
  duration_ms: 0.490689
  type: 'test'
  ...
# Subtest: non-strings throw RangeError, never TypeError
ok 7 - non-strings throw RangeError, never TypeError
  ---
  duration_ms: 0.517263
  type: 'test'
  ...
1..7
# tests 7
# suites 0
# pass 7
# fail 0
# cancelled 0
# skipped 0
# todo 0
# duration_ms 187.053271
ok    verify passed
