# qa_verify: node --test test/ratings/integration/*.test.mjs
TAP version 13
# Subtest: AC-1: RATING_SCALE has the 19 entries in order and is frozen
ok 1 - AC-1: RATING_SCALE has the 19 entries in order and is frozen
  ---
  duration_ms: 13.752804
  type: 'test'
  ...
# Subtest: AC-2: BBB+ -> BB+ is 3, AAA -> CCC- is 18
ok 2 - AC-2: BBB+ -> BB+ is 3, AAA -> CCC- is 18
  ---
  duration_ms: 0.659907
  type: 'test'
  ...
# Subtest: AC-3: BB+ -> BBB+ is -3, CCC- -> AAA is -18
ok 3 - AC-3: BB+ -> BBB+ is -3, CCC- -> AAA is -18
  ---
  duration_ms: 0.335819
  type: 'test'
  ...
# Subtest: AC-4: equal ratings give +0, never -0, for every scale entry
ok 4 - AC-4: equal ratings give +0, never -0, for every scale entry
  ---
  duration_ms: 0.56159
  type: 'test'
  ...
# Subtest: AC-5: adjacent pairs give 1 and reversed -1
ok 5 - AC-5: adjacent pairs give 1 and reversed -1
  ---
  duration_ms: 0.48104
  type: 'test'
  ...
# Subtest: AC-6: surrounding whitespace is trimmed, internal whitespace is unknown
ok 6 - AC-6: surrounding whitespace is trimmed, internal whitespace is unknown
  ---
  duration_ms: 1.022151
  type: 'test'
  ...
# Subtest: AC-7: case-insensitive
ok 7 - AC-7: case-insensitive
  ---
  duration_ms: 0.241616
  type: 'test'
  ...
# Subtest: AC-8: empty and whitespace-only strings throw RangeError
ok 8 - AC-8: empty and whitespace-only strings throw RangeError
  ---
  duration_ms: 0.36062
  type: 'test'
  ...
# Subtest: AC-9: unknown ratings throw RangeError
ok 9 - AC-9: unknown ratings throw RangeError
  ---
  duration_ms: 0.958195
  type: 'test'
  ...
# Subtest: AC-10: non-strings throw RangeError, never TypeError
ok 10 - AC-10: non-strings throw RangeError, never TypeError
  ---
  duration_ms: 1.354924
  type: 'test'
  ...
# Subtest: AC-11: invalid argument throws in either position, and when both invalid
ok 11 - AC-11: invalid argument throws in either position, and when both invalid
  ---
  duration_ms: 0.607227
  type: 'test'
  ...
# Subtest: AC-12: importing and calling writes nothing to stdout/stderr; package.json has no dependencies
ok 12 - AC-12: importing and calling writes nothing to stdout/stderr; package.json has no dependencies
  ---
  duration_ms: 101.436474
  type: 'test'
  ...
# Subtest: AC-13: error checks in AC-8..AC-11 assert type only, not message text
ok 13 - AC-13: error checks in AC-8..AC-11 assert type only, not message text
  ---
  duration_ms: 0.89841
  type: 'test'
  ...
1..13
# tests 13
# suites 0
# pass 13
# fail 0
# cancelled 0
# skipped 0
# todo 0
# duration_ms 390.565404
