TAP version 13
# Subtest: AC-1: RATING_SCALE has the 19 entries in order and is frozen
ok 1 - AC-1: RATING_SCALE has the 19 entries in order and is frozen
  ---
  duration_ms: 2.475694
  type: 'test'
  ...
# Subtest: AC-2: BBB+ -> BB+ is 3, AAA -> CCC- is 18
ok 2 - AC-2: BBB+ -> BB+ is 3, AAA -> CCC- is 18
  ---
  duration_ms: 0.382862
  type: 'test'
  ...
# Subtest: AC-3: BB+ -> BBB+ is -3, CCC- -> AAA is -18
ok 3 - AC-3: BB+ -> BBB+ is -3, CCC- -> AAA is -18
  ---
  duration_ms: 0.175376
  type: 'test'
  ...
# Subtest: AC-4: equal ratings give +0, never -0, for every scale entry
ok 4 - AC-4: equal ratings give +0, never -0, for every scale entry
  ---
  duration_ms: 0.337302
  type: 'test'
  ...
# Subtest: AC-5: adjacent pairs give 1 and reversed -1
ok 5 - AC-5: adjacent pairs give 1 and reversed -1
  ---
  duration_ms: 0.212959
  type: 'test'
  ...
# Subtest: AC-6: surrounding whitespace is trimmed, internal whitespace is unknown
ok 6 - AC-6: surrounding whitespace is trimmed, internal whitespace is unknown
  ---
  duration_ms: 0.68238
  type: 'test'
  ...
# Subtest: AC-7: case-insensitive
ok 7 - AC-7: case-insensitive
  ---
  duration_ms: 0.335188
  type: 'test'
  ...
# Subtest: AC-8: empty and whitespace-only strings throw RangeError
ok 8 - AC-8: empty and whitespace-only strings throw RangeError
  ---
  duration_ms: 0.310821
  type: 'test'
  ...
# Subtest: AC-9: unknown ratings throw RangeError
ok 9 - AC-9: unknown ratings throw RangeError
  ---
  duration_ms: 0.794691
  type: 'test'
  ...
# Subtest: AC-10: non-strings throw RangeError, never TypeError
ok 10 - AC-10: non-strings throw RangeError, never TypeError
  ---
  duration_ms: 1.142207
  type: 'test'
  ...
# Subtest: AC-11: invalid argument throws in either position, and when both invalid
ok 11 - AC-11: invalid argument throws in either position, and when both invalid
  ---
  duration_ms: 0.490821
  type: 'test'
  ...
# Subtest: AC-12: importing and calling writes nothing to stdout/stderr; package.json has no dependencies
ok 12 - AC-12: importing and calling writes nothing to stdout/stderr; package.json has no dependencies
  ---
  duration_ms: 86.023332
  type: 'test'
  ...
# Subtest: AC-13: error checks in AC-8..AC-11 assert type only, not message text
ok 13 - AC-13: error checks in AC-8..AC-11 assert type only, not message text
  ---
  duration_ms: 0.782107
  type: 'test'
  ...
# Subtest: RATING_SCALE is frozen, 19 entries in order
ok 14 - RATING_SCALE is frozen, 19 entries in order
  ---
  duration_ms: 1.833765
  type: 'test'
  ...
# Subtest: examples
ok 15 - examples
  ---
  duration_ms: 0.520013
  type: 'test'
  ...
# Subtest: equal ratings give +0
ok 16 - equal ratings give +0
  ---
  duration_ms: 0.262484
  type: 'test'
  ...
# Subtest: adjacent pairs
ok 17 - adjacent pairs
  ---
  duration_ms: 0.282092
  type: 'test'
  ...
# Subtest: whitespace and case
ok 18 - whitespace and case
  ---
  duration_ms: 0.824293
  type: 'test'
  ...
# Subtest: empty and unknown strings throw RangeError
ok 19 - empty and unknown strings throw RangeError
  ---
  duration_ms: 0.415346
  type: 'test'
  ...
# Subtest: non-strings throw RangeError, never TypeError
ok 20 - non-strings throw RangeError, never TypeError
  ---
  duration_ms: 0.443009
  type: 'test'
  ...
1..20
# tests 20
# suites 0
# pass 20
# fail 0
# cancelled 0
# skipped 0
# todo 0
# duration_ms 317.627828
