# gate: T-02  attempt: 1  2026-10-06T12:07:36Z
ok    on job/JOB-20261006-1155-repayment-delay-indicators-2-3--T-02
ok    working tree clean
ok    1 commit(s)
ok    all changes within scope ["src/indicators/delayCount.mjs","test/indicators/delayCount.test.mjs"] (+ QA tests ["test/integration/indicators/delayCount*.test.mjs"])
ok    QA tests untouched by the dev
ok    no AI attribution in commits
----- verify: node --test test/indicators/delayCount.test.mjs
TAP version 13
# Subtest: options list is frozen and ordered
ok 1 - options list is frozen and ordered
  ---
  duration_ms: 5.983428
  type: 'test'
  ...
# Subtest: maps each exact option to its WL
ok 2 - maps each exact option to its WL
  ---
  duration_ms: 1.560837
  type: 'test'
  ...
# Subtest: ignores surrounding whitespace
ok 3 - ignores surrounding whitespace
  ---
  duration_ms: 0.339185
  type: 'test'
  ...
# Subtest: rejects non-exact strings with RangeError naming the value
ok 4 - rejects non-exact strings with RangeError naming the value
  ---
  duration_ms: 0.997408
  type: 'test'
  ...
# Subtest: rejects non-strings without coercion
ok 5 - rejects non-strings without coercion
  ---
  duration_ms: 0.346396
  type: 'test'
  ...
# Subtest: error message names indicator and allowed options
ok 6 - error message names indicator and allowed options
  ---
  duration_ms: 0.218984
  type: 'test'
  ...
# Subtest: is stateless; throwing leaves options unchanged
ok 7 - is stateless; throwing leaves options unchanged
  ---
  duration_ms: 0.345659
  type: 'test'
  ...
# Subtest: module has no imports
ok 8 - module has no imports
  ---
  duration_ms: 0.694781
  type: 'test'
  ...
1..8
# tests 8
# suites 0
# pass 8
# fail 0
# cancelled 0
# skipped 0
# todo 0
# duration_ms 145.416843
ok    verify passed
