# qa_verify: node --test test/integration/indicators/delayCount*.test.mjs
TAP version 13
# Subtest: AC-6: DELAY_COUNT_OPTIONS deep-equals the three options in order and is frozen
ok 1 - AC-6: DELAY_COUNT_OPTIONS deep-equals the three options in order and is frozen
  ---
  duration_ms: 7.908008
  type: 'test'
  ...
# Subtest: AC-6: the frozen option list cannot be mutated
ok 2 - AC-6: the frozen option list cannot be mutated
  ---
  duration_ms: 0.658451
  type: 'test'
  ...
# Subtest: AC-7: each exact option maps to its WL
ok 3 - AC-7: each exact option maps to its WL
  ---
  duration_ms: 0.451913
  type: 'test'
  ...
# Subtest: AC-7: every entry of DELAY_COUNT_OPTIONS is accepted
ok 4 - AC-7: every entry of DELAY_COUNT_OPTIONS is accepted
  ---
  duration_ms: 0.251719
  type: 'test'
  ...
# Subtest: AC-8: padded options give the same WL as the bare option
ok 5 - AC-8: padded options give the same WL as the bare option
  ---
  duration_ms: 0.315369
  type: 'test'
  ...
# Subtest: AC-9: strings that are not an exact option after trim throw RangeError containing JSON.stringify(input)
ok 6 - AC-9: strings that are not an exact option after trim throw RangeError containing JSON.stringify(input)
  ---
  duration_ms: 0.703355
  type: 'test'
  ...
# Subtest: AC-10: non-string inputs (incl. numbers 0, 1, 2) throw RangeError containing typeof input, never coerced
ok 7 - AC-10: non-string inputs (incl. numbers 0, 1, 2) throw RangeError containing typeof input, never coerced
  ---
  duration_ms: 0.486414
  type: 'test'
  ...
# Subtest: AC-10: calling with no argument throws RangeError mentioning undefined
ok 8 - AC-10: calling with no argument throws RangeError mentioning undefined
  ---
  duration_ms: 0.197275
  type: 'test'
  ...
# Subtest: Error message: names the indicator and lists the allowed options
ok 9 - Error message: names the indicator and lists the allowed options
  ---
  duration_ms: 0.610395
  type: 'test'
  ...
# Subtest: AC-11: module source has no imports, no I/O, no logging; no dependency added; no daysWithDelay import
ok 10 - AC-11: module source has no imports, no I/O, no logging; no dependency added; no daysWithDelay import
  ---
  duration_ms: 5.029419
  type: 'test'
  ...
# Subtest: AC-12: repeated calls return the same WL; a throwing call leaves the option list unchanged
ok 11 - AC-12: repeated calls return the same WL; a throwing call leaves the option list unchanged
  ---
  duration_ms: 0.36876
  type: 'test'
  ...
1..11
# tests 11
# suites 0
# pass 11
# fail 0
# cancelled 0
# skipped 0
# todo 0
# duration_ms 174.497205
