TAP version 13
# Subtest: options list is the frozen, ordered list
ok 1 - options list is the frozen, ordered list
  ---
  duration_ms: 1.656022
  type: 'test'
  ...
# Subtest: maps each exact option to its WL
ok 2 - maps each exact option to its WL
  ---
  duration_ms: 0.395067
  type: 'test'
  ...
# Subtest: ignores surrounding whitespace
ok 3 - ignores surrounding whitespace
  ---
  duration_ms: 0.20975
  type: 'test'
  ...
# Subtest: rejects non-exact strings with the rejected value in the message
ok 4 - rejects non-exact strings with the rejected value in the message
  ---
  duration_ms: 1.036657
  type: 'test'
  ...
# Subtest: rejects non-strings without coercion, naming typeof
ok 5 - rejects non-strings without coercion, naming typeof
  ---
  duration_ms: 0.452872
  type: 'test'
  ...
# Subtest: error message names the indicator and the allowed options
ok 6 - error message names the indicator and the allowed options
  ---
  duration_ms: 0.304327
  type: 'test'
  ...
# Subtest: is stateless; a throwing call leaves the option list unchanged
ok 7 - is stateless; a throwing call leaves the option list unchanged
  ---
  duration_ms: 0.286772
  type: 'test'
  ...
# Subtest: options list is frozen and ordered
ok 8 - options list is frozen and ordered
  ---
  duration_ms: 2.375348
  type: 'test'
  ...
# Subtest: maps each exact option to its WL
ok 9 - maps each exact option to its WL
  ---
  duration_ms: 7.556665
  type: 'test'
  ...
# Subtest: ignores surrounding whitespace
ok 10 - ignores surrounding whitespace
  ---
  duration_ms: 0.280138
  type: 'test'
  ...
# Subtest: rejects non-exact strings with RangeError naming the value
ok 11 - rejects non-exact strings with RangeError naming the value
  ---
  duration_ms: 0.992763
  type: 'test'
  ...
# Subtest: rejects non-strings without coercion
ok 12 - rejects non-strings without coercion
  ---
  duration_ms: 0.401817
  type: 'test'
  ...
# Subtest: error message names indicator and allowed options
ok 13 - error message names indicator and allowed options
  ---
  duration_ms: 0.22935
  type: 'test'
  ...
# Subtest: is stateless; throwing leaves options unchanged
ok 14 - is stateless; throwing leaves options unchanged
  ---
  duration_ms: 0.288899
  type: 'test'
  ...
# Subtest: module has no imports
ok 15 - module has no imports
  ---
  duration_ms: 0.78078
  type: 'test'
  ...
# Subtest: AC-1: DAYS_WITH_DELAY_OPTIONS deep-equals the five options in order and is frozen
ok 16 - AC-1: DAYS_WITH_DELAY_OPTIONS deep-equals the five options in order and is frozen
  ---
  duration_ms: 8.327302
  type: 'test'
  ...
# Subtest: AC-1: the frozen option list cannot be mutated
ok 17 - AC-1: the frozen option list cannot be mutated
  ---
  duration_ms: 4.865159
  type: 'test'
  ...
# Subtest: AC-2: each exact option maps to its WL
ok 18 - AC-2: each exact option maps to its WL
  ---
  duration_ms: 0.315266
  type: 'test'
  ...
# Subtest: AC-2: every entry of DAYS_WITH_DELAY_OPTIONS is accepted
ok 19 - AC-2: every entry of DAYS_WITH_DELAY_OPTIONS is accepted
  ---
  duration_ms: 0.30588
  type: 'test'
  ...
# Subtest: AC-3: padded options give the same WL as the bare option
ok 20 - AC-3: padded options give the same WL as the bare option
  ---
  duration_ms: 0.307134
  type: 'test'
  ...
# Subtest: AC-4: strings that are not an exact option after trim throw RangeError containing JSON.stringify(input)
ok 21 - AC-4: strings that are not an exact option after trim throw RangeError containing JSON.stringify(input)
  ---
  duration_ms: 0.717091
  type: 'test'
  ...
# Subtest: AC-5: non-string inputs throw RangeError containing typeof input, never coerced
ok 22 - AC-5: non-string inputs throw RangeError containing typeof input, never coerced
  ---
  duration_ms: 0.477764
  type: 'test'
  ...
# Subtest: AC-5: calling with no argument throws RangeError mentioning undefined
ok 23 - AC-5: calling with no argument throws RangeError mentioning undefined
  ---
  duration_ms: 0.190467
  type: 'test'
  ...
# Subtest: Error message: names the indicator and lists the allowed options
ok 24 - Error message: names the indicator and lists the allowed options
  ---
  duration_ms: 4.886039
  type: 'test'
  ...
# Subtest: AC-11: module source has no imports, no I/O, no logging; no dependency added; no delayCount import
ok 25 - AC-11: module source has no imports, no I/O, no logging; no dependency added; no delayCount import
  ---
  duration_ms: 1.276356
  type: 'test'
  ...
# Subtest: AC-12: repeated calls return the same WL; a throwing call leaves the option list unchanged
ok 26 - AC-12: repeated calls return the same WL; a throwing call leaves the option list unchanged
  ---
  duration_ms: 0.540505
  type: 'test'
  ...
# Subtest: AC-6: DELAY_COUNT_OPTIONS deep-equals the three options in order and is frozen
ok 27 - AC-6: DELAY_COUNT_OPTIONS deep-equals the three options in order and is frozen
  ---
  duration_ms: 3.262593
  type: 'test'
  ...
# Subtest: AC-6: the frozen option list cannot be mutated
ok 28 - AC-6: the frozen option list cannot be mutated
  ---
  duration_ms: 0.648898
  type: 'test'
  ...
# Subtest: AC-7: each exact option maps to its WL
ok 29 - AC-7: each exact option maps to its WL
  ---
  duration_ms: 0.258232
  type: 'test'
  ...
# Subtest: AC-7: every entry of DELAY_COUNT_OPTIONS is accepted
ok 30 - AC-7: every entry of DELAY_COUNT_OPTIONS is accepted
  ---
  duration_ms: 0.229369
  type: 'test'
  ...
# Subtest: AC-8: padded options give the same WL as the bare option
ok 31 - AC-8: padded options give the same WL as the bare option
  ---
  duration_ms: 0.287483
  type: 'test'
  ...
# Subtest: AC-9: strings that are not an exact option after trim throw RangeError containing JSON.stringify(input)
ok 32 - AC-9: strings that are not an exact option after trim throw RangeError containing JSON.stringify(input)
  ---
  duration_ms: 0.677307
  type: 'test'
  ...
# Subtest: AC-10: non-string inputs (incl. numbers 0, 1, 2) throw RangeError containing typeof input, never coerced
ok 33 - AC-10: non-string inputs (incl. numbers 0, 1, 2) throw RangeError containing typeof input, never coerced
  ---
  duration_ms: 0.558858
  type: 'test'
  ...
# Subtest: AC-10: calling with no argument throws RangeError mentioning undefined
ok 34 - AC-10: calling with no argument throws RangeError mentioning undefined
  ---
  duration_ms: 0.196609
  type: 'test'
  ...
# Subtest: Error message: names the indicator and lists the allowed options
ok 35 - Error message: names the indicator and lists the allowed options
  ---
  duration_ms: 0.818053
  type: 'test'
  ...
# Subtest: AC-11: module source has no imports, no I/O, no logging; no dependency added; no daysWithDelay import
ok 36 - AC-11: module source has no imports, no I/O, no logging; no dependency added; no daysWithDelay import
  ---
  duration_ms: 0.954443
  type: 'test'
  ...
# Subtest: AC-12: repeated calls return the same WL; a throwing call leaves the option list unchanged
ok 37 - AC-12: repeated calls return the same WL; a throwing call leaves the option list unchanged
  ---
  duration_ms: 0.334651
  type: 'test'
  ...
1..37
# tests 37
# suites 0
# pass 37
# fail 0
# cancelled 0
# skipped 0
# todo 0
# duration_ms 379.274356
