# qa_verify: node --test test/integration/indicators/delayCount.integration.test.mjs
TAP version 13
# Subtest: AC-6: DELAY_COUNT_OPTIONS deep-equals ["0","1",">1"] in order and is frozen
ok 1 - AC-6: DELAY_COUNT_OPTIONS deep-equals ["0","1",">1"] in order and is frozen
  ---
  duration_ms: 3.791255
  type: 'test'
  ...
# Subtest: AC-7: valid options map to plain numbers 0, 1, 2
ok 2 - AC-7: valid options map to plain numbers 0, 1, 2
  ---
  duration_ms: 0.805968
  type: 'test'
  ...
# Subtest: AC-7: every listed option is accepted and WL is 0-4 range
ok 3 - AC-7: every listed option is accepted and WL is 0-4 range
  ---
  duration_ms: 0.263241
  type: 'test'
  ...
# Subtest: AC-8: surrounding whitespace is trimmed first
ok 4 - AC-8: surrounding whitespace is trimmed first
  ---
  duration_ms: 0.322318
  type: 'test'
  ...
# Subtest: AC-9: invalid strings throw RangeError
ok 5 - AC-9: invalid strings throw RangeError
  ---
  duration_ms: 0.973804
  type: 'test'
  ...
# Subtest: AC-9: matching is case-sensitive and inner whitespace is not collapsed
ok 6 - AC-9: matching is case-sensitive and inner whitespace is not collapsed
  ---
  duration_ms: 0.218166
  type: 'test'
  ...
# Subtest: AC-10: non-strings throw RangeError (not TypeError), no coercion
ok 7 - AC-10: non-strings throw RangeError (not TypeError), no coercion
  ---
  duration_ms: 0.341783
  type: 'test'
  ...
# Subtest: AC-10: a call with no argument throws RangeError
ok 8 - AC-10: a call with no argument throws RangeError
  ---
  duration_ms: 0.228533
  type: 'test'
  ...
# Subtest: AC-11: every invalid input throws an instanceof RangeError, only that type
ok 9 - AC-11: every invalid input throws an instanceof RangeError, only that type
  ---
  duration_ms: 0.724033
  type: 'test'
  ...
# Subtest: AC-12: module is pure and stateless — repeated calls give identical results
ok 10 - AC-12: module is pure and stateless — repeated calls give identical results
  ---
  duration_ms: 1.217001
  type: 'test'
  ...
# Subtest: AC-12: module source imports nothing (independent of daysWithDelay.mjs, no shared helper)
ok 11 - AC-12: module source imports nothing (independent of daysWithDelay.mjs, no shared helper)
  ---
  duration_ms: 22.969232
  type: 'test'
  ...
1..11
# tests 11
# suites 0
# pass 11
# fail 0
# cancelled 0
# skipped 0
# todo 0
# duration_ms 151.964184
