TAP version 13
# Subtest: options list is exact, ordered and frozen (AC-1)
ok 1 - options list is exact, ordered and frozen (AC-1)
  ---
  duration_ms: 1.63984
  type: 'test'
  ...
# Subtest: each valid option maps to its WL (AC-2)
ok 2 - each valid option maps to its WL (AC-2)
  ---
  duration_ms: 0.320461
  type: 'test'
  ...
# Subtest: input is trimmed first (AC-3)
ok 3 - input is trimmed first (AC-3)
  ---
  duration_ms: 0.16295
  type: 'test'
  ...
# Subtest: invalid strings throw RangeError (AC-4, AC-11)
ok 4 - invalid strings throw RangeError (AC-4, AC-11)
  ---
  duration_ms: 2.585165
  type: 'test'
  ...
# Subtest: non-strings throw RangeError, no coercion (AC-5, AC-11)
ok 5 - non-strings throw RangeError, no coercion (AC-5, AC-11)
  ---
  duration_ms: 0.56164
  type: 'test'
  ...
# Subtest: objects without toString still throw RangeError (AC-5)
ok 6 - objects without toString still throw RangeError (AC-5)
  ---
  duration_ms: 0.247597
  type: 'test'
  ...
# Subtest: DELAY_COUNT_OPTIONS is exact, ordered and frozen
ok 7 - DELAY_COUNT_OPTIONS is exact, ordered and frozen
  ---
  duration_ms: 1.75355
  type: 'test'
  ...
# Subtest: valid options map to WL
ok 8 - valid options map to WL
  ---
  duration_ms: 0.22219
  type: 'test'
  ...
# Subtest: surrounding whitespace is trimmed
ok 9 - surrounding whitespace is trimmed
  ---
  duration_ms: 0.207879
  type: 'test'
  ...
# Subtest: invalid strings throw RangeError
ok 10 - invalid strings throw RangeError
  ---
  duration_ms: 8.682327
  type: 'test'
  ...
# Subtest: non-strings throw RangeError
ok 11 - non-strings throw RangeError
  ---
  duration_ms: 0.454797
  type: 'test'
  ...
# Subtest: AC-1: DAYS_WITH_DELAY_OPTIONS deep-equals the five labels in order (ASCII <=) and is frozen
ok 12 - AC-1: DAYS_WITH_DELAY_OPTIONS deep-equals the five labels in order (ASCII <=) and is frozen
  ---
  duration_ms: 14.899782
  type: 'test'
  ...
# Subtest: AC-2: each valid option maps to its WL as a plain number
ok 13 - AC-2: each valid option maps to its WL as a plain number
  ---
  duration_ms: 0.508309
  type: 'test'
  ...
# Subtest: AC-2: every exported option is accepted and label-only (>60 days is not also >3 days)
ok 14 - AC-2: every exported option is accepted and label-only (>60 days is not also >3 days)
  ---
  duration_ms: 0.238793
  type: 'test'
  ...
# Subtest: AC-3: surrounding whitespace is trimmed before matching
ok 15 - AC-3: surrounding whitespace is trimmed before matching
  ---
  duration_ms: 0.25721
  type: 'test'
  ...
# Subtest: AC-4: invalid strings throw RangeError
ok 16 - AC-4: invalid strings throw RangeError
  ---
  duration_ms: 0.86258
  type: 'test'
  ...
# Subtest: AC-5: non-strings throw RangeError (not TypeError, no coercion)
ok 17 - AC-5: non-strings throw RangeError (not TypeError, no coercion)
  ---
  duration_ms: 0.362013
  type: 'test'
  ...
# Subtest: AC-11: every invalid input throws an instanceof RangeError (type only)
ok 18 - AC-11: every invalid input throws an instanceof RangeError (type only)
  ---
  duration_ms: 0.263656
  type: 'test'
  ...
# Subtest: AC-12: module is pure and stateless — repeated calls agree, options list is not mutable
ok 19 - AC-12: module is pure and stateless — repeated calls agree, options list is not mutable
  ---
  duration_ms: 0.266839
  type: 'test'
  ...
# Subtest: AC-12: module source is plain ESM that imports nothing (no delayCount, no shared helper)
ok 20 - AC-12: module source is plain ESM that imports nothing (no delayCount, no shared helper)
  ---
  duration_ms: 16.950012
  type: 'test'
  ...
# Subtest: AC-6: DELAY_COUNT_OPTIONS deep-equals ["0","1",">1"] in order and is frozen
ok 21 - AC-6: DELAY_COUNT_OPTIONS deep-equals ["0","1",">1"] in order and is frozen
  ---
  duration_ms: 4.656299
  type: 'test'
  ...
# Subtest: AC-7: valid options map to plain numbers 0, 1, 2
ok 22 - AC-7: valid options map to plain numbers 0, 1, 2
  ---
  duration_ms: 0.531337
  type: 'test'
  ...
# Subtest: AC-7: every listed option is accepted and WL is 0-4 range
ok 23 - AC-7: every listed option is accepted and WL is 0-4 range
  ---
  duration_ms: 0.391494
  type: 'test'
  ...
# Subtest: AC-8: surrounding whitespace is trimmed first
ok 24 - AC-8: surrounding whitespace is trimmed first
  ---
  duration_ms: 0.250827
  type: 'test'
  ...
# Subtest: AC-9: invalid strings throw RangeError
ok 25 - AC-9: invalid strings throw RangeError
  ---
  duration_ms: 1.098213
  type: 'test'
  ...
# Subtest: AC-9: matching is case-sensitive and inner whitespace is not collapsed
ok 26 - AC-9: matching is case-sensitive and inner whitespace is not collapsed
  ---
  duration_ms: 0.235323
  type: 'test'
  ...
# Subtest: AC-10: non-strings throw RangeError (not TypeError), no coercion
ok 27 - AC-10: non-strings throw RangeError (not TypeError), no coercion
  ---
  duration_ms: 0.496199
  type: 'test'
  ...
# Subtest: AC-10: a call with no argument throws RangeError
ok 28 - AC-10: a call with no argument throws RangeError
  ---
  duration_ms: 0.233377
  type: 'test'
  ...
# Subtest: AC-11: every invalid input throws an instanceof RangeError, only that type
ok 29 - AC-11: every invalid input throws an instanceof RangeError, only that type
  ---
  duration_ms: 0.831468
  type: 'test'
  ...
# Subtest: AC-12: module is pure and stateless — repeated calls give identical results
ok 30 - AC-12: module is pure and stateless — repeated calls give identical results
  ---
  duration_ms: 0.826962
  type: 'test'
  ...
# Subtest: AC-12: module source imports nothing (independent of daysWithDelay.mjs, no shared helper)
ok 31 - AC-12: module source imports nothing (independent of daysWithDelay.mjs, no shared helper)
  ---
  duration_ms: 25.144679
  type: 'test'
  ...
1..31
# tests 31
# suites 0
# pass 31
# fail 0
# cancelled 0
# skipped 0
# todo 0
# duration_ms 338.912111
