# gate: T-01  attempt: 1  2026-10-03T15:11:20Z
ok    on job/JOB-20261003-1505-repayment-delay-indicators-2-3--T-01
ok    working tree clean
ok    1 commit(s)
ok    all changes within scope ["src/indicators/daysWithDelay.mjs","test/indicators/daysWithDelay.test.mjs"] (+ QA tests ["test/indicators/integration/daysWithDelay.integration.test.mjs"])
ok    QA tests untouched by the dev
ok    no AI attribution in commits
----- verify: node --test test/indicators/daysWithDelay.test.mjs
TAP version 13
# Subtest: options list is the expected frozen list
ok 1 - options list is the expected frozen list
  ---
  duration_ms: 1.436596
  type: 'test'
  ...
# Subtest: every option maps to its WL
ok 2 - every option maps to its WL
  ---
  duration_ms: 0.280472
  type: 'test'
  ...
# Subtest: surrounding whitespace is trimmed
ok 3 - surrounding whitespace is trimmed
  ---
  duration_ms: 4.230871
  type: 'test'
  ...
# Subtest: invalid input throws RangeError
ok 4 - invalid input throws RangeError
  ---
  duration_ms: 1.978215
  type: 'test'
  ...
# Subtest: is pure: no throw, valid WL, stable results, options unchanged
ok 5 - is pure: no throw, valid WL, stable results, options unchanged
  ---
  duration_ms: 0.489564
  type: 'test'
  ...
1..5
# tests 5
# suites 0
# pass 5
# fail 0
# cancelled 0
# skipped 0
# todo 0
# duration_ms 151.779794
ok    verify passed
