# qa_verify: node --test test/indicators/integration/daysWithDelay.integration.test.mjs
TAP version 13
# Subtest: AC-1: DAYS_WITH_DELAY_OPTIONS deep-equals the five ASCII labels in order and is frozen
ok 1 - AC-1: DAYS_WITH_DELAY_OPTIONS deep-equals the five ASCII labels in order and is frozen
  ---
  duration_ms: 1.329762
  type: 'test'
  ...
# Subtest: AC-2: each valid option maps to its WL
ok 2 - AC-2: each valid option maps to its WL
  ---
  duration_ms: 0.285639
  type: 'test'
  ...
# Subtest: AC-3: surrounding whitespace is trimmed first
ok 3 - AC-3: surrounding whitespace is trimmed first
  ---
  duration_ms: 0.17255
  type: 'test'
  ...
# Subtest: AC-4: invalid input throws RangeError naming value and allowed list
ok 4 - AC-4: invalid input throws RangeError naming value and allowed list
  ---
  duration_ms: 0.860555
  type: 'test'
  ...
# Subtest: AC-9: every option is valid, in {0,2,3,4}, repeatable, and the list is unchanged
ok 5 - AC-9: every option is valid, in {0,2,3,4}, repeatable, and the list is unchanged
  ---
  duration_ms: 0.3026
  type: 'test'
  ...
# Subtest: AC-10: unit tests exit 0; card adds only its two files; package.json untouched
ok 6 - AC-10: unit tests exit 0; card adds only its two files; package.json untouched
  ---
  duration_ms: 101.72408
  type: 'test'
  ...
# Subtest: AC-4/C5: BigInt, Symbol, circular and other exotic non-strings throw RangeError, not TypeError
ok 7 - AC-4/C5: BigInt, Symbol, circular and other exotic non-strings throw RangeError, not TypeError
  ---
  duration_ms: 0.61316
  type: 'test'
  ...
1..7
# tests 7
# suites 0
# pass 7
# fail 0
# cancelled 0
# skipped 0
# todo 0
# duration_ms 217.955733
