# qa_verify: node --test test/indicators/integration/delayCount.integration.test.mjs
TAP version 13
# Subtest: AC-5: DELAY_COUNT_OPTIONS deep-equals ["0","1",">1"] in order and is frozen
ok 1 - AC-5: DELAY_COUNT_OPTIONS deep-equals ["0","1",">1"] in order and is frozen
  ---
  duration_ms: 1.671392
  type: 'test'
  ...
# Subtest: AC-6: "0"→0, "1"→1, ">1"→2
ok 2 - AC-6: "0"→0, "1"→1, ">1"→2
  ---
  duration_ms: 0.218421
  type: 'test'
  ...
# Subtest: AC-7: surrounding whitespace is trimmed first
ok 3 - AC-7: surrounding whitespace is trimmed first
  ---
  duration_ms: 1.334581
  type: 'test'
  ...
# Subtest: AC-8: invalid input throws RangeError naming value and allowed list
ok 4 - AC-8: invalid input throws RangeError naming value and allowed list
  ---
  duration_ms: 0.736666
  type: 'test'
  ...
# Subtest: AC-9: every option is valid, in {0,1,2}, repeatable, and the list is unchanged
ok 5 - AC-9: every option is valid, in {0,1,2}, repeatable, and the list is unchanged
  ---
  duration_ms: 0.295406
  type: 'test'
  ...
# Subtest: AC-10: unit tests exit 0; card adds only its two files; package.json untouched
ok 6 - AC-10: unit tests exit 0; card adds only its two files; package.json untouched
  ---
  duration_ms: 105.09802
  type: 'test'
  ...
1..6
# tests 6
# suites 0
# pass 6
# fail 0
# cancelled 0
# skipped 0
# todo 0
# duration_ms 198.706673
