# gate: T-02  attempt: 1  2026-10-03T15:10:40Z
ok    on job/JOB-20261003-1505-repayment-delay-indicators-2-3--T-02
ok    working tree clean
ok    1 commit(s)
ok    all changes within scope ["src/indicators/delayCount.mjs","test/indicators/delayCount.test.mjs"] (+ QA tests ["test/indicators/integration/delayCount.integration.test.mjs"])
ok    QA tests untouched by the dev
ok    no AI attribution in commits
----- verify: node --test test/indicators/delayCount.test.mjs
TAP version 13
# Subtest: option list is ["0","1",">1"] and frozen
ok 1 - option list is ["0","1",">1"] and frozen
  ---
  duration_ms: 1.465133
  type: 'test'
  ...
# Subtest: maps each option to its WL
ok 2 - maps each option to its WL
  ---
  duration_ms: 0.241533
  type: 'test'
  ...
# Subtest: trims surrounding whitespace first
ok 3 - trims surrounding whitespace first
  ---
  duration_ms: 0.121208
  type: 'test'
  ...
# Subtest: throws RangeError for invalid input
ok 4 - throws RangeError for invalid input
  ---
  duration_ms: 1.986232
  type: 'test'
  ...
# Subtest: is pure: every option valid, repeatable, options unchanged
ok 5 - is pure: every option valid, repeatable, options unchanged
  ---
  duration_ms: 0.24968
  type: 'test'
  ...
1..5
# tests 5
# suites 0
# pass 5
# fail 0
# cancelled 0
# skipped 0
# todo 0
# duration_ms 108.397446
ok    verify passed
