# qa_verify: node --test test/indicators/integration/daysWithDelay.integration.test.mjs test/indicators/integration/delayCount.integration.test.mjs
TAP version 13
# Subtest: AC-1: DAYS_WITH_DELAY_OPTIONS deep-equals the five ASCII labels in order and is frozen
ok 1 - AC-1: DAYS_WITH_DELAY_OPTIONS deep-equals the five ASCII labels in order and is frozen
  ---
  duration_ms: 1.551456
  type: 'test'
  ...
# Subtest: AC-2: each valid option maps to its WL
ok 2 - AC-2: each valid option maps to its WL
  ---
  duration_ms: 0.286091
  type: 'test'
  ...
# Subtest: AC-3: surrounding whitespace is trimmed first
ok 3 - AC-3: surrounding whitespace is trimmed first
  ---
  duration_ms: 0.15939
  type: 'test'
  ...
# Subtest: AC-4: invalid input throws RangeError naming value and allowed list
ok 4 - AC-4: invalid input throws RangeError naming value and allowed list
  ---
  duration_ms: 0.87512
  type: 'test'
  ...
# Subtest: AC-9: every option is valid, in {0,2,3,4}, repeatable, and the list is unchanged
ok 5 - AC-9: every option is valid, in {0,2,3,4}, repeatable, and the list is unchanged
  ---
  duration_ms: 0.205779
  type: 'test'
  ...
# Subtest: AC-10: unit tests exit 0; card files added, nothing outside indicators dirs; package.json untouched
ok 6 - AC-10: unit tests exit 0; card files added, nothing outside indicators dirs; package.json untouched
  ---
  duration_ms: 149.981403
  type: 'test'
  ...
# Subtest: AC-4/C5: BigInt, Symbol, circular and other exotic non-strings throw RangeError, not TypeError
ok 7 - AC-4/C5: BigInt, Symbol, circular and other exotic non-strings throw RangeError, not TypeError
  ---
  duration_ms: 1.261752
  type: 'test'
  ...
# Subtest: AC-5: DELAY_COUNT_OPTIONS deep-equals ["0","1",">1"] in order and is frozen
ok 8 - AC-5: DELAY_COUNT_OPTIONS deep-equals ["0","1",">1"] in order and is frozen
  ---
  duration_ms: 1.422667
  type: 'test'
  ...
# Subtest: AC-6: "0"→0, "1"→1, ">1"→2
ok 9 - AC-6: "0"→0, "1"→1, ">1"→2
  ---
  duration_ms: 0.235287
  type: 'test'
  ...
# Subtest: AC-7: surrounding whitespace is trimmed first
ok 10 - AC-7: surrounding whitespace is trimmed first
  ---
  duration_ms: 13.351741
  type: 'test'
  ...
# Subtest: AC-8: invalid input throws RangeError naming value and allowed list
ok 11 - AC-8: invalid input throws RangeError naming value and allowed list
  ---
  duration_ms: 0.863794
  type: 'test'
  ...
# Subtest: AC-9: every option is valid, in {0,1,2}, repeatable, and the list is unchanged
ok 12 - AC-9: every option is valid, in {0,1,2}, repeatable, and the list is unchanged
  ---
  duration_ms: 0.453769
  type: 'test'
  ...
# Subtest: AC-10: unit tests exit 0; card files added, nothing outside indicators dirs; package.json untouched
ok 13 - AC-10: unit tests exit 0; card files added, nothing outside indicators dirs; package.json untouched
  ---
  duration_ms: 84.837168
  type: 'test'
  ...
1..13
# tests 13
# suites 0
# pass 13
# fail 0
# cancelled 0
# skipped 0
# todo 0
# duration_ms 261.420303
