TAP version 13
# Subtest: options list is the expected frozen list
ok 1 - options list is the expected frozen list
  ---
  duration_ms: 1.507248
  type: 'test'
  ...
# Subtest: every option maps to its WL
ok 2 - every option maps to its WL
  ---
  duration_ms: 4.634564
  type: 'test'
  ...
# Subtest: surrounding whitespace is trimmed
ok 3 - surrounding whitespace is trimmed
  ---
  duration_ms: 0.154123
  type: 'test'
  ...
# Subtest: invalid input throws RangeError
ok 4 - invalid input throws RangeError
  ---
  duration_ms: 1.97838
  type: 'test'
  ...
# Subtest: throws RangeError (not TypeError) for BigInt, Symbol, circular and unprintable input
ok 5 - throws RangeError (not TypeError) for BigInt, Symbol, circular and unprintable input
  ---
  duration_ms: 0.310285
  type: 'test'
  ...
# Subtest: is pure: no throw, valid WL, stable results, options unchanged
ok 6 - is pure: no throw, valid WL, stable results, options unchanged
  ---
  duration_ms: 0.171376
  type: 'test'
  ...
# Subtest: option list is ["0","1",">1"] and frozen
ok 7 - option list is ["0","1",">1"] and frozen
  ---
  duration_ms: 1.438949
  type: 'test'
  ...
# Subtest: maps each option to its WL
ok 8 - maps each option to its WL
  ---
  duration_ms: 0.357997
  type: 'test'
  ...
# Subtest: trims surrounding whitespace first
ok 9 - trims surrounding whitespace first
  ---
  duration_ms: 0.146618
  type: 'test'
  ...
# Subtest: throws RangeError for invalid input
ok 10 - throws RangeError for invalid input
  ---
  duration_ms: 1.909498
  type: 'test'
  ...
# Subtest: throws RangeError (not TypeError) for BigInt, Symbol, circular and unprintable input
ok 11 - throws RangeError (not TypeError) for BigInt, Symbol, circular and unprintable input
  ---
  duration_ms: 0.350122
  type: 'test'
  ...
# Subtest: is pure: every option valid, repeatable, options unchanged
ok 12 - is pure: every option valid, repeatable, options unchanged
  ---
  duration_ms: 0.187778
  type: 'test'
  ...
# Subtest: AC-1: DAYS_WITH_DELAY_OPTIONS deep-equals the five ASCII labels in order and is frozen
ok 13 - AC-1: DAYS_WITH_DELAY_OPTIONS deep-equals the five ASCII labels in order and is frozen
  ---
  duration_ms: 5.693379
  type: 'test'
  ...
# Subtest: AC-2: each valid option maps to its WL
ok 14 - AC-2: each valid option maps to its WL
  ---
  duration_ms: 2.106496
  type: 'test'
  ...
# Subtest: AC-3: surrounding whitespace is trimmed first
ok 15 - AC-3: surrounding whitespace is trimmed first
  ---
  duration_ms: 0.371725
  type: 'test'
  ...
# Subtest: AC-4: invalid input throws RangeError naming value and allowed list
ok 16 - AC-4: invalid input throws RangeError naming value and allowed list
  ---
  duration_ms: 1.420274
  type: 'test'
  ...
# Subtest: AC-9: every option is valid, in {0,2,3,4}, repeatable, and the list is unchanged
ok 17 - AC-9: every option is valid, in {0,2,3,4}, repeatable, and the list is unchanged
  ---
  duration_ms: 0.417904
  type: 'test'
  ...
# Subtest: AC-10: unit tests exit 0; card files added, nothing outside indicators dirs; package.json untouched
ok 18 - AC-10: unit tests exit 0; card files added, nothing outside indicators dirs; package.json untouched
  ---
  duration_ms: 127.332217
  type: 'test'
  ...
# Subtest: AC-4/C5: BigInt, Symbol, circular and other exotic non-strings throw RangeError, not TypeError
ok 19 - AC-4/C5: BigInt, Symbol, circular and other exotic non-strings throw RangeError, not TypeError
  ---
  duration_ms: 4.683753
  type: 'test'
  ...
# Subtest: AC-8/C5: BigInt input throws RangeError, not TypeError
ok 20 - AC-8/C5: BigInt input throws RangeError, not TypeError
  ---
  duration_ms: 1.149875
  type: 'test'
  ...
# Subtest: AC-8/C5: circular object throws RangeError, not TypeError
ok 21 - AC-8/C5: circular object throws RangeError, not TypeError
  ---
  duration_ms: 0.208268
  type: 'test'
  ...
# Subtest: AC-8/C5: other non-string inputs (symbol, function, no-toString object) throw RangeError
ok 22 - AC-8/C5: other non-string inputs (symbol, function, no-toString object) throw RangeError
  ---
  duration_ms: 0.336235
  type: 'test'
  ...
# Subtest: AC-8/C5: error message still names the allowed list for BigInt input
ok 23 - AC-8/C5: error message still names the allowed list for BigInt input
  ---
  duration_ms: 1.392763
  type: 'test'
  ...
# Subtest: AC-6..9: valid options and string RangeErrors are unchanged
ok 24 - AC-6..9: valid options and string RangeErrors are unchanged
  ---
  duration_ms: 0.332199
  type: 'test'
  ...
# Subtest: AC-5: DELAY_COUNT_OPTIONS deep-equals ["0","1",">1"] in order and is frozen
ok 25 - AC-5: DELAY_COUNT_OPTIONS deep-equals ["0","1",">1"] in order and is frozen
  ---
  duration_ms: 5.064632
  type: 'test'
  ...
# Subtest: AC-6: "0"→0, "1"→1, ">1"→2
ok 26 - AC-6: "0"→0, "1"→1, ">1"→2
  ---
  duration_ms: 0.408618
  type: 'test'
  ...
# Subtest: AC-7: surrounding whitespace is trimmed first
ok 27 - AC-7: surrounding whitespace is trimmed first
  ---
  duration_ms: 1.507293
  type: 'test'
  ...
# Subtest: AC-8: invalid input throws RangeError naming value and allowed list
ok 28 - AC-8: invalid input throws RangeError naming value and allowed list
  ---
  duration_ms: 0.825876
  type: 'test'
  ...
# Subtest: AC-9: every option is valid, in {0,1,2}, repeatable, and the list is unchanged
ok 29 - AC-9: every option is valid, in {0,1,2}, repeatable, and the list is unchanged
  ---
  duration_ms: 0.284073
  type: 'test'
  ...
# Subtest: AC-10: unit tests exit 0; card files added, nothing outside indicators dirs; package.json untouched
ok 30 - AC-10: unit tests exit 0; card files added, nothing outside indicators dirs; package.json untouched
  ---
  duration_ms: 106.346752
  type: 'test'
  ...
# Subtest: the four indicator files exist
ok 31 - the four indicator files exist
  ---
  duration_ms: 7.413514
  type: 'test'
  ...
# Subtest: every file added since the seed is under src/indicators/ or test/indicators/
ok 32 - every file added since the seed is under src/indicators/ or test/indicators/
  ---
  duration_ms: 22.238458
  type: 'test'
  ...
# Subtest: package.json is unchanged since the seed
ok 33 - package.json is unchanged since the seed
  ---
  duration_ms: 20.182279
  type: 'test'
  ...
# Subtest: package.json declares no dependencies
ok 34 - package.json declares no dependencies
  ---
  duration_ms: 2.397514
  type: 'test'
  ...
1..34
# tests 34
# suites 0
# pass 34
# fail 0
# cancelled 0
# skipped 0
# todo 0
# duration_ms 432.435245
