# qa_verify: node --test test/integration/indicators/*.test.mjs
TAP version 13
# Subtest: AC-3: " bbb+" -> "bbb " is normalised and gives WL 1
ok 1 - AC-3: " bbb+" -> "bbb " is normalised and gives WL 1
  ---
  duration_ms: 2.225526
  type: 'test'
  ...
# Subtest: AC-4: invalid previous "" throws RangeError
ok 2 - AC-4: invalid previous "" throws RangeError
  ---
  duration_ms: 0.761231
  type: 'test'
  ...
# Subtest: AC-4: invalid previous "   " throws RangeError
ok 3 - AC-4: invalid previous "   " throws RangeError
  ---
  duration_ms: 0.126417
  type: 'test'
  ...
# Subtest: AC-4: invalid previous "D" throws RangeError
ok 4 - AC-4: invalid previous "D" throws RangeError
  ---
  duration_ms: 0.156924
  type: 'test'
  ...
# Subtest: AC-4: invalid previous "NR" throws RangeError
ok 5 - AC-4: invalid previous "NR" throws RangeError
  ---
  duration_ms: 0.112732
  type: 'test'
  ...
# Subtest: AC-4: invalid previous "Baa1" throws RangeError
ok 6 - AC-4: invalid previous "Baa1" throws RangeError
  ---
  duration_ms: 0.106535
  type: 'test'
  ...
# Subtest: AC-4: invalid previous "AAA+" throws RangeError
ok 7 - AC-4: invalid previous "AAA+" throws RangeError
  ---
  duration_ms: 1.143921
  type: 'test'
  ...
# Subtest: AC-4: invalid previous "CCC--" throws RangeError
ok 8 - AC-4: invalid previous "CCC--" throws RangeError
  ---
  duration_ms: 0.113963
  type: 'test'
  ...
# Subtest: AC-4: invalid previous "BBB +" throws RangeError
ok 9 - AC-4: invalid previous "BBB +" throws RangeError
  ---
  duration_ms: 0.33726
  type: 'test'
  ...
# Subtest: AC-4: invalid previous "BBB−" throws RangeError
ok 10 - AC-4: invalid previous "BBB−" throws RangeError
  ---
  duration_ms: 0.40075
  type: 'test'
  ...
# Subtest: AC-4: invalid previous null throws RangeError
ok 11 - AC-4: invalid previous null throws RangeError
  ---
  duration_ms: 0.200877
  type: 'test'
  ...
# Subtest: AC-4: invalid previous undefined throws RangeError
ok 12 - AC-4: invalid previous undefined throws RangeError
  ---
  duration_ms: 0.077027
  type: 'test'
  ...
# Subtest: AC-4: invalid previous 3 throws RangeError
ok 13 - AC-4: invalid previous 3 throws RangeError
  ---
  duration_ms: 0.057097
  type: 'test'
  ...
# Subtest: AC-4: invalid previous {} throws RangeError
ok 14 - AC-4: invalid previous {} throws RangeError
  ---
  duration_ms: 0.05042
  type: 'test'
  ...
# Subtest: AC-4: invalid current "" throws RangeError
ok 15 - AC-4: invalid current "" throws RangeError
  ---
  duration_ms: 0.108447
  type: 'test'
  ...
# Subtest: AC-4: invalid current "   " throws RangeError
ok 16 - AC-4: invalid current "   " throws RangeError
  ---
  duration_ms: 0.054302
  type: 'test'
  ...
# Subtest: AC-4: invalid current "D" throws RangeError
ok 17 - AC-4: invalid current "D" throws RangeError
  ---
  duration_ms: 0.053486
  type: 'test'
  ...
# Subtest: AC-4: invalid current "NR" throws RangeError
ok 18 - AC-4: invalid current "NR" throws RangeError
  ---
  duration_ms: 0.053624
  type: 'test'
  ...
# Subtest: AC-4: invalid current "Baa1" throws RangeError
ok 19 - AC-4: invalid current "Baa1" throws RangeError
  ---
  duration_ms: 0.050768
  type: 'test'
  ...
# Subtest: AC-4: invalid current "AAA+" throws RangeError
ok 20 - AC-4: invalid current "AAA+" throws RangeError
  ---
  duration_ms: 0.079134
  type: 'test'
  ...
# Subtest: AC-4: invalid current "CCC--" throws RangeError
ok 21 - AC-4: invalid current "CCC--" throws RangeError
  ---
  duration_ms: 0.098855
  type: 'test'
  ...
# Subtest: AC-4: invalid current "BBB +" throws RangeError
ok 22 - AC-4: invalid current "BBB +" throws RangeError
  ---
  duration_ms: 0.116251
  type: 'test'
  ...
# Subtest: AC-4: invalid current "BBB−" throws RangeError
ok 23 - AC-4: invalid current "BBB−" throws RangeError
  ---
  duration_ms: 0.073798
  type: 'test'
  ...
# Subtest: AC-4: invalid current null throws RangeError
ok 24 - AC-4: invalid current null throws RangeError
  ---
  duration_ms: 0.055803
  type: 'test'
  ...
# Subtest: AC-4: invalid current undefined throws RangeError
ok 25 - AC-4: invalid current undefined throws RangeError
  ---
  duration_ms: 0.059491
  type: 'test'
  ...
# Subtest: AC-4: invalid current 3 throws RangeError
ok 26 - AC-4: invalid current 3 throws RangeError
  ---
  duration_ms: 0.05744
  type: 'test'
  ...
# Subtest: AC-4: invalid current {} throws RangeError
ok 27 - AC-4: invalid current {} throws RangeError
  ---
  duration_ms: 0.049308
  type: 'test'
  ...
# Subtest: AC-4: missing current argument throws RangeError and never returns a value
ok 28 - AC-4: missing current argument throws RangeError and never returns a value
  ---
  duration_ms: 0.223285
  type: 'test'
  ...
# Subtest: AC-4: the RangeError reaches the caller unchanged (same type as notchChange, not a default WL)
ok 29 - AC-4: the RangeError reaches the caller unchanged (same type as notchChange, not a default WL)
  ---
  duration_ms: 0.513033
  type: 'test'
  ...
# Subtest: AC-12: BBB+ -> BBB (1-notch downgrade) is 1
ok 30 - AC-12: BBB+ -> BBB (1-notch downgrade) is 1
  ---
  duration_ms: 0.076487
  type: 'test'
  ...
# Subtest: AC-12: 1-notch moves at both ends of the scale are 1 (CCC->CCC-, AAA->AA+)
ok 31 - AC-12: 1-notch moves at both ends of the scale are 1 (CCC->CCC-, AAA->AA+)
  ---
  duration_ms: 0.11372
  type: 'test'
  ...
# Subtest: AC-13: BBB+ -> BBB- (2-notch downgrade) is 2
ok 32 - AC-13: BBB+ -> BBB- (2-notch downgrade) is 2
  ---
  duration_ms: 0.068768
  type: 'test'
  ...
# Subtest: AC-13: BBB+ -> BB+ (3 notches) and AAA -> CCC- (18 notches, capped) are 2
ok 33 - AC-13: BBB+ -> BB+ (3 notches) and AAA -> CCC- (18 notches, capped) are 2
  ---
  duration_ms: 0.060082
  type: 'test'
  ...
# Subtest: AC-14: upgrades give 0 (BBB->BBB+, BB+->BBB+, CCC-->AAA)
ok 34 - AC-14: upgrades give 0 (BBB->BBB+, BB+->BBB+, CCC-->AAA)
  ---
  duration_ms: 0.065061
  type: 'test'
  ...
# Subtest: AC-14: unchanged rating gives +0 (not -0)
ok 35 - AC-14: unchanged rating gives +0 (not -0)
  ---
  duration_ms: 0.113867
  type: 'test'
  ...
# Subtest: AC-15: analyst-confirmed values are used as given and there is no override parameter
ok 36 - AC-15: analyst-confirmed values are used as given and there is no override parameter
  ---
  duration_ms: 0.081312
  type: 'test'
  ...
# Subtest: AC-15: returns a primitive number synchronously (not a Promise)
ok 37 - AC-15: returns a primitive number synchronously (not a Promise)
  ---
  duration_ms: 0.140392
  type: 'test'
  ...
# Subtest: AC-15: source imports only ../ratings/notch.mjs and does no I/O
ok 38 - AC-15: source imports only ../ratings/notch.mjs and does no I/O
  ---
  duration_ms: 1.09108
  type: 'test'
  ...
# Subtest: AC-16: all 361 ordered pairs map d<=0 -> 0, d===1 -> 1, d>=2 -> 2 (counts 190/18/153)
ok 39 - AC-16: all 361 ordered pairs map d<=0 -> 0, d===1 -> 1, d>=2 -> 2 (counts 190/18/153)
  ---
  duration_ms: 1.466522
  type: 'test'
  ...
# Subtest: AC-16: Indicator 12 and notchCalculator().wl are separate mappings
ok 40 - AC-16: Indicator 12 and notchCalculator().wl are separate mappings
  ---
  duration_ms: 0.242572
  type: 'test'
  ...
# Subtest: AC-17: module exports exactly countryRatingChangeWl and imports notchChange from ../ratings/notch.mjs
ok 41 - AC-17: module exports exactly countryRatingChangeWl and imports notchChange from ../ratings/notch.mjs
  ---
  duration_ms: 0.42594
  type: 'test'
  ...
# Subtest: AC-17 (job): across src/ the only exports are RATING_SCALE, notchChange, notchCalculator, countryRatingChangeWl; no Indicator 13 export
ok 42 - AC-17 (job): across src/ the only exports are RATING_SCALE, notchChange, notchCalculator, countryRatingChangeWl; no Indicator 13 export
  ---
  duration_ms: 1.391725
  type: 'test'
  ...
# Subtest: AC-17 (job): package.json has no dependencies/devDependencies and scripts.test is "node --test"
ok 43 - AC-17 (job): package.json has no dependencies/devDependencies and scripts.test is "node --test"
  ---
  duration_ms: 0.207323
  type: 'test'
  ...
# Subtest: AC-17 (job): node --test test/indicators/*.test.mjs exits 0
ok 44 - AC-17 (job): node --test test/indicators/*.test.mjs exits 0
  ---
  duration_ms: 42.256128
  type: 'test'
  ...
# Subtest: AC-17 (job): full suite `node --test` exits 0 at the repository root
ok 45 - AC-17 (job): full suite `node --test` exits 0 at the repository root
  ---
  duration_ms: 53.409276
  type: 'test'
  ...
1..45
# tests 45
# suites 0
# pass 45
# fail 0
# cancelled 0
# skipped 0
# todo 0
# duration_ms 204.61918
