[10s] opened the hive
[41s] briefed Michael: /deliver /home/user/skills-shop/examples/watchlist-poc/JOB-parallel.md
[61s] event new Repayment delay indicators 2-3
[61s] event jobset stack: .stack=["javascript"]
[61s] event jobset roles: .roles=[{"role":"ba","agent":"business-analyst","why":"always"},{"role":"qa","agent":"qa-tester","why":"always"},{"role":"backend-lead",
[61s] event jobset assumptions: .assumptions += ["No UI: dropdowns are satisfied by exported *_OPTIONS arrays (C4)","Indicator 1 and its collapsing are out of sco
[61s] event roles ba qa backend-lead backend reviewer
[61s] event phase readiness
[61s] phase readiness
[108s] event agent  a70e3af3: Reading README.md and .deliver.json 
[169s] event agent  a74261f4: Checking Node version and branches 
[231s] event agent  a3fb7dff: Printing validated readiness.json output 
[252s] event agent business-analyst afcac939: {"items":[ {"id":"PRD-goal","status":"decided","answer":"Turn the two Watchlist repayment-delay indicators into Watch
[371s] event readiness 33 items: 18 decided, 9 n/a, 6 open
[371s] event decide DEL-docs: JSDoc on the exported constants and functions only; README unchanged; no separate docs card — Request asks only for the two modules; 
[371s] event decide X-options-immutability: Object.freeze both exported option arrays; validate against an internal Map built in the module so mutating/replacing t
[371s] event decide X-error-message: RangeError message includes the function name and the received value (e.g. daysWithDelayWl: invalid option ">3 Days"); tests a
[371s] event decide X-parallel-independence: Each module fully self-contained: no shared helper, no barrel index.mjs — The request calls the requirements independe
[371s] event decide X-qa-test-layout: QA tests per card in test/integration/indicators/daysWithDelay.test.mjs and test/integration/indicators/delayCount.test.mjs —
[386s] event jobset assumptions: .assumptions += ["Security role not added: only input is a fixed dropdown value validated by allow-list (NFR-security); stack revi
[386s] event readiness 33 items: 22 decided, 10 n/a, 1 open
[396s] event phase awaiting_clarification
[396s] phase awaiting_clarification
[396s] no prepared answer for X-trim-semantics — a real person must answer: C1 says 'Input is trimmed' without defining whitespace. Does that mean String.prototype.trim() (also strips tabs, newlines, Unicode spaces such as NBSP) or only ASCII spaces? Internal whitespace is never collapsed ('>3  days' -> RangeError).
[1600s] stalled: no event for 20 minutes
