# gate: T-02  attempt: 1  2026-10-04T13:11:45Z
ok    on job/JOB-20261004-1255-rating-notch-calculator-and-coun--T-02
ok    working tree clean
ok    1 commit(s)
ok    all changes within scope ["src/indicators/**","test/indicators/**"] (+ QA tests ["test/integration/indicators/**"])
ok    QA tests untouched by the dev
ok    no AI attribution in commits
----- verify: node --test test/indicators/countryRating.test.mjs
TAP version 13
# Subtest: AC-3: case and surrounding whitespace are ignored
ok 1 - AC-3: case and surrounding whitespace are ignored
  ---
  duration_ms: 1.316004
  type: 'test'
  ...
# Subtest: AC-4: invalid value \#0 as previous throws RangeError
ok 2 - AC-4: invalid value \#0 as previous throws RangeError
  ---
  duration_ms: 0.694576
  type: 'test'
  ...
# Subtest: AC-4: invalid value \#0 as current throws RangeError
ok 3 - AC-4: invalid value \#0 as current throws RangeError
  ---
  duration_ms: 0.151786
  type: 'test'
  ...
# Subtest: AC-4: invalid value \#1 as previous throws RangeError
ok 4 - AC-4: invalid value \#1 as previous throws RangeError
  ---
  duration_ms: 0.097092
  type: 'test'
  ...
# Subtest: AC-4: invalid value \#1 as current throws RangeError
ok 5 - AC-4: invalid value \#1 as current throws RangeError
  ---
  duration_ms: 0.100306
  type: 'test'
  ...
# Subtest: AC-4: invalid value \#2 as previous throws RangeError
ok 6 - AC-4: invalid value \#2 as previous throws RangeError
  ---
  duration_ms: 0.171231
  type: 'test'
  ...
# Subtest: AC-4: invalid value \#2 as current throws RangeError
ok 7 - AC-4: invalid value \#2 as current throws RangeError
  ---
  duration_ms: 1.922568
  type: 'test'
  ...
# Subtest: AC-4: invalid value \#3 as previous throws RangeError
ok 8 - AC-4: invalid value \#3 as previous throws RangeError
  ---
  duration_ms: 0.225122
  type: 'test'
  ...
# Subtest: AC-4: invalid value \#3 as current throws RangeError
ok 9 - AC-4: invalid value \#3 as current throws RangeError
  ---
  duration_ms: 0.573095
  type: 'test'
  ...
# Subtest: AC-4: invalid value \#4 as previous throws RangeError
ok 10 - AC-4: invalid value \#4 as previous throws RangeError
  ---
  duration_ms: 0.693637
  type: 'test'
  ...
# Subtest: AC-4: invalid value \#4 as current throws RangeError
ok 11 - AC-4: invalid value \#4 as current throws RangeError
  ---
  duration_ms: 0.301938
  type: 'test'
  ...
# Subtest: AC-4: invalid value \#5 as previous throws RangeError
ok 12 - AC-4: invalid value \#5 as previous throws RangeError
  ---
  duration_ms: 0.250023
  type: 'test'
  ...
# Subtest: AC-4: invalid value \#5 as current throws RangeError
ok 13 - AC-4: invalid value \#5 as current throws RangeError
  ---
  duration_ms: 0.132311
  type: 'test'
  ...
# Subtest: AC-4: invalid value \#6 as previous throws RangeError
ok 14 - AC-4: invalid value \#6 as previous throws RangeError
  ---
  duration_ms: 0.101943
  type: 'test'
  ...
# Subtest: AC-4: invalid value \#6 as current throws RangeError
ok 15 - AC-4: invalid value \#6 as current throws RangeError
  ---
  duration_ms: 0.11691
  type: 'test'
  ...
# Subtest: AC-4: invalid value \#7 as previous throws RangeError
ok 16 - AC-4: invalid value \#7 as previous throws RangeError
  ---
  duration_ms: 0.08647
  type: 'test'
  ...
# Subtest: AC-4: invalid value \#7 as current throws RangeError
ok 17 - AC-4: invalid value \#7 as current throws RangeError
  ---
  duration_ms: 0.102863
  type: 'test'
  ...
# Subtest: AC-4: invalid value \#8 as previous throws RangeError
ok 18 - AC-4: invalid value \#8 as previous throws RangeError
  ---
  duration_ms: 0.111652
  type: 'test'
  ...
# Subtest: AC-4: invalid value \#8 as current throws RangeError
ok 19 - AC-4: invalid value \#8 as current throws RangeError
  ---
  duration_ms: 0.080942
  type: 'test'
  ...
# Subtest: AC-4: invalid value \#9 as previous throws RangeError
ok 20 - AC-4: invalid value \#9 as previous throws RangeError
  ---
  duration_ms: 0.088818
  type: 'test'
  ...
# Subtest: AC-4: invalid value \#9 as current throws RangeError
ok 21 - AC-4: invalid value \#9 as current throws RangeError
  ---
  duration_ms: 0.100845
  type: 'test'
  ...
# Subtest: AC-4: invalid value \#10 as previous throws RangeError
ok 22 - AC-4: invalid value \#10 as previous throws RangeError
  ---
  duration_ms: 0.09862
  type: 'test'
  ...
# Subtest: AC-4: invalid value \#10 as current throws RangeError
ok 23 - AC-4: invalid value \#10 as current throws RangeError
  ---
  duration_ms: 0.117591
  type: 'test'
  ...
# Subtest: AC-4: invalid value \#11 as previous throws RangeError
ok 24 - AC-4: invalid value \#11 as previous throws RangeError
  ---
  duration_ms: 0.102445
  type: 'test'
  ...
# Subtest: AC-4: invalid value \#11 as current throws RangeError
ok 25 - AC-4: invalid value \#11 as current throws RangeError
  ---
  duration_ms: 0.093927
  type: 'test'
  ...
# Subtest: AC-4: invalid value \#12 as previous throws RangeError
ok 26 - AC-4: invalid value \#12 as previous throws RangeError
  ---
  duration_ms: 0.102615
  type: 'test'
  ...
# Subtest: AC-4: invalid value \#12 as current throws RangeError
ok 27 - AC-4: invalid value \#12 as current throws RangeError
  ---
  duration_ms: 0.071729
  type: 'test'
  ...
# Subtest: AC-4: invalid value \#13 as previous throws RangeError
ok 28 - AC-4: invalid value \#13 as previous throws RangeError
  ---
  duration_ms: 0.072612
  type: 'test'
  ...
# Subtest: AC-4: invalid value \#13 as current throws RangeError
ok 29 - AC-4: invalid value \#13 as current throws RangeError
  ---
  duration_ms: 0.100693
  type: 'test'
  ...
# Subtest: AC-4: invalid value \#14 as previous throws RangeError
ok 30 - AC-4: invalid value \#14 as previous throws RangeError
  ---
  duration_ms: 0.09676
  type: 'test'
  ...
# Subtest: AC-4: invalid value \#14 as current throws RangeError
ok 31 - AC-4: invalid value \#14 as current throws RangeError
  ---
  duration_ms: 0.083008
  type: 'test'
  ...
# Subtest: AC-4: invalid value \#15 as previous throws RangeError
ok 32 - AC-4: invalid value \#15 as previous throws RangeError
  ---
  duration_ms: 0.101828
  type: 'test'
  ...
# Subtest: AC-4: invalid value \#15 as current throws RangeError
ok 33 - AC-4: invalid value \#15 as current throws RangeError
  ---
  duration_ms: 0.077532
  type: 'test'
  ...
# Subtest: AC-4: invalid value \#16 as previous throws RangeError
ok 34 - AC-4: invalid value \#16 as previous throws RangeError
  ---
  duration_ms: 0.099062
  type: 'test'
  ...
# Subtest: AC-4: invalid value \#16 as current throws RangeError
ok 35 - AC-4: invalid value \#16 as current throws RangeError
  ---
  duration_ms: 0.189813
  type: 'test'
  ...
# Subtest: AC-4: invalid value \#17 as previous throws RangeError
ok 36 - AC-4: invalid value \#17 as previous throws RangeError
  ---
  duration_ms: 0.087186
  type: 'test'
  ...
# Subtest: AC-4: invalid value \#17 as current throws RangeError
ok 37 - AC-4: invalid value \#17 as current throws RangeError
  ---
  duration_ms: 0.063716
  type: 'test'
  ...
# Subtest: AC-4: the error comes from notchChange unchanged
ok 38 - AC-4: the error comes from notchChange unchanged
  ---
  duration_ms: 0.259641
  type: 'test'
  ...
# Subtest: AC-10: downgrades
ok 39 - AC-10: downgrades
  ---
  duration_ms: 0.20148
  type: 'test'
  ...
# Subtest: AC-11: upgrade or no change gives strictly 0
ok 40 - AC-11: upgrade or no change gives strictly 0
  ---
  duration_ms: 0.218122
  type: 'test'
  ...
# Subtest: AC-10/11: all 361 scale pairs follow the thresholds
ok 41 - AC-10/11: all 361 scale pairs follow the thresholds
  ---
  duration_ms: 1.731607
  type: 'test'
  ...
# Subtest: AC-11/C6: Ind. 12 thresholds differ from Ind. 13
ok 42 - AC-11/C6: Ind. 12 thresholds differ from Ind. 13
  ---
  duration_ms: 0.154533
  type: 'test'
  ...
# Subtest: AC-12: no state between calls
ok 43 - AC-12: no state between calls
  ---
  duration_ms: 0.063853
  type: 'test'
  ...
# Subtest: AC-12: two parameters, no override
ok 44 - AC-12: two parameters, no override
  ---
  duration_ms: 0.052994
  type: 'test'
  ...
# Subtest: AC-13: the only export is countryRatingChangeWl
ok 45 - AC-13: the only export is countryRatingChangeWl
  ---
  duration_ms: 0.8163
  type: 'test'
  ...
# Subtest: AC-13: the only import is notchChange from ../ratings/notch.mjs
ok 46 - AC-13: the only import is notchChange from ../ratings/notch.mjs
  ---
  duration_ms: 0.824944
  type: 'test'
  ...
# Subtest: AC-13/C8: synchronous result, not a Promise
ok 47 - AC-13/C8: synchronous result, not a Promise
  ---
  duration_ms: 0.392204
  type: 'test'
  ...
# Subtest: AC-13/C8: no console output
ok 48 - AC-13/C8: no console output
  ---
  duration_ms: 0.842198
  type: 'test'
  ...
# Subtest: AC-14: package.json has no dependencies or devDependencies
ok 49 - AC-14: package.json has no dependencies or devDependencies
  ---
  duration_ms: 0.301121
  type: 'test'
  ...
1..49
# tests 49
# suites 0
# pass 49
# fail 0
# cancelled 0
# skipped 0
# todo 0
# duration_ms 138.485959
ok    verify passed
