# qa_verify: node --test test/integration/indicators/*.test.mjs
TAP version 13
# Subtest: AC-3: case and surrounding whitespace are tolerated: ('ccc','CCC-') === 1
ok 1 - AC-3: case and surrounding whitespace are tolerated: ('ccc','CCC-') === 1
  ---
  duration_ms: 2.775914
  type: 'test'
  ...
# Subtest: AC-3: (' bbb+ ','\\tbbb\\n') === 1
ok 2 - AC-3: (' bbb+ ','\\tbbb\\n') === 1
  ---
  duration_ms: 0.221839
  type: 'test'
  ...
# Subtest: AC-3: (' aa','a- ') === 2
ok 3 - AC-3: (' aa','a- ') === 2
  ---
  duration_ms: 0.100327
  type: 'test'
  ...
# Subtest: AC-3 (X-trim): NBSP at either end is removed
ok 4 - AC-3 (X-trim): NBSP at either end is removed
  ---
  duration_ms: 0.092096
  type: 'test'
  ...
# Subtest: AC-4: invalid previous "" throws RangeError (not TypeError)
ok 5 - AC-4: invalid previous "" throws RangeError (not TypeError)
  ---
  duration_ms: 0.501103
  type: 'test'
  ...
# Subtest: AC-4: invalid current "" throws RangeError (not TypeError)
ok 6 - AC-4: invalid current "" throws RangeError (not TypeError)
  ---
  duration_ms: 0.174498
  type: 'test'
  ...
# Subtest: AC-4: invalid previous "   " throws RangeError (not TypeError)
ok 7 - AC-4: invalid previous "   " throws RangeError (not TypeError)
  ---
  duration_ms: 0.083175
  type: 'test'
  ...
# Subtest: AC-4: invalid current "   " throws RangeError (not TypeError)
ok 8 - AC-4: invalid current "   " throws RangeError (not TypeError)
  ---
  duration_ms: 0.079493
  type: 'test'
  ...
# Subtest: AC-4: invalid previous "BBB++" throws RangeError (not TypeError)
ok 9 - AC-4: invalid previous "BBB++" throws RangeError (not TypeError)
  ---
  duration_ms: 0.277897
  type: 'test'
  ...
# Subtest: AC-4: invalid current "BBB++" throws RangeError (not TypeError)
ok 10 - AC-4: invalid current "BBB++" throws RangeError (not TypeError)
  ---
  duration_ms: 0.310224
  type: 'test'
  ...
# Subtest: AC-4: invalid previous "D" throws RangeError (not TypeError)
ok 11 - AC-4: invalid previous "D" throws RangeError (not TypeError)
  ---
  duration_ms: 0.131871
  type: 'test'
  ...
# Subtest: AC-4: invalid current "D" throws RangeError (not TypeError)
ok 12 - AC-4: invalid current "D" throws RangeError (not TypeError)
  ---
  duration_ms: 0.065108
  type: 'test'
  ...
# Subtest: AC-4: invalid previous "NR" throws RangeError (not TypeError)
ok 13 - AC-4: invalid previous "NR" throws RangeError (not TypeError)
  ---
  duration_ms: 0.108485
  type: 'test'
  ...
# Subtest: AC-4: invalid current "NR" throws RangeError (not TypeError)
ok 14 - AC-4: invalid current "NR" throws RangeError (not TypeError)
  ---
  duration_ms: 0.064954
  type: 'test'
  ...
# Subtest: AC-4: invalid previous "Baa1" throws RangeError (not TypeError)
ok 15 - AC-4: invalid previous "Baa1" throws RangeError (not TypeError)
  ---
  duration_ms: 0.044984
  type: 'test'
  ...
# Subtest: AC-4: invalid current "Baa1" throws RangeError (not TypeError)
ok 16 - AC-4: invalid current "Baa1" throws RangeError (not TypeError)
  ---
  duration_ms: 0.061843
  type: 'test'
  ...
# Subtest: AC-4: invalid previous "AAA+" throws RangeError (not TypeError)
ok 17 - AC-4: invalid previous "AAA+" throws RangeError (not TypeError)
  ---
  duration_ms: 0.042927
  type: 'test'
  ...
# Subtest: AC-4: invalid current "AAA+" throws RangeError (not TypeError)
ok 18 - AC-4: invalid current "AAA+" throws RangeError (not TypeError)
  ---
  duration_ms: 0.042
  type: 'test'
  ...
# Subtest: AC-4: invalid previous "CCC--" throws RangeError (not TypeError)
ok 19 - AC-4: invalid previous "CCC--" throws RangeError (not TypeError)
  ---
  duration_ms: 0.080418
  type: 'test'
  ...
# Subtest: AC-4: invalid current "CCC--" throws RangeError (not TypeError)
ok 20 - AC-4: invalid current "CCC--" throws RangeError (not TypeError)
  ---
  duration_ms: 0.050116
  type: 'test'
  ...
# Subtest: AC-4: invalid previous "BBB +" throws RangeError (not TypeError)
ok 21 - AC-4: invalid previous "BBB +" throws RangeError (not TypeError)
  ---
  duration_ms: 0.040533
  type: 'test'
  ...
# Subtest: AC-4: invalid current "BBB +" throws RangeError (not TypeError)
ok 22 - AC-4: invalid current "BBB +" throws RangeError (not TypeError)
  ---
  duration_ms: 0.04325
  type: 'test'
  ...
# Subtest: AC-4: invalid previous "B B" throws RangeError (not TypeError)
ok 23 - AC-4: invalid previous "B B" throws RangeError (not TypeError)
  ---
  duration_ms: 0.041046
  type: 'test'
  ...
# Subtest: AC-4: invalid current "B B" throws RangeError (not TypeError)
ok 24 - AC-4: invalid current "B B" throws RangeError (not TypeError)
  ---
  duration_ms: 0.04303
  type: 'test'
  ...
# Subtest: AC-4: invalid previous null throws RangeError (not TypeError)
ok 25 - AC-4: invalid previous null throws RangeError (not TypeError)
  ---
  duration_ms: 0.040023
  type: 'test'
  ...
# Subtest: AC-4: invalid current null throws RangeError (not TypeError)
ok 26 - AC-4: invalid current null throws RangeError (not TypeError)
  ---
  duration_ms: 0.037961
  type: 'test'
  ...
# Subtest: AC-4: invalid previous undefined throws RangeError (not TypeError)
ok 27 - AC-4: invalid previous undefined throws RangeError (not TypeError)
  ---
  duration_ms: 0.038548
  type: 'test'
  ...
# Subtest: AC-4: invalid current undefined throws RangeError (not TypeError)
ok 28 - AC-4: invalid current undefined throws RangeError (not TypeError)
  ---
  duration_ms: 0.074068
  type: 'test'
  ...
# Subtest: AC-4: invalid previous 7 throws RangeError (not TypeError)
ok 29 - AC-4: invalid previous 7 throws RangeError (not TypeError)
  ---
  duration_ms: 0.045253
  type: 'test'
  ...
# Subtest: AC-4: invalid current 7 throws RangeError (not TypeError)
ok 30 - AC-4: invalid current 7 throws RangeError (not TypeError)
  ---
  duration_ms: 0.041354
  type: 'test'
  ...
# Subtest: AC-4: invalid previous {} throws RangeError (not TypeError)
ok 31 - AC-4: invalid previous {} throws RangeError (not TypeError)
  ---
  duration_ms: 0.040791
  type: 'test'
  ...
# Subtest: AC-4: invalid current {} throws RangeError (not TypeError)
ok 32 - AC-4: invalid current {} throws RangeError (not TypeError)
  ---
  duration_ms: 0.037703
  type: 'test'
  ...
# Subtest: AC-4: invalid previous [] throws RangeError (not TypeError)
ok 33 - AC-4: invalid previous [] throws RangeError (not TypeError)
  ---
  duration_ms: 0.048737
  type: 'test'
  ...
# Subtest: AC-4: invalid current [] throws RangeError (not TypeError)
ok 34 - AC-4: invalid current [] throws RangeError (not TypeError)
  ---
  duration_ms: 0.04004
  type: 'test'
  ...
# Subtest: AC-4: the error is the one notchChange throws, unchanged (same class, same message)
ok 35 - AC-4: the error is the one notchChange throws, unchanged (same class, same message)
  ---
  duration_ms: 1.554846
  type: 'test'
  ...
# Subtest: AC-4 edge: new String('AAA'), U+2212 and U+2013 minus look-alikes throw RangeError
ok 36 - AC-4 edge: new String('AAA'), U+2212 and U+2013 minus look-alikes throw RangeError
  ---
  duration_ms: 0.287919
  type: 'test'
  ...
# Subtest: AC-10: BBB+ -> BBB gives WL 1
ok 37 - AC-10: BBB+ -> BBB gives WL 1
  ---
  duration_ms: 0.076441
  type: 'test'
  ...
# Subtest: AC-10: BBB+ -> BBB- gives WL 2
ok 38 - AC-10: BBB+ -> BBB- gives WL 2
  ---
  duration_ms: 0.039507
  type: 'test'
  ...
# Subtest: AC-10: BBB+ -> BB+ gives WL 2
ok 39 - AC-10: BBB+ -> BB+ gives WL 2
  ---
  duration_ms: 0.033274
  type: 'test'
  ...
# Subtest: AC-10: AAA -> CCC- gives WL 2
ok 40 - AC-10: AAA -> CCC- gives WL 2
  ---
  duration_ms: 0.033374
  type: 'test'
  ...
# Subtest: AC-10: CCC -> CCC- gives WL 1
ok 41 - AC-10: CCC -> CCC- gives WL 1
  ---
  duration_ms: 0.08462
  type: 'test'
  ...
# Subtest: AC-10: AAA -> AA+ gives WL 1
ok 42 - AC-10: AAA -> AA+ gives WL 1
  ---
  duration_ms: 0.098243
  type: 'test'
  ...
# Subtest: AC-10: AA -> A- gives WL 2
ok 43 - AC-10: AA -> A- gives WL 2
  ---
  duration_ms: 0.063454
  type: 'test'
  ...
# Subtest: AC-10: AA -> AA- gives WL 1
ok 44 - AC-10: AA -> AA- gives WL 1
  ---
  duration_ms: 0.06205
  type: 'test'
  ...
# Subtest: AC-11: BBB -> BBB+ (upgrade or unchanged) is strictly 0
ok 45 - AC-11: BBB -> BBB+ (upgrade or unchanged) is strictly 0
  ---
  duration_ms: 0.167113
  type: 'test'
  ...
# Subtest: AC-11: CCC- -> AAA (upgrade or unchanged) is strictly 0
ok 46 - AC-11: CCC- -> AAA (upgrade or unchanged) is strictly 0
  ---
  duration_ms: 0.067909
  type: 'test'
  ...
# Subtest: AC-11: A -> A (upgrade or unchanged) is strictly 0
ok 47 - AC-11: A -> A (upgrade or unchanged) is strictly 0
  ---
  duration_ms: 0.057205
  type: 'test'
  ...
# Subtest: AC-11: AAA -> AAA (upgrade or unchanged) is strictly 0
ok 48 - AC-11: AAA -> AAA (upgrade or unchanged) is strictly 0
  ---
  duration_ms: 0.067102
  type: 'test'
  ...
# Subtest: AC-11: CCC- -> CCC- (upgrade or unchanged) is strictly 0
ok 49 - AC-11: CCC- -> CCC- (upgrade or unchanged) is strictly 0
  ---
  duration_ms: 0.057808
  type: 'test'
  ...
# Subtest: AC-10/AC-11: all 361 pairs: result in [0,1,2], 0 if n<=0, 1 if n===1, 2 if n>=2
ok 50 - AC-10/AC-11: all 361 pairs: result in [0,1,2], 0 if n<=0, 1 if n===1, 2 if n>=2
  ---
  duration_ms: 0.61965
  type: 'test'
  ...
# Subtest: AC-10/AC-11 edge: n = -1, 0, 1, 2, 3, 18 fall in the right band
ok 51 - AC-10/AC-11 edge: n = -1, 0, 1, 2, 3, 18 fall in the right band
  ---
  duration_ms: 0.134409
  type: 'test'
  ...
# Subtest: AC-11: ('BBB+','BBB') is 1 for Ind. 12 while notchCalculator().wl is 0 (different thresholds)
ok 52 - AC-11: ('BBB+','BBB') is 1 for Ind. 12 while notchCalculator().wl is 0 (different thresholds)
  ---
  duration_ms: 0.111614
  type: 'test'
  ...
# Subtest: AC-11: contrast table: Ind. 12 vs notchCalculator().wl on spec test data
ok 53 - AC-11: contrast table: Ind. 12 vs notchCalculator().wl on spec test data
  ---
  duration_ms: 0.176261
  type: 'test'
  ...
# Subtest: AC-12: edited current value is honoured and the original pair is unaffected afterwards
ok 54 - AC-12: edited current value is honoured and the original pair is unaffected afterwards
  ---
  duration_ms: 0.057019
  type: 'test'
  ...
# Subtest: AC-12: interleaved calls in any order give identical results (no state)
ok 55 - AC-12: interleaved calls in any order give identical results (no state)
  ---
  duration_ms: 0.196395
  type: 'test'
  ...
# Subtest: AC-12: a failing call does not poison later calls
ok 56 - AC-12: a failing call does not poison later calls
  ---
  duration_ms: 0.079612
  type: 'test'
  ...
# Subtest: AC-12: signature takes exactly two parameters and ignores a third argument
ok 57 - AC-12: signature takes exactly two parameters and ignores a third argument
  ---
  duration_ms: 0.050513
  type: 'test'
  ...
# Subtest: AC-13: module exports exactly ['countryRatingChangeWl'] and no default export
ok 58 - AC-13: module exports exactly ['countryRatingChangeWl'] and no default export
  ---
  duration_ms: 0.784264
  type: 'test'
  ...
# Subtest: AC-13: the only import is notchChange from ../ratings/notch.mjs; no I/O modules
ok 59 - AC-13: the only import is notchChange from ../ratings/notch.mjs; no I/O modules
  ---
  duration_ms: 0.85349
  type: 'test'
  ...
# Subtest: AC-13: valid input returns a plain number, not a Promise: ('BBB+','BB+') === 2
ok 60 - AC-13: valid input returns a plain number, not a Promise: ('BBB+','BB+') === 2
  ---
  duration_ms: 0.133593
  type: 'test'
  ...
# Subtest: AC-13: invalid input throws synchronously (no rejected Promise)
ok 61 - AC-13: invalid input throws synchronously (no rejected Promise)
  ---
  duration_ms: 0.099596
  type: 'test'
  ...
# Subtest: AC-13: no console.log / console.error / console.warn output on valid or invalid input
ok 62 - AC-13: no console.log / console.error / console.warn output on valid or invalid input
  ---
  duration_ms: 0.702262
  type: 'test'
  ...
# Subtest: AC-13: calls write nothing to process.stdout / process.stderr
ok 63 - AC-13: calls write nothing to process.stdout / process.stderr
  ---
  duration_ms: 0.145209
  type: 'test'
  ...
# Subtest: AC-13: src/indicators/countryRating.mjs does not use notchCalculator (Ind. 13 thresholds)
ok 64 - AC-13: src/indicators/countryRating.mjs does not use notchCalculator (Ind. 13 thresholds)
  ---
  duration_ms: 0.240345
  type: 'test'
  ...
# Subtest: AC-14: package.json has no dependencies and no devDependencies
ok 65 - AC-14: package.json has no dependencies and no devDependencies
  ---
  duration_ms: 0.195548
  type: 'test'
  ...
# Subtest: AC-14: unit test files for both modules exist at the contract paths
ok 66 - AC-14: unit test files for both modules exist at the contract paths
  ---
  duration_ms: 0.284063
  type: 'test'
  ...
1..66
# tests 66
# suites 0
# pass 66
# fail 0
# cancelled 0
# skipped 0
# todo 0
# duration_ms 110.709634
