TAP version 13
# Subtest: AC-3: case and surrounding whitespace are ignored
ok 1 - AC-3: case and surrounding whitespace are ignored
  ---
  duration_ms: 1.317629
  type: 'test'
  ...
# Subtest: AC-4: invalid value \#0 as previous throws RangeError
ok 2 - AC-4: invalid value \#0 as previous throws RangeError
  ---
  duration_ms: 1.128507
  type: 'test'
  ...
# Subtest: AC-4: invalid value \#0 as current throws RangeError
ok 3 - AC-4: invalid value \#0 as current throws RangeError
  ---
  duration_ms: 0.160396
  type: 'test'
  ...
# Subtest: AC-4: invalid value \#1 as previous throws RangeError
ok 4 - AC-4: invalid value \#1 as previous throws RangeError
  ---
  duration_ms: 0.127824
  type: 'test'
  ...
# Subtest: AC-4: invalid value \#1 as current throws RangeError
ok 5 - AC-4: invalid value \#1 as current throws RangeError
  ---
  duration_ms: 0.099362
  type: 'test'
  ...
# Subtest: AC-4: invalid value \#2 as previous throws RangeError
ok 6 - AC-4: invalid value \#2 as previous throws RangeError
  ---
  duration_ms: 0.090504
  type: 'test'
  ...
# Subtest: AC-4: invalid value \#2 as current throws RangeError
ok 7 - AC-4: invalid value \#2 as current throws RangeError
  ---
  duration_ms: 1.613637
  type: 'test'
  ...
# Subtest: AC-4: invalid value \#3 as previous throws RangeError
ok 8 - AC-4: invalid value \#3 as previous throws RangeError
  ---
  duration_ms: 0.125342
  type: 'test'
  ...
# Subtest: AC-4: invalid value \#3 as current throws RangeError
ok 9 - AC-4: invalid value \#3 as current throws RangeError
  ---
  duration_ms: 0.430304
  type: 'test'
  ...
# Subtest: AC-4: invalid value \#4 as previous throws RangeError
ok 10 - AC-4: invalid value \#4 as previous throws RangeError
  ---
  duration_ms: 1.014826
  type: 'test'
  ...
# Subtest: AC-4: invalid value \#4 as current throws RangeError
ok 11 - AC-4: invalid value \#4 as current throws RangeError
  ---
  duration_ms: 0.213577
  type: 'test'
  ...
# Subtest: AC-4: invalid value \#5 as previous throws RangeError
ok 12 - AC-4: invalid value \#5 as previous throws RangeError
  ---
  duration_ms: 0.092859
  type: 'test'
  ...
# Subtest: AC-4: invalid value \#5 as current throws RangeError
ok 13 - AC-4: invalid value \#5 as current throws RangeError
  ---
  duration_ms: 0.0787
  type: 'test'
  ...
# Subtest: AC-4: invalid value \#6 as previous throws RangeError
ok 14 - AC-4: invalid value \#6 as previous throws RangeError
  ---
  duration_ms: 0.063355
  type: 'test'
  ...
# Subtest: AC-4: invalid value \#6 as current throws RangeError
ok 15 - AC-4: invalid value \#6 as current throws RangeError
  ---
  duration_ms: 0.077226
  type: 'test'
  ...
# Subtest: AC-4: invalid value \#7 as previous throws RangeError
ok 16 - AC-4: invalid value \#7 as previous throws RangeError
  ---
  duration_ms: 0.067406
  type: 'test'
  ...
# Subtest: AC-4: invalid value \#7 as current throws RangeError
ok 17 - AC-4: invalid value \#7 as current throws RangeError
  ---
  duration_ms: 0.063432
  type: 'test'
  ...
# Subtest: AC-4: invalid value \#8 as previous throws RangeError
ok 18 - AC-4: invalid value \#8 as previous throws RangeError
  ---
  duration_ms: 0.063848
  type: 'test'
  ...
# Subtest: AC-4: invalid value \#8 as current throws RangeError
ok 19 - AC-4: invalid value \#8 as current throws RangeError
  ---
  duration_ms: 0.0608
  type: 'test'
  ...
# Subtest: AC-4: invalid value \#9 as previous throws RangeError
ok 20 - AC-4: invalid value \#9 as previous throws RangeError
  ---
  duration_ms: 0.063234
  type: 'test'
  ...
# Subtest: AC-4: invalid value \#9 as current throws RangeError
ok 21 - AC-4: invalid value \#9 as current throws RangeError
  ---
  duration_ms: 0.060079
  type: 'test'
  ...
# Subtest: AC-4: invalid value \#10 as previous throws RangeError
ok 22 - AC-4: invalid value \#10 as previous throws RangeError
  ---
  duration_ms: 0.071193
  type: 'test'
  ...
# Subtest: AC-4: invalid value \#10 as current throws RangeError
ok 23 - AC-4: invalid value \#10 as current throws RangeError
  ---
  duration_ms: 0.05947
  type: 'test'
  ...
# Subtest: AC-4: invalid value \#11 as previous throws RangeError
ok 24 - AC-4: invalid value \#11 as previous throws RangeError
  ---
  duration_ms: 0.059765
  type: 'test'
  ...
# Subtest: AC-4: invalid value \#11 as current throws RangeError
ok 25 - AC-4: invalid value \#11 as current throws RangeError
  ---
  duration_ms: 0.059618
  type: 'test'
  ...
# Subtest: AC-4: invalid value \#12 as previous throws RangeError
ok 26 - AC-4: invalid value \#12 as previous throws RangeError
  ---
  duration_ms: 0.103596
  type: 'test'
  ...
# Subtest: AC-4: invalid value \#12 as current throws RangeError
ok 27 - AC-4: invalid value \#12 as current throws RangeError
  ---
  duration_ms: 0.069558
  type: 'test'
  ...
# Subtest: AC-4: invalid value \#13 as previous throws RangeError
ok 28 - AC-4: invalid value \#13 as previous throws RangeError
  ---
  duration_ms: 0.061568
  type: 'test'
  ...
# Subtest: AC-4: invalid value \#13 as current throws RangeError
ok 29 - AC-4: invalid value \#13 as current throws RangeError
  ---
  duration_ms: 0.083454
  type: 'test'
  ...
# Subtest: AC-4: invalid value \#14 as previous throws RangeError
ok 30 - AC-4: invalid value \#14 as previous throws RangeError
  ---
  duration_ms: 0.06425
  type: 'test'
  ...
# Subtest: AC-4: invalid value \#14 as current throws RangeError
ok 31 - AC-4: invalid value \#14 as current throws RangeError
  ---
  duration_ms: 0.060837
  type: 'test'
  ...
# Subtest: AC-4: invalid value \#15 as previous throws RangeError
ok 32 - AC-4: invalid value \#15 as previous throws RangeError
  ---
  duration_ms: 0.059362
  type: 'test'
  ...
# Subtest: AC-4: invalid value \#15 as current throws RangeError
ok 33 - AC-4: invalid value \#15 as current throws RangeError
  ---
  duration_ms: 0.071676
  type: 'test'
  ...
# Subtest: AC-4: invalid value \#16 as previous throws RangeError
ok 34 - AC-4: invalid value \#16 as previous throws RangeError
  ---
  duration_ms: 0.073064
  type: 'test'
  ...
# Subtest: AC-4: invalid value \#16 as current throws RangeError
ok 35 - AC-4: invalid value \#16 as current throws RangeError
  ---
  duration_ms: 0.154663
  type: 'test'
  ...
# Subtest: AC-4: invalid value \#17 as previous throws RangeError
ok 36 - AC-4: invalid value \#17 as previous throws RangeError
  ---
  duration_ms: 0.132531
  type: 'test'
  ...
# Subtest: AC-4: invalid value \#17 as current throws RangeError
ok 37 - AC-4: invalid value \#17 as current throws RangeError
  ---
  duration_ms: 0.074634
  type: 'test'
  ...
# Subtest: AC-4: the error comes from notchChange unchanged
ok 38 - AC-4: the error comes from notchChange unchanged
  ---
  duration_ms: 0.15478
  type: 'test'
  ...
# Subtest: AC-10: downgrades
ok 39 - AC-10: downgrades
  ---
  duration_ms: 0.474895
  type: 'test'
  ...
# Subtest: AC-11: upgrade or no change gives strictly 0
ok 40 - AC-11: upgrade or no change gives strictly 0
  ---
  duration_ms: 0.168289
  type: 'test'
  ...
# Subtest: AC-10/11: all 361 scale pairs follow the thresholds
ok 41 - AC-10/11: all 361 scale pairs follow the thresholds
  ---
  duration_ms: 1.705877
  type: 'test'
  ...
# Subtest: AC-11/C6: Ind. 12 thresholds differ from Ind. 13
ok 42 - AC-11/C6: Ind. 12 thresholds differ from Ind. 13
  ---
  duration_ms: 0.237735
  type: 'test'
  ...
# Subtest: AC-12: no state between calls
ok 43 - AC-12: no state between calls
  ---
  duration_ms: 0.104719
  type: 'test'
  ...
# Subtest: AC-12: two parameters, no override
ok 44 - AC-12: two parameters, no override
  ---
  duration_ms: 0.093957
  type: 'test'
  ...
# Subtest: AC-13: the only export is countryRatingChangeWl
ok 45 - AC-13: the only export is countryRatingChangeWl
  ---
  duration_ms: 1.078042
  type: 'test'
  ...
# Subtest: AC-13: the only import is notchChange from ../ratings/notch.mjs
ok 46 - AC-13: the only import is notchChange from ../ratings/notch.mjs
  ---
  duration_ms: 0.77974
  type: 'test'
  ...
# Subtest: AC-13/C8: synchronous result, not a Promise
ok 47 - AC-13/C8: synchronous result, not a Promise
  ---
  duration_ms: 0.97427
  type: 'test'
  ...
# Subtest: AC-13/C8: no console output
ok 48 - AC-13/C8: no console output
  ---
  duration_ms: 0.566895
  type: 'test'
  ...
# Subtest: AC-14: package.json has no dependencies or devDependencies
ok 49 - AC-14: package.json has no dependencies or devDependencies
  ---
  duration_ms: 0.211591
  type: 'test'
  ...
# Subtest: AC-3: case and surrounding whitespace are tolerated: ('ccc','CCC-') === 1
ok 50 - AC-3: case and surrounding whitespace are tolerated: ('ccc','CCC-') === 1
  ---
  duration_ms: 3.119414
  type: 'test'
  ...
# Subtest: AC-3: (' bbb+ ','\\tbbb\\n') === 1
ok 51 - AC-3: (' bbb+ ','\\tbbb\\n') === 1
  ---
  duration_ms: 0.367106
  type: 'test'
  ...
# Subtest: AC-3: (' aa','a- ') === 2
ok 52 - AC-3: (' aa','a- ') === 2
  ---
  duration_ms: 0.153369
  type: 'test'
  ...
# Subtest: AC-3 (X-trim): NBSP at either end is removed
ok 53 - AC-3 (X-trim): NBSP at either end is removed
  ---
  duration_ms: 0.131939
  type: 'test'
  ...
# Subtest: AC-4: invalid previous "" throws RangeError (not TypeError)
ok 54 - AC-4: invalid previous "" throws RangeError (not TypeError)
  ---
  duration_ms: 0.649081
  type: 'test'
  ...
# Subtest: AC-4: invalid current "" throws RangeError (not TypeError)
ok 55 - AC-4: invalid current "" throws RangeError (not TypeError)
  ---
  duration_ms: 0.218571
  type: 'test'
  ...
# Subtest: AC-4: invalid previous "   " throws RangeError (not TypeError)
ok 56 - AC-4: invalid previous "   " throws RangeError (not TypeError)
  ---
  duration_ms: 0.112256
  type: 'test'
  ...
# Subtest: AC-4: invalid current "   " throws RangeError (not TypeError)
ok 57 - AC-4: invalid current "   " throws RangeError (not TypeError)
  ---
  duration_ms: 0.122397
  type: 'test'
  ...
# Subtest: AC-4: invalid previous "BBB++" throws RangeError (not TypeError)
ok 58 - AC-4: invalid previous "BBB++" throws RangeError (not TypeError)
  ---
  duration_ms: 0.400371
  type: 'test'
  ...
# Subtest: AC-4: invalid current "BBB++" throws RangeError (not TypeError)
ok 59 - AC-4: invalid current "BBB++" throws RangeError (not TypeError)
  ---
  duration_ms: 0.332615
  type: 'test'
  ...
# Subtest: AC-4: invalid previous "D" throws RangeError (not TypeError)
ok 60 - AC-4: invalid previous "D" throws RangeError (not TypeError)
  ---
  duration_ms: 0.222523
  type: 'test'
  ...
# Subtest: AC-4: invalid current "D" throws RangeError (not TypeError)
ok 61 - AC-4: invalid current "D" throws RangeError (not TypeError)
  ---
  duration_ms: 0.099702
  type: 'test'
  ...
# Subtest: AC-4: invalid previous "NR" throws RangeError (not TypeError)
ok 62 - AC-4: invalid previous "NR" throws RangeError (not TypeError)
  ---
  duration_ms: 0.307204
  type: 'test'
  ...
# Subtest: AC-4: invalid current "NR" throws RangeError (not TypeError)
ok 63 - AC-4: invalid current "NR" throws RangeError (not TypeError)
  ---
  duration_ms: 0.128885
  type: 'test'
  ...
# Subtest: AC-4: invalid previous "Baa1" throws RangeError (not TypeError)
ok 64 - AC-4: invalid previous "Baa1" throws RangeError (not TypeError)
  ---
  duration_ms: 0.075272
  type: 'test'
  ...
# Subtest: AC-4: invalid current "Baa1" throws RangeError (not TypeError)
ok 65 - AC-4: invalid current "Baa1" throws RangeError (not TypeError)
  ---
  duration_ms: 0.054254
  type: 'test'
  ...
# Subtest: AC-4: invalid previous "AAA+" throws RangeError (not TypeError)
ok 66 - AC-4: invalid previous "AAA+" throws RangeError (not TypeError)
  ---
  duration_ms: 0.041665
  type: 'test'
  ...
# Subtest: AC-4: invalid current "AAA+" throws RangeError (not TypeError)
ok 67 - AC-4: invalid current "AAA+" throws RangeError (not TypeError)
  ---
  duration_ms: 0.096241
  type: 'test'
  ...
# Subtest: AC-4: invalid previous "CCC--" throws RangeError (not TypeError)
ok 68 - AC-4: invalid previous "CCC--" throws RangeError (not TypeError)
  ---
  duration_ms: 0.112798
  type: 'test'
  ...
# Subtest: AC-4: invalid current "CCC--" throws RangeError (not TypeError)
ok 69 - AC-4: invalid current "CCC--" throws RangeError (not TypeError)
  ---
  duration_ms: 0.054971
  type: 'test'
  ...
# Subtest: AC-4: invalid previous "BBB +" throws RangeError (not TypeError)
ok 70 - AC-4: invalid previous "BBB +" throws RangeError (not TypeError)
  ---
  duration_ms: 0.047578
  type: 'test'
  ...
# Subtest: AC-4: invalid current "BBB +" throws RangeError (not TypeError)
ok 71 - AC-4: invalid current "BBB +" throws RangeError (not TypeError)
  ---
  duration_ms: 0.045154
  type: 'test'
  ...
# Subtest: AC-4: invalid previous "B B" throws RangeError (not TypeError)
ok 72 - AC-4: invalid previous "B B" throws RangeError (not TypeError)
  ---
  duration_ms: 0.042927
  type: 'test'
  ...
# Subtest: AC-4: invalid current "B B" throws RangeError (not TypeError)
ok 73 - AC-4: invalid current "B B" throws RangeError (not TypeError)
  ---
  duration_ms: 0.040537
  type: 'test'
  ...
# Subtest: AC-4: invalid previous null throws RangeError (not TypeError)
ok 74 - AC-4: invalid previous null throws RangeError (not TypeError)
  ---
  duration_ms: 0.040809
  type: 'test'
  ...
# Subtest: AC-4: invalid current null throws RangeError (not TypeError)
ok 75 - AC-4: invalid current null throws RangeError (not TypeError)
  ---
  duration_ms: 0.037843
  type: 'test'
  ...
# Subtest: AC-4: invalid previous undefined throws RangeError (not TypeError)
ok 76 - AC-4: invalid previous undefined throws RangeError (not TypeError)
  ---
  duration_ms: 0.04228
  type: 'test'
  ...
# Subtest: AC-4: invalid current undefined throws RangeError (not TypeError)
ok 77 - AC-4: invalid current undefined throws RangeError (not TypeError)
  ---
  duration_ms: 0.039869
  type: 'test'
  ...
# Subtest: AC-4: invalid previous 7 throws RangeError (not TypeError)
ok 78 - AC-4: invalid previous 7 throws RangeError (not TypeError)
  ---
  duration_ms: 0.049708
  type: 'test'
  ...
# Subtest: AC-4: invalid current 7 throws RangeError (not TypeError)
ok 79 - AC-4: invalid current 7 throws RangeError (not TypeError)
  ---
  duration_ms: 0.044405
  type: 'test'
  ...
# Subtest: AC-4: invalid previous {} throws RangeError (not TypeError)
ok 80 - AC-4: invalid previous {} throws RangeError (not TypeError)
  ---
  duration_ms: 0.040625
  type: 'test'
  ...
# Subtest: AC-4: invalid current {} throws RangeError (not TypeError)
ok 81 - AC-4: invalid current {} throws RangeError (not TypeError)
  ---
  duration_ms: 0.038662
  type: 'test'
  ...
# Subtest: AC-4: invalid previous [] throws RangeError (not TypeError)
ok 82 - AC-4: invalid previous [] throws RangeError (not TypeError)
  ---
  duration_ms: 0.039353
  type: 'test'
  ...
# Subtest: AC-4: invalid current [] throws RangeError (not TypeError)
ok 83 - AC-4: invalid current [] throws RangeError (not TypeError)
  ---
  duration_ms: 0.076012
  type: 'test'
  ...
# Subtest: AC-4: the error is the one notchChange throws, unchanged (same class, same message)
ok 84 - AC-4: the error is the one notchChange throws, unchanged (same class, same message)
  ---
  duration_ms: 1.321453
  type: 'test'
  ...
# Subtest: AC-4 edge: new String('AAA'), U+2212 and U+2013 minus look-alikes throw RangeError
ok 85 - AC-4 edge: new String('AAA'), U+2212 and U+2013 minus look-alikes throw RangeError
  ---
  duration_ms: 0.224975
  type: 'test'
  ...
# Subtest: AC-10: BBB+ -> BBB gives WL 1
ok 86 - AC-10: BBB+ -> BBB gives WL 1
  ---
  duration_ms: 0.06106
  type: 'test'
  ...
# Subtest: AC-10: BBB+ -> BBB- gives WL 2
ok 87 - AC-10: BBB+ -> BBB- gives WL 2
  ---
  duration_ms: 0.04252
  type: 'test'
  ...
# Subtest: AC-10: BBB+ -> BB+ gives WL 2
ok 88 - AC-10: BBB+ -> BB+ gives WL 2
  ---
  duration_ms: 0.050072
  type: 'test'
  ...
# Subtest: AC-10: AAA -> CCC- gives WL 2
ok 89 - AC-10: AAA -> CCC- gives WL 2
  ---
  duration_ms: 0.054864
  type: 'test'
  ...
# Subtest: AC-10: CCC -> CCC- gives WL 1
ok 90 - AC-10: CCC -> CCC- gives WL 1
  ---
  duration_ms: 0.207929
  type: 'test'
  ...
# Subtest: AC-10: AAA -> AA+ gives WL 1
ok 91 - AC-10: AAA -> AA+ gives WL 1
  ---
  duration_ms: 0.924237
  type: 'test'
  ...
# Subtest: AC-10: AA -> A- gives WL 2
ok 92 - AC-10: AA -> A- gives WL 2
  ---
  duration_ms: 0.091202
  type: 'test'
  ...
# Subtest: AC-10: AA -> AA- gives WL 1
ok 93 - AC-10: AA -> AA- gives WL 1
  ---
  duration_ms: 0.068586
  type: 'test'
  ...
# Subtest: AC-11: BBB -> BBB+ (upgrade or unchanged) is strictly 0
ok 94 - AC-11: BBB -> BBB+ (upgrade or unchanged) is strictly 0
  ---
  duration_ms: 0.114766
  type: 'test'
  ...
# Subtest: AC-11: CCC- -> AAA (upgrade or unchanged) is strictly 0
ok 95 - AC-11: CCC- -> AAA (upgrade or unchanged) is strictly 0
  ---
  duration_ms: 0.05146
  type: 'test'
  ...
# Subtest: AC-11: A -> A (upgrade or unchanged) is strictly 0
ok 96 - AC-11: A -> A (upgrade or unchanged) is strictly 0
  ---
  duration_ms: 0.050007
  type: 'test'
  ...
# Subtest: AC-11: AAA -> AAA (upgrade or unchanged) is strictly 0
ok 97 - AC-11: AAA -> AAA (upgrade or unchanged) is strictly 0
  ---
  duration_ms: 0.048293
  type: 'test'
  ...
# Subtest: AC-11: CCC- -> CCC- (upgrade or unchanged) is strictly 0
ok 98 - AC-11: CCC- -> CCC- (upgrade or unchanged) is strictly 0
  ---
  duration_ms: 0.049131
  type: 'test'
  ...
# Subtest: AC-10/AC-11: all 361 pairs: result in [0,1,2], 0 if n<=0, 1 if n===1, 2 if n>=2
ok 99 - AC-10/AC-11: all 361 pairs: result in [0,1,2], 0 if n<=0, 1 if n===1, 2 if n>=2
  ---
  duration_ms: 0.836942
  type: 'test'
  ...
# Subtest: AC-10/AC-11 edge: n = -1, 0, 1, 2, 3, 18 fall in the right band
ok 100 - AC-10/AC-11 edge: n = -1, 0, 1, 2, 3, 18 fall in the right band
  ---
  duration_ms: 0.208637
  type: 'test'
  ...
# Subtest: AC-11: ('BBB+','BBB') is 1 for Ind. 12 while notchCalculator().wl is 0 (different thresholds)
ok 101 - AC-11: ('BBB+','BBB') is 1 for Ind. 12 while notchCalculator().wl is 0 (different thresholds)
  ---
  duration_ms: 0.177561
  type: 'test'
  ...
# Subtest: AC-11: contrast table: Ind. 12 vs notchCalculator().wl on spec test data
ok 102 - AC-11: contrast table: Ind. 12 vs notchCalculator().wl on spec test data
  ---
  duration_ms: 0.279601
  type: 'test'
  ...
# Subtest: AC-12: edited current value is honoured and the original pair is unaffected afterwards
ok 103 - AC-12: edited current value is honoured and the original pair is unaffected afterwards
  ---
  duration_ms: 0.09715
  type: 'test'
  ...
# Subtest: AC-12: interleaved calls in any order give identical results (no state)
ok 104 - AC-12: interleaved calls in any order give identical results (no state)
  ---
  duration_ms: 0.347738
  type: 'test'
  ...
# Subtest: AC-12: a failing call does not poison later calls
ok 105 - AC-12: a failing call does not poison later calls
  ---
  duration_ms: 0.169694
  type: 'test'
  ...
# Subtest: AC-12: signature takes exactly two parameters and ignores a third argument
ok 106 - AC-12: signature takes exactly two parameters and ignores a third argument
  ---
  duration_ms: 0.090689
  type: 'test'
  ...
# Subtest: AC-13: module exports exactly ['countryRatingChangeWl'] and no default export
ok 107 - AC-13: module exports exactly ['countryRatingChangeWl'] and no default export
  ---
  duration_ms: 0.802856
  type: 'test'
  ...
# Subtest: AC-13: the only import is notchChange from ../ratings/notch.mjs; no I/O modules
ok 108 - AC-13: the only import is notchChange from ../ratings/notch.mjs; no I/O modules
  ---
  duration_ms: 0.909691
  type: 'test'
  ...
# Subtest: AC-13: valid input returns a plain number, not a Promise: ('BBB+','BB+') === 2
ok 109 - AC-13: valid input returns a plain number, not a Promise: ('BBB+','BB+') === 2
  ---
  duration_ms: 0.189873
  type: 'test'
  ...
# Subtest: AC-13: invalid input throws synchronously (no rejected Promise)
ok 110 - AC-13: invalid input throws synchronously (no rejected Promise)
  ---
  duration_ms: 0.100342
  type: 'test'
  ...
# Subtest: AC-13: no console.log / console.error / console.warn output on valid or invalid input
ok 111 - AC-13: no console.log / console.error / console.warn output on valid or invalid input
  ---
  duration_ms: 0.655227
  type: 'test'
  ...
# Subtest: AC-13: calls write nothing to process.stdout / process.stderr
ok 112 - AC-13: calls write nothing to process.stdout / process.stderr
  ---
  duration_ms: 0.184823
  type: 'test'
  ...
# Subtest: AC-13: src/indicators/countryRating.mjs does not use notchCalculator (Ind. 13 thresholds)
ok 113 - AC-13: src/indicators/countryRating.mjs does not use notchCalculator (Ind. 13 thresholds)
  ---
  duration_ms: 0.182283
  type: 'test'
  ...
# Subtest: AC-14: package.json has no dependencies and no devDependencies
ok 114 - AC-14: package.json has no dependencies and no devDependencies
  ---
  duration_ms: 0.147772
  type: 'test'
  ...
# Subtest: AC-14: unit test files for both modules exist at the contract paths
ok 115 - AC-14: unit test files for both modules exist at the contract paths
  ---
  duration_ms: 0.78326
  type: 'test'
  ...
# Subtest: AC-1: RATING_SCALE deep-equals the 19-item list, length 19, frozen
ok 116 - AC-1: RATING_SCALE deep-equals the 19-item list, length 19, frozen
  ---
  duration_ms: 1.634225
  type: 'test'
  ...
# Subtest: AC-1: push and index assignment throw TypeError and leave RATING_SCALE unchanged
ok 117 - AC-1: push and index assignment throw TypeError and leave RATING_SCALE unchanged
  ---
  duration_ms: 0.635381
  type: 'test'
  ...
# Subtest: AC-2: notchChange returns index(current) - index(previous) for spec pairs
ok 118 - AC-2: notchChange returns index(current) - index(previous) for spec pairs
  ---
  duration_ms: 0.158974
  type: 'test'
  ...
# Subtest: AC-2: notchChange('A','A') is +0 (not -0)
ok 119 - AC-2: notchChange('A','A') is +0 (not -0)
  ---
  duration_ms: 0.123184
  type: 'test'
  ...
# Subtest: AC-2: all 361 pairs yield an integer in -18..18 equal to the index difference
ok 120 - AC-2: all 361 pairs yield an integer in -18..18 equal to the index difference
  ---
  duration_ms: 2.200704
  type: 'test'
  ...
# Subtest: AC-3: case and leading/trailing whitespace are tolerated in notchChange
ok 121 - AC-3: case and leading/trailing whitespace are tolerated in notchChange
  ---
  duration_ms: 0.177428
  type: 'test'
  ...
# Subtest: AC-3: unicode whitespace at either end (NBSP, U+2003) is trimmed
ok 122 - AC-3: unicode whitespace at either end (NBSP, U+2003) is trimmed
  ---
  duration_ms: 0.106592
  type: 'test'
  ...
# Subtest: AC-3: notchCalculator(' bBb+','bbb- ') deep-equals { notches: 2, downgrade, wl: 1 }
ok 123 - AC-3: notchCalculator(' bBb+','bbb- ') deep-equals { notches: 2, downgrade, wl: 1 }
  ---
  duration_ms: 0.232122
  type: 'test'
  ...
# Subtest: AC-4: notchChange throws RangeError (not TypeError) for 15 invalid values x 2 positions
ok 124 - AC-4: notchChange throws RangeError (not TypeError) for 15 invalid values x 2 positions
  ---
  duration_ms: 1.25713
  type: 'test'
  ...
# Subtest: AC-4: notchCalculator throws RangeError (not TypeError) for 15 invalid values x 2 positions
ok 125 - AC-4: notchCalculator throws RangeError (not TypeError) for 15 invalid values x 2 positions
  ---
  duration_ms: 0.79451
  type: 'test'
  ...
# Subtest: AC-4 edge: extra invalid inputs (boolean, String object, tabs/newline only, look-alike dashes, other notations)
ok 126 - AC-4 edge: extra invalid inputs (boolean, String object, tabs/newline only, look-alike dashes, other notations)
  ---
  duration_ms: 0.6312
  type: 'test'
  ...
# Subtest: AC-4 edge: both arguments invalid throws RangeError
ok 127 - AC-4 edge: both arguments invalid throws RangeError
  ---
  duration_ms: 0.149625
  type: 'test'
  ...
# Subtest: AC-5: notchCalculator('BBB+','BB+') is { 3, downgrade, wl 2 } with no extra keys
ok 128 - AC-5: notchCalculator('BBB+','BB+') is { 3, downgrade, wl 2 } with no extra keys
  ---
  duration_ms: 0.152522
  type: 'test'
  ...
# Subtest: AC-5: notchCalculator('BBB+','BBB-') is { 2, downgrade, wl 1 }
ok 129 - AC-5: notchCalculator('BBB+','BBB-') is { 2, downgrade, wl 1 }
  ---
  duration_ms: 0.078171
  type: 'test'
  ...
# Subtest: AC-6: downgrade thresholds
ok 130 - AC-6: downgrade thresholds
  ---
  duration_ms: 0.150976
  type: 'test'
  ...
# Subtest: AC-7: upgrades have negative notches, direction upgrade, wl 0
ok 131 - AC-7: upgrades have negative notches, direction upgrade, wl 0
  ---
  duration_ms: 0.073314
  type: 'test'
  ...
# Subtest: AC-8: same rating twice gives { 0, unchanged, 0 } with +0
ok 132 - AC-8: same rating twice gives { 0, unchanged, 0 } with +0
  ---
  duration_ms: 0.096696
  type: 'test'
  ...
# Subtest: AC-9: all 361 pairs - notches, direction and wl are consistent with notchChange
ok 133 - AC-9: all 361 pairs - notches, direction and wl are consistent with notchChange
  ---
  duration_ms: 5.414701
  type: 'test'
  ...
# Subtest: AC-13: module exports exactly RATING_SCALE, notchCalculator, notchChange; no default
ok 134 - AC-13: module exports exactly RATING_SCALE, notchCalculator, notchChange; no default
  ---
  duration_ms: 0.163992
  type: 'test'
  ...
# Subtest: AC-13: results are returned directly, not Promises
ok 135 - AC-13: results are returned directly, not Promises
  ---
  duration_ms: 0.129957
  type: 'test'
  ...
# Subtest: AC-13: console.log/error/warn are never called, for valid and invalid input
ok 136 - AC-13: console.log/error/warn are never called, for valid and invalid input
  ---
  duration_ms: 0.976015
  type: 'test'
  ...
# Subtest: AC-13: notch.mjs source has no import statements (no I/O modules)
ok 137 - AC-13: notch.mjs source has no import statements (no I/O modules)
  ---
  duration_ms: 0.46998
  type: 'test'
  ...
# Subtest: edge: repeated calls are stable and do not mutate RATING_SCALE or return shared objects
ok 138 - edge: repeated calls are stable and do not mutate RATING_SCALE or return shared objects
  ---
  duration_ms: 0.124092
  type: 'test'
  ...
# Subtest: RATING_SCALE has the 19 ratings, best first, and is frozen
ok 139 - RATING_SCALE has the 19 ratings, best first, and is frozen
  ---
  duration_ms: 1.716045
  type: 'test'
  ...
# Subtest: RATING_SCALE rejects mutation with TypeError and stays unchanged
ok 140 - RATING_SCALE rejects mutation with TypeError and stays unchanged
  ---
  duration_ms: 0.558726
  type: 'test'
  ...
# Subtest: notchChange returns index(current) - index(previous)
ok 141 - notchChange returns index(current) - index(previous)
  ---
  duration_ms: 0.239102
  type: 'test'
  ...
# Subtest: notchChange of the same rating is +0, not -0
ok 142 - notchChange of the same rating is +0, not -0
  ---
  duration_ms: 0.12044
  type: 'test'
  ...
# Subtest: notchChange gives an integer in -18..18 for all 361 pairs
ok 143 - notchChange gives an integer in -18..18 for all 361 pairs
  ---
  duration_ms: 0.66131
  type: 'test'
  ...
# Subtest: notchChange ignores case and leading/trailing whitespace
ok 144 - notchChange ignores case and leading/trailing whitespace
  ---
  duration_ms: 0.136563
  type: 'test'
  ...
# Subtest: notchCalculator ignores case and whitespace
ok 145 - notchCalculator ignores case and whitespace
  ---
  duration_ms: 0.2954
  type: 'test'
  ...
# Subtest: notchChange throws RangeError (never TypeError) for invalid previous
ok 146 - notchChange throws RangeError (never TypeError) for invalid previous
  ---
  duration_ms: 0.490411
  type: 'test'
  ...
# Subtest: notchChange throws RangeError (never TypeError) for invalid current
ok 147 - notchChange throws RangeError (never TypeError) for invalid current
  ---
  duration_ms: 1.517885
  type: 'test'
  ...
# Subtest: notchChange throws RangeError when both arguments are invalid
ok 148 - notchChange throws RangeError when both arguments are invalid
  ---
  duration_ms: 0.484936
  type: 'test'
  ...
# Subtest: notchChange error message names the argument and the bad value
ok 149 - notchChange error message names the argument and the bad value
  ---
  duration_ms: 0.380282
  type: 'test'
  ...
# Subtest: notchCalculator throws RangeError (never TypeError) for invalid previous
ok 150 - notchCalculator throws RangeError (never TypeError) for invalid previous
  ---
  duration_ms: 11.149553
  type: 'test'
  ...
# Subtest: notchCalculator throws RangeError (never TypeError) for invalid current
ok 151 - notchCalculator throws RangeError (never TypeError) for invalid current
  ---
  duration_ms: 0.277496
  type: 'test'
  ...
# Subtest: notchCalculator throws RangeError when both arguments are invalid
ok 152 - notchCalculator throws RangeError when both arguments are invalid
  ---
  duration_ms: 0.109028
  type: 'test'
  ...
# Subtest: notchCalculator error message names the argument and the bad value
ok 153 - notchCalculator error message names the argument and the bad value
  ---
  duration_ms: 0.080144
  type: 'test'
  ...
# Subtest: invalid input never surfaces as TypeError
ok 154 - invalid input never surfaces as TypeError
  ---
  duration_ms: 1.134444
  type: 'test'
  ...
# Subtest: notchCalculator BBB+ -> BB+ is 3 notches / WL 2 (C2) with exactly three keys
ok 155 - notchCalculator BBB+ -> BB+ is 3 notches / WL 2 (C2) with exactly three keys
  ---
  duration_ms: 4.285348
  type: 'test'
  ...
# Subtest: notchCalculator BBB+ -> BBB- is 2 notches / WL 1
ok 156 - notchCalculator BBB+ -> BBB- is 2 notches / WL 1
  ---
  duration_ms: 0.124816
  type: 'test'
  ...
# Subtest: notchCalculator downgrade thresholds
ok 157 - notchCalculator downgrade thresholds
  ---
  duration_ms: 0.161499
  type: 'test'
  ...
# Subtest: notchCalculator upgrades have WL 0
ok 158 - notchCalculator upgrades have WL 0
  ---
  duration_ms: 0.153281
  type: 'test'
  ...
# Subtest: notchCalculator unchanged is notches +0, WL 0
ok 159 - notchCalculator unchanged is notches +0, WL 0
  ---
  duration_ms: 0.077725
  type: 'test'
  ...
# Subtest: notchCalculator is consistent with notchChange for all 361 pairs
ok 160 - notchCalculator is consistent with notchChange for all 361 pairs
  ---
  duration_ms: 0.504913
  type: 'test'
  ...
# Subtest: module exports exactly RATING_SCALE, notchCalculator and notchChange
ok 161 - module exports exactly RATING_SCALE, notchCalculator and notchChange
  ---
  duration_ms: 0.1901
  type: 'test'
  ...
# Subtest: functions are synchronous and return plain values
ok 162 - functions are synchronous and return plain values
  ---
  duration_ms: 0.17953
  type: 'test'
  ...
# Subtest: functions do not write to the console
ok 163 - functions do not write to the console
  ---
  duration_ms: 0.504191
  type: 'test'
  ...
# Subtest: repeated calls are stable and do not alter RATING_SCALE
ok 164 - repeated calls are stable and do not alter RATING_SCALE
  ---
  duration_ms: 0.090693
  type: 'test'
  ...
# Subtest: source has no imports and no I/O or console use
ok 165 - source has no imports and no I/O or console use
  ---
  duration_ms: 0.524047
  type: 'test'
  ...
1..165
# tests 165
# suites 0
# pass 165
# fail 0
# cancelled 0
# skipped 0
# todo 0
# duration_ms 359.361009
