# gate: T-01  attempt: 2  2026-10-04T07:22:45Z
ok    on job/JOB-20261004-0714-repayment-delay-indicators-2-3--T-01
ok    working tree clean
ok    4 commit(s)
ok    all changes within scope ["src/indicators/daysWithDelay.mjs","test/indicators/daysWithDelay.test.mjs"] (+ QA tests ["test/integration/indicators/daysWithDelay.integration.test.mjs"])
ok    QA tests untouched by the dev
ok    no AI attribution in commits
----- verify: node --test test/indicators/daysWithDelay.test.mjs
TAP version 13
# Subtest: options list content, order, frozen
ok 1 - options list content, order, frozen
  ---
  duration_ms: 1.41297
  type: 'test'
  ...
# Subtest: WL per option
ok 2 - WL per option
  ---
  duration_ms: 0.24099
  type: 'test'
  ...
# Subtest: outer whitespace is trimmed
ok 3 - outer whitespace is trimmed
  ---
  duration_ms: 0.165587
  type: 'test'
  ...
# Subtest: invalid strings throw RangeError
ok 4 - invalid strings throw RangeError
  ---
  duration_ms: 0.700384
  type: 'test'
  ...
# Subtest: non-strings throw RangeError
ok 5 - non-strings throw RangeError
  ---
  duration_ms: 0.331333
  type: 'test'
  ...
# Subtest: round trip: every option gives integer WL 0..4
ok 6 - round trip: every option gives integer WL 0..4
  ---
  duration_ms: 0.209694
  type: 'test'
  ...
# Subtest: exact export names
ok 7 - exact export names
  ---
  duration_ms: 0.178464
  type: 'test'
  ...
1..7
# tests 7
# suites 0
# pass 7
# fail 0
# cancelled 0
# skipped 0
# todo 0
# duration_ms 121.639693
ok    verify passed
----- qa_verify (QA's integration/e2e tests): node --test test/integration/indicators/daysWithDelay.integration.test.mjs
TAP version 13
# Subtest: AC-1: options deep-equal the five dropdown values in order and are frozen
ok 1 - AC-1: options deep-equal the five dropdown values in order and are frozen
  ---
  duration_ms: 4.035983
  type: 'test'
  ...
# Subtest: AC-2: "no delay" and "<=3 days" both give WL 0
ok 2 - AC-2: "no delay" and "<=3 days" both give WL 0
  ---
  duration_ms: 0.174822
  type: 'test'
  ...
# Subtest: AC-3: ">3 days", ">60 days", ">90 days" give 2, 3, 4
ok 3 - AC-3: ">3 days", ">60 days", ">90 days" give 2, 3, 4
  ---
  duration_ms: 0.12613
  type: 'test'
  ...
# Subtest: AC-4: leading/trailing whitespace (space, tab, newline, NBSP) is trimmed
ok 4 - AC-4: leading/trailing whitespace (space, tab, newline, NBSP) is trimmed
  ---
  duration_ms: 0.106872
  type: 'test'
  ...
# Subtest: AC-5: invalid strings throw RangeError
ok 5 - AC-5: invalid strings throw RangeError
  ---
  duration_ms: 0.543113
  type: 'test'
  ...
# Subtest: AC-5: non-strings throw RangeError
ok 6 - AC-5: non-strings throw RangeError
  ---
  duration_ms: 0.257362
  type: 'test'
  ...
# Subtest: AC-10: every option yields an integer WL in 0..4 and none throws
ok 7 - AC-10: every option yields an integer WL in 0..4 and none throws
  ---
  duration_ms: 0.152963
  type: 'test'
  ...
# Subtest: AC-11: exact export names, no I/O or imports in module, no dependencies in package.json
ok 8 - AC-11: exact export names, no I/O or imports in module, no dependencies in package.json
  ---
  duration_ms: 222.768175
  type: 'test'
  ...
1..8
# tests 8
# suites 0
# pass 8
# fail 0
# cancelled 0
# skipped 0
# todo 0
# duration_ms 333.622703
ok    QA tests pass
