# qa_verify: node --test test/integration/indicators/daysWithDelay.integration.test.mjs
TAP version 13
# Subtest: AC-1: options deep-equal the five dropdown values in order and are frozen
ok 1 - AC-1: options deep-equal the five dropdown values in order and are frozen
  ---
  duration_ms: 6.817088
  type: 'test'
  ...
# Subtest: AC-2: "no delay" and "<=3 days" both give WL 0
ok 2 - AC-2: "no delay" and "<=3 days" both give WL 0
  ---
  duration_ms: 0.242829
  type: 'test'
  ...
# Subtest: AC-3: ">3 days", ">60 days", ">90 days" give 2, 3, 4
ok 3 - AC-3: ">3 days", ">60 days", ">90 days" give 2, 3, 4
  ---
  duration_ms: 0.168712
  type: 'test'
  ...
# Subtest: AC-4: leading/trailing whitespace (space, tab, newline, NBSP) is trimmed
ok 4 - AC-4: leading/trailing whitespace (space, tab, newline, NBSP) is trimmed
  ---
  duration_ms: 0.252868
  type: 'test'
  ...
# Subtest: AC-5: invalid strings throw RangeError
ok 5 - AC-5: invalid strings throw RangeError
  ---
  duration_ms: 0.763292
  type: 'test'
  ...
# Subtest: AC-5: non-strings throw RangeError
ok 6 - AC-5: non-strings throw RangeError
  ---
  duration_ms: 0.375061
  type: 'test'
  ...
# Subtest: AC-10: every option yields an integer WL in 0..4 and none throws
ok 7 - AC-10: every option yields an integer WL in 0..4 and none throws
  ---
  duration_ms: 0.230038
  type: 'test'
  ...
# Subtest: AC-11: exact export names, no I/O or imports in module, no dependencies in package.json
ok 8 - AC-11: exact export names, no I/O or imports in module, no dependencies in package.json
  ---
  duration_ms: 251.722311
  type: 'test'
  ...
1..8
# tests 8
# suites 0
# pass 8
# fail 0
# cancelled 0
# skipped 0
# todo 0
# duration_ms 430.015347
