# gate: T-01  attempt: 1  2026-10-04T07:20:19Z
ok    on job/JOB-20261004-0714-repayment-delay-indicators-2-3--T-01
ok    working tree clean
ok    1 commit(s)
ok    all changes within scope ["src/indicators/daysWithDelay.mjs","test/indicators/daysWithDelay.test.mjs"] (+ QA tests ["test/integration/indicators/daysWithDelay.integration.test.mjs"])
ok    QA tests untouched by the dev
ok    no AI attribution in commits
----- verify: node --test test/indicators/daysWithDelay.test.mjs
TAP version 13
# Subtest: options list content, order, frozen
ok 1 - options list content, order, frozen
  ---
  duration_ms: 1.606085
  type: 'test'
  ...
# Subtest: WL per option
ok 2 - WL per option
  ---
  duration_ms: 0.237926
  type: 'test'
  ...
# Subtest: outer whitespace is trimmed
ok 3 - outer whitespace is trimmed
  ---
  duration_ms: 0.159502
  type: 'test'
  ...
# Subtest: invalid strings throw RangeError
ok 4 - invalid strings throw RangeError
  ---
  duration_ms: 0.652705
  type: 'test'
  ...
# Subtest: non-strings throw RangeError
ok 5 - non-strings throw RangeError
  ---
  duration_ms: 0.31113
  type: 'test'
  ...
# Subtest: round trip: every option gives integer WL 0..4
ok 6 - round trip: every option gives integer WL 0..4
  ---
  duration_ms: 0.18427
  type: 'test'
  ...
# Subtest: exact export names
ok 7 - exact export names
  ---
  duration_ms: 0.175854
  type: 'test'
  ...
1..7
# tests 7
# suites 0
# pass 7
# fail 0
# cancelled 0
# skipped 0
# todo 0
# duration_ms 130.922925
ok    verify passed
