# qa_verify: node --test test/integration/indicators/delayCount.integration.test.mjs
TAP version 13
# Subtest: AC-6: options deep-equal ["0","1",">1"] in order and are frozen
ok 1 - AC-6: options deep-equal ["0","1",">1"] in order and are frozen
  ---
  duration_ms: 10.687512
  type: 'test'
  ...
# Subtest: AC-7: "0", "1", ">1" give 0, 1, 2
ok 2 - AC-7: "0", "1", ">1" give 0, 1, 2
  ---
  duration_ms: 0.192285
  type: 'test'
  ...
# Subtest: AC-8: leading/trailing whitespace (space, tab, newline, NBSP) is trimmed
ok 3 - AC-8: leading/trailing whitespace (space, tab, newline, NBSP) is trimmed
  ---
  duration_ms: 0.107873
  type: 'test'
  ...
# Subtest: AC-9: invalid strings throw RangeError
ok 4 - AC-9: invalid strings throw RangeError
  ---
  duration_ms: 0.482391
  type: 'test'
  ...
# Subtest: AC-9: non-strings (incl. numeric 0 and 1) throw RangeError
ok 5 - AC-9: non-strings (incl. numeric 0 and 1) throw RangeError
  ---
  duration_ms: 0.39212
  type: 'test'
  ...
# Subtest: AC-9: ">1 " with trailing space returns 2
ok 6 - AC-9: ">1 " with trailing space returns 2
  ---
  duration_ms: 0.181774
  type: 'test'
  ...
# Subtest: AC-10: every option yields an integer WL in 0..4 and none throws
ok 7 - AC-10: every option yields an integer WL in 0..4 and none throws
  ---
  duration_ms: 0.259976
  type: 'test'
  ...
# Subtest: AC-11: exact export names, no I/O or imports in module, no dependencies in package.json
ok 8 - AC-11: exact export names, no I/O or imports in module, no dependencies in package.json
  ---
  duration_ms: 125.809197
  type: 'test'
  ...
1..8
# tests 8
# suites 0
# pass 8
# fail 0
# cancelled 0
# skipped 0
# todo 0
# duration_ms 225.559947
