TAP version 13
# Subtest: options list content, order, frozen
ok 1 - options list content, order, frozen
  ---
  duration_ms: 1.927371
  type: 'test'
  ...
# Subtest: WL per option
ok 2 - WL per option
  ---
  duration_ms: 0.345121
  type: 'test'
  ...
# Subtest: outer whitespace is trimmed
ok 3 - outer whitespace is trimmed
  ---
  duration_ms: 0.172393
  type: 'test'
  ...
# Subtest: invalid strings throw RangeError
ok 4 - invalid strings throw RangeError
  ---
  duration_ms: 1.02429
  type: 'test'
  ...
# Subtest: non-strings throw RangeError
ok 5 - non-strings throw RangeError
  ---
  duration_ms: 0.385877
  type: 'test'
  ...
# Subtest: round trip: every option gives integer WL 0..4
ok 6 - round trip: every option gives integer WL 0..4
  ---
  duration_ms: 0.33506
  type: 'test'
  ...
# Subtest: exact export names
ok 7 - exact export names
  ---
  duration_ms: 0.278698
  type: 'test'
  ...
# Subtest: option list content, order and frozen
ok 8 - option list content, order and frozen
  ---
  duration_ms: 6.453736
  type: 'test'
  ...
# Subtest: WL per option
ok 9 - WL per option
  ---
  duration_ms: 0.321877
  type: 'test'
  ...
# Subtest: trims leading/trailing whitespace
ok 10 - trims leading/trailing whitespace
  ---
  duration_ms: 0.299879
  type: 'test'
  ...
# Subtest: invalid strings throw RangeError
ok 11 - invalid strings throw RangeError
  ---
  duration_ms: 2.171572
  type: 'test'
  ...
# Subtest: non-strings throw RangeError
ok 12 - non-strings throw RangeError
  ---
  duration_ms: 0.555706
  type: 'test'
  ...
# Subtest: round-trip: every option yields integer WL in 0..4
ok 13 - round-trip: every option yields integer WL in 0..4
  ---
  duration_ms: 0.199935
  type: 'test'
  ...
# Subtest: exact export names
ok 14 - exact export names
  ---
  duration_ms: 0.243361
  type: 'test'
  ...
# Subtest: AC-1: options deep-equal the five dropdown values in order and are frozen
ok 15 - AC-1: options deep-equal the five dropdown values in order and are frozen
  ---
  duration_ms: 11.918544
  type: 'test'
  ...
# Subtest: AC-2: "no delay" and "<=3 days" both give WL 0
ok 16 - AC-2: "no delay" and "<=3 days" both give WL 0
  ---
  duration_ms: 0.23777
  type: 'test'
  ...
# Subtest: AC-3: ">3 days", ">60 days", ">90 days" give 2, 3, 4
ok 17 - AC-3: ">3 days", ">60 days", ">90 days" give 2, 3, 4
  ---
  duration_ms: 0.130362
  type: 'test'
  ...
# Subtest: AC-4: leading/trailing whitespace (space, tab, newline, NBSP) is trimmed
ok 18 - AC-4: leading/trailing whitespace (space, tab, newline, NBSP) is trimmed
  ---
  duration_ms: 0.116626
  type: 'test'
  ...
# Subtest: AC-5: invalid strings throw RangeError
ok 19 - AC-5: invalid strings throw RangeError
  ---
  duration_ms: 0.618665
  type: 'test'
  ...
# Subtest: AC-5: non-strings throw RangeError
ok 20 - AC-5: non-strings throw RangeError
  ---
  duration_ms: 0.305269
  type: 'test'
  ...
# Subtest: AC-10: every option yields an integer WL in 0..4 and none throws
ok 21 - AC-10: every option yields an integer WL in 0..4 and none throws
  ---
  duration_ms: 0.177188
  type: 'test'
  ...
# Subtest: AC-11: exact export names, no I/O or imports in module, no dependencies in package.json
ok 22 - AC-11: exact export names, no I/O or imports in module, no dependencies in package.json
  ---
  duration_ms: 190.021621
  type: 'test'
  ...
# Subtest: AC-6: options deep-equal ["0","1",">1"] in order and are frozen
ok 23 - AC-6: options deep-equal ["0","1",">1"] in order and are frozen
  ---
  duration_ms: 3.685207
  type: 'test'
  ...
# Subtest: AC-7: "0", "1", ">1" give 0, 1, 2
ok 24 - AC-7: "0", "1", ">1" give 0, 1, 2
  ---
  duration_ms: 0.238292
  type: 'test'
  ...
# Subtest: AC-8: leading/trailing whitespace (space, tab, newline, NBSP) is trimmed
ok 25 - AC-8: leading/trailing whitespace (space, tab, newline, NBSP) is trimmed
  ---
  duration_ms: 1.053366
  type: 'test'
  ...
# Subtest: AC-9: invalid strings throw RangeError
ok 26 - AC-9: invalid strings throw RangeError
  ---
  duration_ms: 0.636718
  type: 'test'
  ...
# Subtest: AC-9: non-strings (incl. numeric 0 and 1) throw RangeError
ok 27 - AC-9: non-strings (incl. numeric 0 and 1) throw RangeError
  ---
  duration_ms: 0.48807
  type: 'test'
  ...
# Subtest: AC-9: ">1 " with trailing space returns 2
ok 28 - AC-9: ">1 " with trailing space returns 2
  ---
  duration_ms: 0.153848
  type: 'test'
  ...
# Subtest: AC-10: every option yields an integer WL in 0..4 and none throws
ok 29 - AC-10: every option yields an integer WL in 0..4 and none throws
  ---
  duration_ms: 0.347733
  type: 'test'
  ...
# Subtest: AC-11: exact export names, no I/O or imports in module, no dependencies in package.json
ok 30 - AC-11: exact export names, no I/O or imports in module, no dependencies in package.json
  ---
  duration_ms: 220.931399
  type: 'test'
  ...
1..30
# tests 30
# suites 0
# pass 30
# fail 0
# cancelled 0
# skipped 0
# todo 0
# duration_ms 482.649968
