# gate: T-01  attempt: 1  2026-10-04T18:06:58Z
ok    on job/JOB-20261004-1755-rating-notch-calculator-country--T-01
ok    working tree clean
ok    1 commit(s)
ok    all changes within scope ["src/ratings/**","test/ratings/**"] (+ QA tests ["test/integration/ratings/**"])
ok    QA tests untouched by the dev
ok    no AI attribution in commits
----- verify: node --test test/ratings/notch.test.mjs
TAP version 13
# Subtest: AC-1: RATING_SCALE holds the 19 ratings, best first, and is frozen
ok 1 - AC-1: RATING_SCALE holds the 19 ratings, best first, and is frozen
  ---
  duration_ms: 2.861613
  type: 'test'
  ...
# Subtest: AC-1: mutating RATING_SCALE throws TypeError and leaves it unchanged
ok 2 - AC-1: mutating RATING_SCALE throws TypeError and leaves it unchanged
  ---
  duration_ms: 0.621112
  type: 'test'
  ...
# Subtest: AC-2: notchChange returns index(current) - index(previous)
ok 3 - AC-2: notchChange returns index(current) - index(previous)
  ---
  duration_ms: 0.341685
  type: 'test'
  ...
# Subtest: AC-3: notchChange ignores case and leading/trailing whitespace
ok 4 - AC-3: notchChange ignores case and leading/trailing whitespace
  ---
  duration_ms: 0.126726
  type: 'test'
  ...
# Subtest: AC-4: notchChange throws RangeError for every invalid value in either position
ok 5 - AC-4: notchChange throws RangeError for every invalid value in either position
  ---
  duration_ms: 0.503267
  type: 'test'
  ...
# Subtest: AC-4: notchChange throws RangeError for NR, undefined and missing arguments
ok 6 - AC-4: notchChange throws RangeError for NR, undefined and missing arguments
  ---
  duration_ms: 0.168376
  type: 'test'
  ...
# Subtest: AC-4: error message contains the raw invalid string as passed
ok 7 - AC-4: error message contains the raw invalid string as passed
  ---
  duration_ms: 0.382789
  type: 'test'
  ...
# Subtest: AC-4: non-string input gives RangeError without a second error (symbols, arrays, objects)
ok 8 - AC-4: non-string input gives RangeError without a second error (symbols, arrays, objects)
  ---
  duration_ms: 0.248863
  type: 'test'
  ...
# Subtest: AC-5: notchCalculator maps downgrades of 2+ notches to WL 1 or 2
ok 9 - AC-5: notchCalculator maps downgrades of 2+ notches to WL 1 or 2
  ---
  duration_ms: 0.359697
  type: 'test'
  ...
# Subtest: AC-6: a 1-notch downgrade is WL 0
ok 10 - AC-6: a 1-notch downgrade is WL 0
  ---
  duration_ms: 0.481106
  type: 'test'
  ...
# Subtest: AC-7: upgrades and unchanged ratings are WL 0
ok 11 - AC-7: upgrades and unchanged ratings are WL 0
  ---
  duration_ms: 0.315222
  type: 'test'
  ...
# Subtest: AC-8: notchCalculator is consistent with notchChange for all 361 ordered pairs
ok 12 - AC-8: notchCalculator is consistent with notchChange for all 361 ordered pairs
  ---
  duration_ms: 2.199358
  type: 'test'
  ...
# Subtest: AC-9: notchCalculator normalises case and whitespace
ok 13 - AC-9: notchCalculator normalises case and whitespace
  ---
  duration_ms: 0.132954
  type: 'test'
  ...
# Subtest: AC-9: notchCalculator throws RangeError for every invalid value in either position
ok 14 - AC-9: notchCalculator throws RangeError for every invalid value in either position
  ---
  duration_ms: 0.416304
  type: 'test'
  ...
# Subtest: AC-15: arities are 2 and results are deterministic and fresh
ok 15 - AC-15: arities are 2 and results are deterministic and fresh
  ---
  duration_ms: 0.120231
  type: 'test'
  ...
# Subtest: AC-15: source is pure and package.json has no dependencies
ok 16 - AC-15: source is pure and package.json has no dependencies
  ---
  duration_ms: 0.479436
  type: 'test'
  ...
1..16
# tests 16
# suites 0
# pass 16
# fail 0
# cancelled 0
# skipped 0
# todo 0
# duration_ms 79.229534
ok    verify passed
