# qa_verify: node --test test/integration/ratings/*.test.mjs
TAP version 13
# Subtest: AC-1: RATING_SCALE is the frozen 19-step scale
ok 1 - AC-1: RATING_SCALE is the frozen 19-step scale
  ---
  duration_ms: 3.844463
  type: 'test'
  ...
# Subtest: AC-1: mutating RATING_SCALE throws TypeError in strict ESM and leaves it unchanged
ok 2 - AC-1: mutating RATING_SCALE throws TypeError in strict ESM and leaves it unchanged
  ---
  duration_ms: 1.02971
  type: 'test'
  ...
# Subtest: AC-2: notchChange returns index(current) - index(previous) for valid uppercase ratings
ok 3 - AC-2: notchChange returns index(current) - index(previous) for valid uppercase ratings
  ---
  duration_ms: 0.630783
  type: 'test'
  ...
# Subtest: AC-3: notchChange accepts case and surrounding whitespace differences
ok 4 - AC-3: notchChange accepts case and surrounding whitespace differences
  ---
  duration_ms: 0.282327
  type: 'test'
  ...
# Subtest: AC-4: every invalid value in either position throws RangeError (never TypeError)
ok 5 - AC-4: every invalid value in either position throws RangeError (never TypeError)
  ---
  duration_ms: 0.923605
  type: 'test'
  ...
# Subtest: AC-4: NR / undefined / missing arguments throw RangeError
ok 6 - AC-4: NR / undefined / missing arguments throw RangeError
  ---
  duration_ms: 0.235152
  type: 'test'
  ...
# Subtest: AC-4: error message contains the raw invalid string as passed
ok 7 - AC-4: error message contains the raw invalid string as passed
  ---
  duration_ms: 0.498751
  type: 'test'
  ...
# Subtest: AC-4: near-misses are rejected, not mapped, and internal whitespace is kept significant
ok 8 - AC-4: near-misses are rejected, not mapped, and internal whitespace is kept significant
  ---
  duration_ms: 0.16148
  type: 'test'
  ...
# Subtest: AC-5: downgrade of 2+ notches gives wl by threshold (corrected example: A -> BBB+ is 2 notches, wl 1)
ok 9 - AC-5: downgrade of 2+ notches gives wl by threshold (corrected example: A -> BBB+ is 2 notches, wl 1)
  ---
  duration_ms: 0.698389
  type: 'test'
  ...
# Subtest: AC-6: 1-notch downgrade gives wl 0
ok 10 - AC-6: 1-notch downgrade gives wl 0
  ---
  duration_ms: 0.437104
  type: 'test'
  ...
# Subtest: AC-7: upgrade or unchanged gives wl 0 with signed notches
ok 11 - AC-7: upgrade or unchanged gives wl 0 with signed notches
  ---
  duration_ms: 0.232868
  type: 'test'
  ...
# Subtest: AC-8: all 361 ordered pairs are consistent with notchChange, direction and WL thresholds
ok 12 - AC-8: all 361 ordered pairs are consistent with notchChange, direction and WL thresholds
  ---
  duration_ms: 2.548832
  type: 'test'
  ...
# Subtest: AC-9: notchCalculator accepts AC-3 style input
ok 13 - AC-9: notchCalculator accepts AC-3 style input
  ---
  duration_ms: 0.169742
  type: 'test'
  ...
# Subtest: AC-9: notchCalculator throws RangeError for every invalid value in either position and no arguments
ok 14 - AC-9: notchCalculator throws RangeError for every invalid value in either position and no arguments
  ---
  duration_ms: 0.408378
  type: 'test'
  ...
# Subtest: AC-15: arity and determinism
ok 15 - AC-15: arity and determinism
  ---
  duration_ms: 0.107125
  type: 'test'
  ...
# Subtest: AC-15: notch.mjs has no I/O or output and package.json has no dependencies
ok 16 - AC-15: notch.mjs has no I/O or output and package.json has no dependencies
  ---
  duration_ms: 0.663195
  type: 'test'
  ...
1..16
# tests 16
# suites 0
# pass 16
# fail 0
# cancelled 0
# skipped 0
# todo 0
# duration_ms 98.404663
