# gate: T-01  attempt: 2  2026-10-05T11:05:54Z
ok    on job/JOB-20261005-1056-rating-notch-change--T-01
ok    working tree clean
ok    2 commit(s)
ok    all changes within scope ["src/ratings/notch.mjs","test/ratings/notch.test.mjs"] (+ QA tests ["test/ratings/integration/**"])
FAIL  the dev changed a QA test (qa_scope belongs to the QA role): test/ratings/integration/notch.int.test.mjs
ok    no AI attribution in commits
----- verify: node --test test/ratings/notch.test.mjs
TAP version 13
# Subtest: AC-1 scale content, order, frozen
ok 1 - AC-1 scale content, order, frozen
  ---
  duration_ms: 3.118666
  type: 'test'
  ...
# Subtest: AC-2..4 REQ-06-02 examples
ok 2 - AC-2..4 REQ-06-02 examples
  ---
  duration_ms: 5.241952
  type: 'test'
  ...
# Subtest: AC-5 examples and antisymmetry
ok 3 - AC-5 examples and antisymmetry
  ---
  duration_ms: 0.504316
  type: 'test'
  ...
# Subtest: AC-6 exhaustive 19x19
ok 4 - AC-6 exhaustive 19x19
  ---
  duration_ms: 1.199579
  type: 'test'
  ...
# Subtest: AC-7 trim
ok 5 - AC-7 trim
  ---
  duration_ms: 0.448506
  type: 'test'
  ...
# Subtest: AC-8 case-insensitive
ok 6 - AC-8 case-insensitive
  ---
  duration_ms: 0.261257
  type: 'test'
  ...
# Subtest: AC-9 unknown ratings
ok 7 - AC-9 unknown ratings
  ---
  duration_ms: 1.435571
  type: 'test'
  ...
# Subtest: AC-10 empty and whitespace-only
ok 8 - AC-10 empty and whitespace-only
  ---
  duration_ms: 0.575533
  type: 'test'
  ...
# Subtest: AC-11 non-strings
ok 9 - AC-11 non-strings
  ---
  duration_ms: 0.970834
  type: 'test'
  ...
# Subtest: AC-12 valid+invalid and both invalid
ok 10 - AC-12 valid+invalid and both invalid
  ---
  duration_ms: 0.893198
  type: 'test'
  ...
# Subtest: AC-13 no output, exact exports
ok 11 - AC-13 no output, exact exports
  ---
  duration_ms: 0.646918
  type: 'test'
  ...
1..11
# tests 11
# suites 0
# pass 11
# fail 0
# cancelled 0
# skipped 0
# todo 0
# duration_ms 226.160704
ok    verify passed
