TAP version 13
# Subtest: AC-1: RATING_SCALE is the 19 ratings in order and frozen
ok 1 - AC-1: RATING_SCALE is the 19 ratings in order and frozen
  ---
  duration_ms: 12.732514
  type: 'test'
  ...
# Subtest: AC-2: BBB+ → BB+ is 3
ok 2 - AC-2: BBB+ → BB+ is 3
  ---
  duration_ms: 0.4501
  type: 'test'
  ...
# Subtest: AC-3: BB+ → BBB+ is -3
ok 3 - AC-3: BB+ → BBB+ is -3
  ---
  duration_ms: 0.160174
  type: 'test'
  ...
# Subtest: AC-4: A → A is 0 and not -0
ok 4 - AC-4: A → A is 0 and not -0
  ---
  duration_ms: 0.305124
  type: 'test'
  ...
# Subtest: AC-5: examples and antisymmetry
ok 5 - AC-5: examples and antisymmetry
  ---
  duration_ms: 0.334517
  type: 'test'
  ...
# Subtest: AC-6: all 361 pairs equal index(c) - index(p) and are integers
ok 6 - AC-6: all 361 pairs equal index(c) - index(p) and are integers
  ---
  duration_ms: 0.921176
  type: 'test'
  ...
# Subtest: AC-7: surrounding whitespace is trimmed
ok 7 - AC-7: surrounding whitespace is trimmed
  ---
  duration_ms: 0.156246
  type: 'test'
  ...
# Subtest: AC-8: case-insensitive
ok 8 - AC-8: case-insensitive
  ---
  duration_ms: 0.158433
  type: 'test'
  ...
# Subtest: AC-9: unknown rating strings throw RangeError in either position
ok 9 - AC-9: unknown rating strings throw RangeError in either position
  ---
  duration_ms: 0.90294
  type: 'test'
  ...
# Subtest: AC-10: empty and whitespace-only strings throw RangeError
ok 10 - AC-10: empty and whitespace-only strings throw RangeError
  ---
  duration_ms: 0.62333
  type: 'test'
  ...
# Subtest: AC-11: non-strings throw RangeError (never TypeError) in either position
ok 11 - AC-11: non-strings throw RangeError (never TypeError) in either position
  ---
  duration_ms: 4.823993
  type: 'test'
  ...
# Subtest: AC-12: valid+invalid in both orders and invalid+invalid throw, no number returned
ok 12 - AC-12: valid+invalid in both orders and invalid+invalid throw, no number returned
  ---
  duration_ms: 2.248711
  type: 'test'
  ...
# Subtest: AC-13: no stdout/stderr writes, exact exports, import has no side effects, package.json unchanged
ok 13 - AC-13: no stdout/stderr writes, exact exports, import has no side effects, package.json unchanged
  ---
  duration_ms: 191.369341
  type: 'test'
  ...
# Subtest: AC-1 scale content, order, frozen
ok 14 - AC-1 scale content, order, frozen
  ---
  duration_ms: 3.937435
  type: 'test'
  ...
# Subtest: AC-2..4 REQ-06-02 examples
ok 15 - AC-2..4 REQ-06-02 examples
  ---
  duration_ms: 4.828304
  type: 'test'
  ...
# Subtest: AC-5 examples and antisymmetry
ok 16 - AC-5 examples and antisymmetry
  ---
  duration_ms: 0.598964
  type: 'test'
  ...
# Subtest: AC-6 exhaustive 19x19
ok 17 - AC-6 exhaustive 19x19
  ---
  duration_ms: 1.59338
  type: 'test'
  ...
# Subtest: AC-7 trim
ok 18 - AC-7 trim
  ---
  duration_ms: 0.515305
  type: 'test'
  ...
# Subtest: AC-8 case-insensitive
ok 19 - AC-8 case-insensitive
  ---
  duration_ms: 0.36749
  type: 'test'
  ...
# Subtest: AC-9 unknown ratings
ok 20 - AC-9 unknown ratings
  ---
  duration_ms: 1.718061
  type: 'test'
  ...
# Subtest: AC-10 empty and whitespace-only
ok 21 - AC-10 empty and whitespace-only
  ---
  duration_ms: 0.67923
  type: 'test'
  ...
# Subtest: AC-11 non-strings
ok 22 - AC-11 non-strings
  ---
  duration_ms: 6.015826
  type: 'test'
  ...
# Subtest: AC-12 valid+invalid and both invalid
ok 23 - AC-12 valid+invalid and both invalid
  ---
  duration_ms: 1.938636
  type: 'test'
  ...
# Subtest: AC-13 no output, exact exports
ok 24 - AC-13 no output, exact exports
  ---
  duration_ms: 6.861288
  type: 'test'
  ...
1..24
# tests 24
# suites 0
# pass 24
# fail 0
# cancelled 0
# skipped 0
# todo 0
# duration_ms 381.63103
