# gate: T-01  attempt: 1  2026-10-03T10:53:49Z
ok    on job/JOB-20261003-1041-rating-notch-calculator-and-coun--T-01
ok    working tree clean
ok    1 commit(s)
ok    all changes within scope ["src/ratings/notch.mjs","test/ratings/**"] (+ QA tests ["test/integration/notch*.test.mjs"])
ok    QA tests untouched by the dev
ok    no AI attribution in commits
----- verify: node --test test/ratings/*.test.mjs
TAP version 13
# Subtest: AC-1 scale content
    # Subtest: is an array of 19 matching C1
    ok 1 - is an array of 19 matching C1
      ---
      duration_ms: 1.4601
      type: 'test'
      ...
    # Subtest: is frozen
    ok 2 - is frozen
      ---
      duration_ms: 0.156811
      type: 'test'
      ...
    1..2
ok 1 - AC-1 scale content
  ---
  duration_ms: 2.558759
  type: 'suite'
  ...
# Subtest: AC-3 notchChange
    # Subtest: equals j - i as an integer for all 361 pairs
    ok 1 - equals j - i as an integer for all 361 pairs
      ---
      duration_ms: 0.575516
      type: 'test'
      ...
    # Subtest: unchanged is +0, never -0
    ok 2 - unchanged is +0, never -0
      ---
      duration_ms: 0.238277
      type: 'test'
      ...
    # Subtest: boundary table N1-N11
    ok 3 - boundary table N1-N11
      ---
      duration_ms: 0.20217
      type: 'test'
      ...
    1..3
ok 2 - AC-3 notchChange
  ---
  duration_ms: 1.217312
  type: 'suite'
  ...
# Subtest: AC-4 trim and case
    # Subtest: notchChange examples
    ok 1 - notchChange examples
      ---
      duration_ms: 1.774402
      type: 'test'
      ...
    # Subtest: notchCalculator bbb+ vs BBB+ is unchanged
    ok 2 - notchCalculator bbb+ vs BBB+ is unchanged
      ---
      duration_ms: 0.32307
      type: 'test'
      ...
    # Subtest: every rating in either position with mixed case/padding gives 0
    ok 3 - every rating in either position with mixed case/padding gives 0
      ---
      duration_ms: 0.273946
      type: 'test'
      ...
    # Subtest: inner whitespace is not stripped
    ok 4 - inner whitespace is not stripped
      ---
      duration_ms: 0.499497
      type: 'test'
      ...
    1..4
ok 3 - AC-4 trim and case
  ---
  duration_ms: 7.455248
  type: 'suite'
  ...
# Subtest: AC-5 invalid input
    # Subtest: notchChange throws RangeError for each invalid value in every position
    ok 1 - notchChange throws RangeError for each invalid value in every position
      ---
      duration_ms: 1.262798
      type: 'test'
      ...
    # Subtest: notchChange throws RangeError for missing arguments
    ok 2 - notchChange throws RangeError for missing arguments
      ---
      duration_ms: 0.144839
      type: 'test'
      ...
    # Subtest: notchChange never throws a TypeError for invalid input
    ok 3 - notchChange never throws a TypeError for invalid input
      ---
      duration_ms: 1.076625
      type: 'test'
      ...
    # Subtest: notchCalculator throws RangeError for each invalid value in every position
    ok 4 - notchCalculator throws RangeError for each invalid value in every position
      ---
      duration_ms: 0.764582
      type: 'test'
      ...
    # Subtest: notchCalculator throws RangeError for missing arguments
    ok 5 - notchCalculator throws RangeError for missing arguments
      ---
      duration_ms: 0.069482
      type: 'test'
      ...
    # Subtest: notchCalculator never throws a TypeError for invalid input
    ok 6 - notchCalculator never throws a TypeError for invalid input
      ---
      duration_ms: 1.042145
      type: 'test'
      ...
    # Subtest: error message names the parameter
    ok 7 - error message names the parameter
      ---
      duration_ms: 0.170957
      type: 'test'
      ...
    1..7
ok 4 - AC-5 invalid input
  ---
  duration_ms: 4.797589
  type: 'suite'
  ...
# Subtest: AC-6 notchCalculator shape, sign and direction
    # Subtest: all 361 pairs
    ok 1 - all 361 pairs
      ---
      duration_ms: 2.372546
      type: 'test'
      ...
    # Subtest: example upgrade
    ok 2 - example upgrade
      ---
      duration_ms: 0.106184
      type: 'test'
      ...
    1..2
ok 5 - AC-6 notchCalculator shape, sign and direction
  ---
  duration_ms: 2.632244
  type: 'suite'
  ...
# Subtest: AC-7 downgrade WL (Indicator 13 thresholds)
    # Subtest: rows C1-C6
    ok 1 - rows C1-C6
      ---
      duration_ms: 0.124622
      type: 'test'
      ...
    # Subtest: all 361 pairs follow the thresholds, with totals
    ok 2 - all 361 pairs follow the thresholds, with totals
      ---
      duration_ms: 0.501646
      type: 'test'
      ...
    1..2
ok 6 - AC-7 downgrade WL (Indicator 13 thresholds)
  ---
  duration_ms: 0.710672
  type: 'suite'
  ...
# Subtest: AC-8 upgrade and unchanged give WL 0
    # Subtest: rows C7-C11
    ok 1 - rows C7-C11
      ---
      duration_ms: 0.144506
      type: 'test'
      ...
    # Subtest: no -0
    ok 2 - no -0
      ---
      duration_ms: 0.178049
      type: 'test'
      ...
    1..2
ok 7 - AC-8 upgrade and unchanged give WL 0
  ---
  duration_ms: 0.400631
  type: 'suite'
  ...
# Subtest: AC-9 corrected POC example
    # Subtest: BBB+ -> BB+ is 3 notches, WL 2
    ok 1 - BBB+ -> BB+ is 3 notches, WL 2
      ---
      duration_ms: 0.204487
      type: 'test'
      ...
    # Subtest: BBB+ -> BBB- is 2 notches, WL 1
    ok 2 - BBB+ -> BBB- is 2 notches, WL 1
      ---
      duration_ms: 0.080013
      type: 'test'
      ...
    1..2
ok 8 - AC-9 corrected POC example
  ---
  duration_ms: 0.357143
  type: 'suite'
  ...
# Subtest: AC-14 arity, determinism, fresh objects
    # Subtest: arity is 2
    ok 1 - arity is 2
      ---
      duration_ms: 0.098104
      type: 'test'
      ...
    # Subtest: deterministic
    ok 2 - deterministic
      ---
      duration_ms: 0.069048
      type: 'test'
      ...
    # Subtest: new object per call
    ok 3 - new object per call
      ---
      duration_ms: 0.066663
      type: 'test'
      ...
    1..3
ok 9 - AC-14 arity, determinism, fresh objects
  ---
  duration_ms: 0.32553
  type: 'suite'
  ...
# Subtest: AC-15 purity and layout
    # Subtest: no console/process/I-O usage or imports
    ok 1 - no console/process/I-O usage or imports
      ---
      duration_ms: 0.364223
      type: 'test'
      ...
    # Subtest: every .mjs under test/ratings ends in .test.mjs
    ok 2 - every .mjs under test/ratings ends in .test.mjs
      ---
      duration_ms: 0.367779
      type: 'test'
      ...
    1..2
ok 10 - AC-15 purity and layout
  ---
  duration_ms: 0.836831
  type: 'suite'
  ...
# Subtest: export surface
    # Subtest: exactly RATING_SCALE, notchCalculator, notchChange
    ok 1 - exactly RATING_SCALE, notchCalculator, notchChange
      ---
      duration_ms: 0.109598
      type: 'test'
      ...
    1..1
ok 11 - export surface
  ---
  duration_ms: 0.180597
  type: 'suite'
  ...
# Subtest: AC-2: RATING_SCALE is frozen and mutation attempts throw TypeError
ok 12 - AC-2: RATING_SCALE is frozen and mutation attempts throw TypeError
  ---
  duration_ms: 1.178233
  type: 'test'
  ...
# Subtest: AC-2: scale and notchChange are unchanged after the mutation attempts
ok 13 - AC-2: scale and notchChange are unchanged after the mutation attempts
  ---
  duration_ms: 0.773507
  type: 'test'
  ...
1..13
# tests 32
# suites 11
# pass 32
# fail 0
# cancelled 0
# skipped 0
# todo 0
# duration_ms 168.864435
ok    verify passed
