# gate: T-02  attempt: 1  2026-10-03T10:56:32Z
ok    on job/JOB-20261003-1041-rating-notch-calculator-and-coun--T-02
ok    working tree clean
ok    1 commit(s)
ok    all changes within scope ["src/indicators/countryRating.mjs","test/indicators/**"] (+ QA tests ["test/integration/countryRating*.test.mjs","test/integration/purity*.test.mjs"])
ok    QA tests untouched by the dev
ok    no AI attribution in commits
----- verify: node --test test/indicators/*.test.mjs
TAP version 13
# Subtest: AC-10 downgrade WL (rows I1-I5)
    # Subtest: I1: A -> A- gives 1
    ok 1 - I1: A -> A- gives 1
      ---
      duration_ms: 0.918378
      type: 'test'
      ...
    # Subtest: I2: CCC -> CCC- gives 1
    ok 2 - I2: CCC -> CCC- gives 1
      ---
      duration_ms: 0.145264
      type: 'test'
      ...
    # Subtest: I3: A -> BBB+ gives 2
    ok 3 - I3: A -> BBB+ gives 2
      ---
      duration_ms: 0.142448
      type: 'test'
      ...
    # Subtest: I4: A -> BBB gives 2
    ok 4 - I4: A -> BBB gives 2
      ---
      duration_ms: 0.101002
      type: 'test'
      ...
    # Subtest: I5: AAA -> CCC- gives 2
    ok 5 - I5: AAA -> CCC- gives 2
      ---
      duration_ms: 0.635528
      type: 'test'
      ...
    1..5
ok 1 - AC-10 downgrade WL (rows I1-I5)
  ---
  duration_ms: 3.178504
  type: 'suite'
  ...
# Subtest: AC-11 upgrade or unchanged gives 0 (rows I6-I10)
    # Subtest: I6: A- -> A gives +0
    ok 1 - I6: A- -> A gives +0
      ---
      duration_ms: 1.908477
      type: 'test'
      ...
    # Subtest: I7: BBB+ -> A gives +0
    ok 2 - I7: BBB+ -> A gives +0
      ---
      duration_ms: 0.176496
      type: 'test'
      ...
    # Subtest: I8: BBB -> A gives +0
    ok 3 - I8: BBB -> A gives +0
      ---
      duration_ms: 0.290464
      type: 'test'
      ...
    # Subtest: I9: CCC- -> AAA gives +0
    ok 4 - I9: CCC- -> AAA gives +0
      ---
      duration_ms: 0.248243
      type: 'test'
      ...
    # Subtest: I10: A -> A gives +0
    ok 5 - I10: A -> A gives +0
      ---
      duration_ms: 0.512728
      type: 'test'
      ...
    # Subtest: never returns -0 for any unchanged pair
    ok 6 - never returns -0 for any unchanged pair
      ---
      duration_ms: 0.228599
      type: 'test'
      ...
    1..6
ok 2 - AC-11 upgrade or unchanged gives 0 (rows I6-I10)
  ---
  duration_ms: 3.81938
  type: 'suite'
  ...
# Subtest: AC-12 deliberately differs from notchCalculator wl
    # Subtest: D1: BBB+ -> BBB indicator 1, calculator 0
    ok 1 - D1: BBB+ -> BBB indicator 1, calculator 0
      ---
      duration_ms: 0.19842
      type: 'test'
      ...
    # Subtest: D2: BBB+ -> BBB- indicator 2, calculator 1
    ok 2 - D2: BBB+ -> BBB- indicator 2, calculator 1
      ---
      duration_ms: 0.054581
      type: 'test'
      ...
    # Subtest: D3: BBB+ -> BB+ indicator 2, calculator 2
    ok 3 - D3: BBB+ -> BB+ indicator 2, calculator 2
      ---
      duration_ms: 0.048405
      type: 'test'
      ...
    # Subtest: D4: BBB -> BBB+ indicator 0, calculator 0
    ok 4 - D4: BBB -> BBB+ indicator 0, calculator 0
      ---
      duration_ms: 0.044157
      type: 'test'
      ...
    # Subtest: over 361 pairs they differ exactly when notches is 1 or 2
    ok 5 - over 361 pairs they differ exactly when notches is 1 or 2
      ---
      duration_ms: 0.613712
      type: 'test'
      ...
    1..5
ok 3 - AC-12 deliberately differs from notchCalculator wl
  ---
  duration_ms: 1.11122
  type: 'suite'
  ...
# Subtest: AC-13 built on notchChange
    # Subtest: equals n<=0?0:n===1?1:2 over all 361 pairs with expected totals
    ok 1 - equals n<=0?0:n===1?1:2 over all 361 pairs with expected totals
      ---
      duration_ms: 1.132988
      type: 'test'
      ...
    # Subtest: threshold boundaries n = -18, -1, 0, 1, 2, 18
    ok 2 - threshold boundaries n = -18, -1, 0, 1, 2, 18
      ---
      duration_ms: 0.099642
      type: 'test'
      ...
    # Subtest: source imports notchChange from ../ratings/notch.mjs
    ok 3 - source imports notchChange from ../ratings/notch.mjs
      ---
      duration_ms: 0.400131
      type: 'test'
      ...
    # Subtest: source has no single-quoted rating literals
    ok 4 - source has no single-quoted rating literals
      ---
      duration_ms: 0.758871
      type: 'test'
      ...
    # Subtest: source has no try/catch (errors propagate unchanged)
    ok 5 - source has no try/catch (errors propagate unchanged)
      ---
      duration_ms: 0.215254
      type: 'test'
      ...
    1..5
ok 4 - AC-13 built on notchChange
  ---
  duration_ms: 2.782126
  type: 'suite'
  ...
# Subtest: AC-4 trim and case
    # Subtest: T1 and friends
    ok 1 - T1 and friends
      ---
      duration_ms: 0.134786
      type: 'test'
      ...
    # Subtest: every rating is unchanged regardless of case and padding
    ok 2 - every rating is unchanged regardless of case and padding
      ---
      duration_ms: 0.143964
      type: 'test'
      ...
    1..2
ok 5 - AC-4 trim and case
  ---
  duration_ms: 0.44266
  type: 'suite'
  ...
# Subtest: AC-5 invalid input throws RangeError
    # Subtest: rejects "" in previous, current and both
    ok 1 - rejects "" in previous, current and both
      ---
      duration_ms: 0.796939
      type: 'test'
      ...
    # Subtest: rejects "   " in previous, current and both
    ok 2 - rejects "   " in previous, current and both
      ---
      duration_ms: 0.885696
      type: 'test'
      ...
    # Subtest: rejects "D" in previous, current and both
    ok 3 - rejects "D" in previous, current and both
      ---
      duration_ms: 0.899212
      type: 'test'
      ...
    # Subtest: rejects "SD" in previous, current and both
    ok 4 - rejects "SD" in previous, current and both
      ---
      duration_ms: 0.169713
      type: 'test'
      ...
    # Subtest: rejects "CC" in previous, current and both
    ok 5 - rejects "CC" in previous, current and both
      ---
      duration_ms: 0.161565
      type: 'test'
      ...
    # Subtest: rejects "C" in previous, current and both
    ok 6 - rejects "C" in previous, current and both
      ---
      duration_ms: 0.095476
      type: 'test'
      ...
    # Subtest: rejects "AAA-" in previous, current and both
    ok 7 - rejects "AAA-" in previous, current and both
      ---
      duration_ms: 0.068929
      type: 'test'
      ...
    # Subtest: rejects "A++" in previous, current and both
    ok 8 - rejects "A++" in previous, current and both
      ---
      duration_ms: 0.065045
      type: 'test'
      ...
    # Subtest: rejects "BBB++" in previous, current and both
    ok 9 - rejects "BBB++" in previous, current and both
      ---
      duration_ms: 0.065175
      type: 'test'
      ...
    # Subtest: rejects "BBB +" in previous, current and both
    ok 10 - rejects "BBB +" in previous, current and both
      ---
      duration_ms: 0.069842
      type: 'test'
      ...
    # Subtest: rejects "B B B+" in previous, current and both
    ok 11 - rejects "B B B+" in previous, current and both
      ---
      duration_ms: 0.064496
      type: 'test'
      ...
    # Subtest: rejects "Baa1" in previous, current and both
    ok 12 - rejects "Baa1" in previous, current and both
      ---
      duration_ms: 0.115782
      type: 'test'
      ...
    # Subtest: rejects "BBB−" in previous, current and both
    ok 13 - rejects "BBB−" in previous, current and both
      ---
      duration_ms: 0.149373
      type: 'test'
      ...
    # Subtest: rejects "BBB+ (neg)" in previous, current and both
    ok 14 - rejects "BBB+ (neg)" in previous, current and both
      ---
      duration_ms: 0.140788
      type: 'test'
      ...
    # Subtest: rejects null in previous, current and both
    ok 15 - rejects null in previous, current and both
      ---
      duration_ms: 0.094384
      type: 'test'
      ...
    # Subtest: rejects undefined in previous, current and both
    ok 16 - rejects undefined in previous, current and both
      ---
      duration_ms: 0.079764
      type: 'test'
      ...
    # Subtest: rejects 7 in previous, current and both
    ok 17 - rejects 7 in previous, current and both
      ---
      duration_ms: 0.108327
      type: 'test'
      ...
    # Subtest: rejects 0 in previous, current and both
    ok 18 - rejects 0 in previous, current and both
      ---
      duration_ms: 0.080413
      type: 'test'
      ...
    # Subtest: rejects null in previous, current and both
    ok 19 - rejects null in previous, current and both
      ---
      duration_ms: 0.074075
      type: 'test'
      ...
    # Subtest: rejects true in previous, current and both
    ok 20 - rejects true in previous, current and both
      ---
      duration_ms: 0.064912
      type: 'test'
      ...
    # Subtest: rejects {} in previous, current and both
    ok 21 - rejects {} in previous, current and both
      ---
      duration_ms: 0.072191
      type: 'test'
      ...
    # Subtest: rejects ["BBB+"] in previous, current and both
    ok 22 - rejects ["BBB+"] in previous, current and both
      ---
      duration_ms: 0.140093
      type: 'test'
      ...
    # Subtest: rejects {} in previous, current and both
    ok 23 - rejects {} in previous, current and both
      ---
      duration_ms: 0.077225
      type: 'test'
      ...
    # Subtest: rejects Symbol(A) in previous, current and both
    ok 24 - rejects Symbol(A) in previous, current and both
      ---
      duration_ms: 0.070893
      type: 'test'
      ...
    # Subtest: rejects 10 in previous, current and both
    ok 25 - rejects 10 in previous, current and both
      ---
      duration_ms: 0.063884
      type: 'test'
      ...
    # Subtest: rejects {} in previous, current and both
    ok 26 - rejects {} in previous, current and both
      ---
      duration_ms: 0.812951
      type: 'test'
      ...
    # Subtest: rejects "A" in previous, current and both
    ok 27 - rejects "A" in previous, current and both
      ---
      duration_ms: 0.093191
      type: 'test'
      ...
    # Subtest: never throws TypeError
    ok 28 - never throws TypeError
      ---
      duration_ms: 1.176141
      type: 'test'
      ...
    # Subtest: missing arguments throw RangeError
    ok 29 - missing arguments throw RangeError
      ---
      duration_ms: 0.134021
      type: 'test'
      ...
    # Subtest: the error is the one notchChange throws (no wrapping)
    ok 30 - the error is the one notchChange throws (no wrapping)
      ---
      duration_ms: 0.264254
      type: 'test'
      ...
    1..30
ok 6 - AC-5 invalid input throws RangeError
  ---
  duration_ms: 7.913742
  type: 'suite'
  ...
# Subtest: AC-14 only the passed ratings matter
    # Subtest: edited value A -> A- gives 1; unedited A -> A gives 0
    ok 1 - edited value A -> A- gives 1; unedited A -> A gives 0
      ---
      duration_ms: 0.134968
      type: 'test'
      ...
    # Subtest: arity is exactly 2
    ok 2 - arity is exactly 2
      ---
      duration_ms: 0.07068
      type: 'test'
      ...
    # Subtest: repeatable
    ok 3 - repeatable
      ---
      duration_ms: 0.08003
      type: 'test'
      ...
    1..3
ok 7 - AC-14 only the passed ratings matter
  ---
  duration_ms: 0.39218
  type: 'suite'
  ...
# Subtest: contract
    # Subtest: only export is countryRatingChangeWl
    ok 1 - only export is countryRatingChangeWl
      ---
      duration_ms: 0.106439
      type: 'test'
      ...
    1..1
ok 8 - contract
  ---
  duration_ms: 0.168288
  type: 'suite'
  ...
1..8
# tests 57
# suites 8
# pass 57
# fail 0
# cancelled 0
# skipped 0
# todo 0
# duration_ms 278.802844
ok    verify passed
